digraph G{
"Init_99" [label="" style="invis" width="0px" height="0px"];
"Node_106" [label="Shc(Y~u,Y!free,PTB!EGFR@Y1172)"];
"Node_105" [label="Shc(Y~p,Y!Grb2@SH2,PTB!free)"];
"Node_103" [label="Shc(Y~p,Y!free,PTB!free)"];
"Node_102" [label="Shc(Y~p,Y!Grb2@SH2,PTB!EGFR@Y1172)"];
"Node_100" [label="Shc(Y~p,Y!free,PTB!EGFR@Y1172)"];
"Node_99" [label="Shc(Y~u,Y!free,PTB!free)"];
"Node_103" -> "Node_99" [label="rule 19: uY@Shc"];
"Node_100" -> "Node_106" [label="rule 19: uY@Shc"];
"Node_106" -> "Node_100" [label="rule 18: pY@Shc"];
"Node_106" -> "Node_99" [label="rule 9: R/Shc"];
"Node_102" -> "Node_105" [label="rule 9: R/Shc"];
"Node_100" -> "Node_103" [label="rule 9: R/Shc"];
"Node_99" -> "Node_106" [label="rule 8: R.Shc"];
"Node_105" -> "Node_102" [label="rule 8: R.Shc"];
"Node_103" -> "Node_100" [label="rule 8: R.Shc"];
"Node_105" -> "Node_103" [label="rule 5: Shc/Grb2"];
"Node_102" -> "Node_100" [label="rule 5: Shc/Grb2"];
"Node_103" -> "Node_105" [label="rule 4: Shc.Grb2"];
"Node_100" -> "Node_102" [label="rule 4: Shc.Grb2"];
"Init_99" -> "Node_99" [label=""];
}
