Parsing ../dimer.ka...
done
Compiling...
Generating the raw contact map...
Generating the raw influence map...
Refining the influence map...
Reachability analysis...

------------------------------------------------------------
* There are some non applyable rules
------------------------------------------------------------
rule obs (File "../dimer.ka", line 13, characters 5-39:) will never be applied.
------------------------------------------------------------
every agent may occur in the model

------------------------------------------------------------
* Non relational properties:
------------------------------------------------------------
E(x?) => [ E(x) v E(x!x.R) ]
R(c?) => [ R(c) v R(c!c.R) ]
R(n?) => [ R(n) v R(n!cr.R) ]
R(cr?) => [ R(cr) v R(cr!n.R) ]
R(x?) => [ R(x) v R(x!x.E) ]

------------------------------------------------------------
* Relational properties:
------------------------------------------------------------
R() =>
   [
	  R(c,cr,n,x!x.E)
	v R(c!c.R,cr!n.R,n,x!x.E)
	v R(c!c.R,cr,n,x!x.E)
	v R(c!c.R,cr,n!cr.R,x!x.E)
	v R(c,cr,n,x)
   ]
------------------------------------------------------------
* Properties in connected agents
------------------------------------------------------------
R(c!1),R(c!1) => 
	[
		  R(c!1,cr!n.R),R(c!1,cr)
		v R(c!1,cr),R(c!1,cr)
		v R(c!1,cr),R(c!1,cr!n.R)
	]
R(c!1),R(c!1) => 
	[
		  R(c!1,n!cr.R),R(c!1,n)
		v R(c!1,n),R(c!1,n)
		v R(c!1,n),R(c!1,n!cr.R)
	]
------------------------------------------------------------
* Properties of pairs of bonds
------------------------------------------------------------
R(c!c.R,cr!n.R) => R(c!1,cr!2),R(c!1,n!2)
R(c!c.R,n!cr.R) => R(c!1,n!2),R(c!1,cr!2)
------------------------------------------------------------
* Properties of counters
------------------------------------------------------------
execution finished without any exception
