digraph G{
"Init_25" [label="" style="invis" width="0px" height="0px"];
"Node_34" [label="R(xx.E,cc.R,cr,ncr.R)"];
"Node_31" [label="R(xx.E,cc.R,crn.R,n)"];
"Node_28" [label="R(xx.E,cc.R,cr,n)"];
"Node_26" [label="R(xx.E,c,cr,n)"];
"Node_25" [label="R(x,c,cr,n)"];
"Node_34" -> "Node_28" [label="R/int"];
"Node_31" -> "Node_28" [label="R/int"];
"Node_28" -> "Node_34" [label="R.int"];
"Node_28" -> "Node_31" [label="R.int"];
"Node_28" -> "Node_26" [label="R/R"];
"Node_28" -> "Node_26" [label="R/R"];
"Node_26" -> "Node_28" [label="R.R"];
"Node_26" -> "Node_28" [label="R.R"];
"Node_26" -> "Node_25" [label="E/R"];
"Node_25" -> "Node_26" [label="E.R"];
"Init_25" -> "Node_25" [label=""];
}
