Parsing tokens.ka...
done
+ simulation parameters
+ Sanity checks
+ Compiling...
+ Building initial simulation conditions...
	 -variable declarations
	 -rules
	 -interventions
	 -observables
	 -update_domain construction
	 1 (sub)observables 0 navigation steps
	 -initial conditions
+ Building initial state (0 agents)
Done
+ Command line to rerun is: 'KaSim' 'tokens.ka' '-seed' '580151237' '--compile' '-d' 'output' '-l' '0' '-syntax' '4'
