Environment:
  Signatures:
    A(x,y)
  Tokens: 
  Alg_expr:
    
  Plot: 
  Rules:
    0: 0: /*cc1*/ A/*1*/(x), 1: /*cc1*/ A/*1*/(x)
      -- A/*1*//*1*/.x = ⊥, A/*1*//*0*/.x = ⊥
      ++ A/*1*//*1*/.x = A/*1*//*0*/.x @1
    1: 0: /*cc7*/ A/*1*/(x!1, y), A/*2*/(x!1, y)
      -- A/*2*//*0*/.y = ⊥, A/*1*//*0*/.y = ⊥
      ++ A/*2*//*0*/.y = A/*1*//*0*/.y @1
    2: 0: /*cc8*/ A/*1*/(x!1, y!2), A/*2*/(x!1, y!2)
      -- A/*2*//*0*/.y = A/*1*//*0*/.y, A/*2*//*0*/.x = A/*1*//*0*/.x
      ++ A/*2*//*0*/.y = A/*1*//*0*/.x, A/*2*//*0*/.x = A/*1*//*0*/.y @1
    3: 0: /*cc3*/ A/*1*/(x!1), A/*2*/(y!1) -- A/*2*//*0*/.y = A/*1*//*0*/.x
      ++ A/*2*//*0*/.y = ⊥, A/*1*//*0*/.x = ⊥ @1
  Perturbations:
    /*0*/%mod: [true] do $TRACK A(x!1), A(y!1) [true]
Domain:
  /*cc0*/  -> ()
  /*cc1*/ A/*1*/(x) [rate_of_rule [0]] -> ()
  /*cc2*/ A/*1*/(x!1), A/*2*/(x!1)
    -> (-2_y-⊥->-1_y-⊥->() 7 -2_y-1_y->() 8)
  /*cc3*/ A/*1*/(x!1), A/*2*/(y!1) [rate_of_rule [3] perturbation [-1]] -> ()
  /*cc4*/ A/*1*/(x!1, y!1) -> ()
  /*cc5*/ A/*1*/(y) -> (-1_x-!A-2_x->-2_y-⊥->(1->2, 2->1) 7)
  /*cc6*/ A/*1*/(y!1), A/*2*/(y!1) -> (-2_x-1_x->() 8)
  /*cc7*/ A/*1*/(x!1, y), A/*2*/(x!1, y) [rate_of_rule [1]] -> ()
  /*cc8*/ A/*1*/(x!1, y!2), A/*2*/(x!1, y!2) [rate_of_rule [2]] -> ()
Intial graph;
  %init: 8 A(x, y)
  
File "link_swapping_strong3.ka", line 5, characters 15-16:
Warning: rule induces a link permutation on site 'x' of agent 'A'
File "link_swapping_strong3.ka", line 5, characters 40-41:
Warning: rule induces a link permutation on site 'y' of agent 'A'
File "link_swapping_strong3.ka", line 5, characters 19-20:
Warning: rule induces a link permutation on site 'y' of agent 'A'
File "link_swapping_strong3.ka", line 5, characters 44-45:
Warning: rule induces a link permutation on site 'x' of agent 'A'
Warning: Environment.to_json is partial
**BLACKBOARD**
24 wires, 50 events
*wires:*
0
*wires 0: 
* 0:
test:/eid:-1/action: Undefined * 1:
?(test:Undefined/eid:0/action:Present)  * 2:
?(test:Present/eid:8/action:)  * 3:
?(test:Present/eid:15/action:)  * 4:
?(test:Present/eid:18/action:)  * 5:
?(test:Present/eid:19/action:)  * 6:
?(test:Present/eid:20/action:)  * 7:
?(test:Present/eid:22/action:)  * 8:
?(test:Present/eid:30/action:)  * 9:
?(test:Present/eid:31/action:)  * 10:
?(test:Present/eid:38/action:)  * 11:
?(test:Present/eid:40/action:)  * 12:
?(test:Present/eid:41/action:)  * 13:
?(test:Present/eid:42/action:)  * 14:
?(test:Present/eid:43/action:)  * 15:
test:/eid:-1/action:  
1
*wires 1: 
* 0:
test:/eid:-1/action: Undefined * 1:
?(test:Undefined/eid:0/action:Free)  * 2:
?(test:Free/eid:8/action:Bound(16,5(0)@0))  * 3:
?(test:Bound(16,5(0)@0)/eid:15/action:)  * 4:
?(test:Bound(16,5(0)@0)/eid:18/action:Bound(17,5(0)@1))  * 5:
?(test:Bound(17,5(0)@1)/eid:20/action:)  * 6:
?(test:Bound(17,5(0)@1)/eid:22/action:Free)  * 7:
?(test:Free/eid:31/action:Bound(22,7(0)@0))  * 8:
?(test:Bound(22,7(0)@0)/eid:38/action:)  * 9:
?(test:Bound(22,7(0)@0)/eid:40/action:Bound(23,7(0)@1))  * 10:
?(test:Bound(23,7(0)@1)/eid:42/action:)  * 11:
test:/eid:-1/action:  
2
*wires 2: 
* 0:
test:/eid:-1/action: Undefined * 1:
?(test:Undefined/eid:0/action:Free)  * 2:
?(test:Free/eid:15/action:Bound(17,5(0)@1))  * 3:
?(test:Bound(17,5(0)@1)/eid:18/action:Bound(16,5(0)@0))  * 4:
?(test:Bound(16,5(0)@0)/eid:19/action:)  * 5:
?(test:Bound(16,5(0)@0)/eid:30/action:Free)  * 6:
?(test:Free/eid:38/action:Bound(23,7(0)@1))  * 7:
?(test:Bound(23,7(0)@1)/eid:40/action:Bound(22,7(0)@0))  * 8:
?(test:Bound(22,7(0)@0)/eid:41/action:)  * 9:
?(test:Bound(22,7(0)@0)/eid:43/action:Free)  * 10:
test:/eid:-1/action:  
3
*wires 3: 
* 0:
test:/eid:-1/action: Undefined * 1:
?(test:Undefined/eid:1/action:Present)  * 2:
?(test:Present/eid:16/action:)  * 3:
?(test:Present/eid:21/action:)  * 4:
?(test:Present/eid:27/action:)  * 5:
?(test:Present/eid:28/action:)  * 6:
?(test:Present/eid:29/action:)  * 7:
?(test:Present/eid:35/action:)  * 8:
?(test:Present/eid:44/action:)  * 9:
?(test:Present/eid:46/action:)  * 10:
test:/eid:-1/action:  
4
*wires 4: 
* 0:
test:/eid:-1/action: Undefined * 1:
?(test:Undefined/eid:1/action:Free)  * 2:
?(test:Free/eid:16/action:Bound(7,2(0)@0))  * 3:
?(test:Bound(7,2(0)@0)/eid:21/action:)  * 4:
?(test:Bound(7,2(0)@0)/eid:27/action:Bound(8,2(0)@1))  * 5:
?(test:Bound(8,2(0)@1)/eid:29/action:)  * 6:
?(test:Bound(8,2(0)@1)/eid:44/action:Free)  * 7:
?(test:Free/eid:46/action:Bound(22,7(0)@0))  * 8:
test:/eid:-1/action:  
5
*wires 5: 
* 0:
test:/eid:-1/action: Undefined * 1:
?(test:Undefined/eid:1/action:Free)  * 2:
?(test:Free/eid:21/action:Bound(8,2(0)@1))  * 3:
?(test:Bound(8,2(0)@1)/eid:27/action:Bound(7,2(0)@0))  * 4:
?(test:Bound(7,2(0)@0)/eid:28/action:)  * 5:
?(test:Bound(7,2(0)@0)/eid:35/action:Free)  * 6:
test:/eid:-1/action:  
6
*wires 6: 
* 0:
test:/eid:-1/action: Undefined * 1:
?(test:Undefined/eid:2/action:Present)  * 2:
?(test:Present/eid:16/action:)  * 3:
?(test:Present/eid:21/action:)  * 4:
?(test:Present/eid:27/action:)  * 5:
?(test:Present/eid:28/action:)  * 6:
?(test:Present/eid:29/action:)  * 7:
?(test:Present/eid:35/action:)  * 8:
?(test:Present/eid:36/action:)  * 9:
?(test:Present/eid:44/action:)  * 10:
?(test:Present/eid:45/action:)  * 11:
test:/eid:-1/action:  
7
*wires 7: 
* 0:
test:/eid:-1/action: Undefined * 1:
?(test:Undefined/eid:2/action:Free)  * 2:
?(test:Free/eid:16/action:Bound(4,1(0)@0))  * 3:
?(test:Bound(4,1(0)@0)/eid:21/action:)  * 4:
?(test:Bound(4,1(0)@0)/eid:27/action:Bound(5,1(0)@1))  * 5:
?(test:Bound(5,1(0)@1)/eid:28/action:)  * 6:
?(test:Bound(5,1(0)@1)/eid:35/action:Free)  * 7:
?(test:Free/eid:36/action:Bound(13,4(0)@0))  * 8:
?(test:Bound(13,4(0)@0)/eid:45/action:)  * 9:
test:/eid:-1/action:  
8
*wires 8: 
* 0:
test:/eid:-1/action: Undefined * 1:
?(test:Undefined/eid:2/action:Free)  * 2:
?(test:Free/eid:21/action:Bound(5,1(0)@1))  * 3:
?(test:Bound(5,1(0)@1)/eid:27/action:Bound(4,1(0)@0))  * 4:
?(test:Bound(4,1(0)@0)/eid:29/action:)  * 5:
?(test:Bound(4,1(0)@0)/eid:44/action:Free)  * 6:
?(test:Free/eid:45/action:Bound(14,4(0)@1))  * 7:
test:/eid:-1/action:  
9
*wires 9: 
* 0:
test:/eid:-1/action: Undefined * 1:
?(test:Undefined/eid:3/action:Present)  * 2:
?(test:Present/eid:11/action:)  * 3:
?(test:Present/eid:23/action:)  * 4:
?(test:Present/eid:24/action:)  * 5:
?(test:Present/eid:25/action:)  * 6:
?(test:Present/eid:26/action:)  * 7:
?(test:Present/eid:33/action:)  * 8:
?(test:Present/eid:37/action:)  * 9:
test:/eid:-1/action:  
10
*wires 10: 
* 0:
test:/eid:-1/action: Undefined * 1:
?(test:Undefined/eid:3/action:Free)  * 2:
?(test:Free/eid:11/action:Bound(19,6(0)@0))  * 3:
?(test:Bound(19,6(0)@0)/eid:23/action:)  * 4:
?(test:Bound(19,6(0)@0)/eid:24/action:Bound(20,6(0)@1))  * 5:
?(test:Bound(20,6(0)@1)/eid:25/action:)  * 6:
?(test:Bound(20,6(0)@1)/eid:37/action:Free)  * 7:
test:/eid:-1/action:  
11
*wires 11: 
* 0:
test:/eid:-1/action: Undefined * 1:
?(test:Undefined/eid:3/action:Free)  * 2:
?(test:Free/eid:23/action:Bound(20,6(0)@1))  * 3:
?(test:Bound(20,6(0)@1)/eid:24/action:Bound(19,6(0)@0))  * 4:
?(test:Bound(19,6(0)@0)/eid:26/action:)  * 5:
?(test:Bound(19,6(0)@0)/eid:33/action:Free)  * 6:
test:/eid:-1/action:  
12
*wires 12: 
* 0:
test:/eid:-1/action: Undefined * 1:
?(test:Undefined/eid:4/action:Present)  * 2:
?(test:Present/eid:9/action:)  * 3:
?(test:Present/eid:10/action:)  * 4:
?(test:Present/eid:12/action:)  * 5:
?(test:Present/eid:13/action:)  * 6:
?(test:Present/eid:14/action:)  * 7:
?(test:Present/eid:17/action:)  * 8:
?(test:Present/eid:32/action:)  * 9:
?(test:Present/eid:36/action:)  * 10:
?(test:Present/eid:45/action:)  * 11:
test:/eid:-1/action:  
13
*wires 13: 
* 0:
test:/eid:-1/action: Undefined * 1:
?(test:Undefined/eid:4/action:Free)  * 2:
?(test:Free/eid:9/action:Bound(22,7(0)@0))  * 3:
?(test:Bound(22,7(0)@0)/eid:10/action:)  * 4:
?(test:Bound(22,7(0)@0)/eid:12/action:Bound(23,7(0)@1))  * 5:
?(test:Bound(23,7(0)@1)/eid:13/action:)  * 6:
?(test:Bound(23,7(0)@1)/eid:32/action:Free)  * 7:
?(test:Free/eid:36/action:Bound(7,2(0)@0))  * 8:
?(test:Bound(7,2(0)@0)/eid:45/action:)  * 9:
test:/eid:-1/action:  
14
*wires 14: 
* 0:
test:/eid:-1/action: Undefined * 1:
?(test:Undefined/eid:4/action:Free)  * 2:
?(test:Free/eid:10/action:Bound(23,7(0)@1))  * 3:
?(test:Bound(23,7(0)@1)/eid:12/action:Bound(22,7(0)@0))  * 4:
?(test:Bound(22,7(0)@0)/eid:14/action:)  * 5:
?(test:Bound(22,7(0)@0)/eid:17/action:Free)  * 6:
?(test:Free/eid:45/action:Bound(8,2(0)@1))  * 7:
test:/eid:-1/action:  
15
*wires 15: 
* 0:
test:/eid:-1/action: Undefined * 1:
?(test:Undefined/eid:5/action:Present)  * 2:
?(test:Present/eid:8/action:)  * 3:
?(test:Present/eid:15/action:)  * 4:
?(test:Present/eid:18/action:)  * 5:
?(test:Present/eid:19/action:)  * 6:
?(test:Present/eid:20/action:)  * 7:
?(test:Present/eid:22/action:)  * 8:
?(test:Present/eid:30/action:)  * 9:
?(test:Present/eid:34/action:)  * 10:
?(test:Present/eid:39/action:)  * 11:
?(test:Present/eid:47/action:)  * 12:
?(test:Present/eid:48/action:)  * 13:
?(test:Present/eid:49/action:)  * 14:
test:/eid:-1/action:  
16
*wires 16: 
* 0:
test:/eid:-1/action: Undefined * 1:
?(test:Undefined/eid:5/action:Free)  * 2:
?(test:Free/eid:8/action:Bound(1,0(0)@0))  * 3:
?(test:Bound(1,0(0)@0)/eid:15/action:)  * 4:
?(test:Bound(1,0(0)@0)/eid:18/action:Bound(2,0(0)@1))  * 5:
?(test:Bound(2,0(0)@1)/eid:19/action:)  * 6:
?(test:Bound(2,0(0)@1)/eid:30/action:Free)  * 7:
?(test:Free/eid:34/action:Bound(19,6(0)@0))  * 8:
?(test:Bound(19,6(0)@0)/eid:39/action:)  * 9:
?(test:Bound(19,6(0)@0)/eid:47/action:Bound(20,6(0)@1))  * 10:
?(test:Bound(20,6(0)@1)/eid:49/action:)  * 11:
test:/eid:-1/action:  
17
*wires 17: 
* 0:
test:/eid:-1/action: Undefined * 1:
?(test:Undefined/eid:5/action:Free)  * 2:
?(test:Free/eid:15/action:Bound(2,0(0)@1))  * 3:
?(test:Bound(2,0(0)@1)/eid:18/action:Bound(1,0(0)@0))  * 4:
?(test:Bound(1,0(0)@0)/eid:20/action:)  * 5:
?(test:Bound(1,0(0)@0)/eid:22/action:Free)  * 6:
?(test:Free/eid:39/action:Bound(20,6(0)@1))  * 7:
?(test:Bound(20,6(0)@1)/eid:47/action:Bound(19,6(0)@0))  * 8:
?(test:Bound(19,6(0)@0)/eid:48/action:)  * 9:
test:/eid:-1/action:  
18
*wires 18: 
* 0:
test:/eid:-1/action: Undefined * 1:
?(test:Undefined/eid:6/action:Present)  * 2:
?(test:Present/eid:11/action:)  * 3:
?(test:Present/eid:23/action:)  * 4:
?(test:Present/eid:24/action:)  * 5:
?(test:Present/eid:25/action:)  * 6:
?(test:Present/eid:26/action:)  * 7:
?(test:Present/eid:33/action:)  * 8:
?(test:Present/eid:34/action:)  * 9:
?(test:Present/eid:37/action:)  * 10:
?(test:Present/eid:39/action:)  * 11:
?(test:Present/eid:47/action:)  * 12:
?(test:Present/eid:48/action:)  * 13:
?(test:Present/eid:49/action:)  * 14:
test:/eid:-1/action:  
19
*wires 19: 
* 0:
test:/eid:-1/action: Undefined * 1:
?(test:Undefined/eid:6/action:Free)  * 2:
?(test:Free/eid:11/action:Bound(10,3(0)@0))  * 3:
?(test:Bound(10,3(0)@0)/eid:23/action:)  * 4:
?(test:Bound(10,3(0)@0)/eid:24/action:Bound(11,3(0)@1))  * 5:
?(test:Bound(11,3(0)@1)/eid:26/action:)  * 6:
?(test:Bound(11,3(0)@1)/eid:33/action:Free)  * 7:
?(test:Free/eid:34/action:Bound(16,5(0)@0))  * 8:
?(test:Bound(16,5(0)@0)/eid:39/action:)  * 9:
?(test:Bound(16,5(0)@0)/eid:47/action:Bound(17,5(0)@1))  * 10:
?(test:Bound(17,5(0)@1)/eid:48/action:)  * 11:
test:/eid:-1/action:  
20
*wires 20: 
* 0:
test:/eid:-1/action: Undefined * 1:
?(test:Undefined/eid:6/action:Free)  * 2:
?(test:Free/eid:23/action:Bound(11,3(0)@1))  * 3:
?(test:Bound(11,3(0)@1)/eid:24/action:Bound(10,3(0)@0))  * 4:
?(test:Bound(10,3(0)@0)/eid:25/action:)  * 5:
?(test:Bound(10,3(0)@0)/eid:37/action:Free)  * 6:
?(test:Free/eid:39/action:Bound(17,5(0)@1))  * 7:
?(test:Bound(17,5(0)@1)/eid:47/action:Bound(16,5(0)@0))  * 8:
?(test:Bound(16,5(0)@0)/eid:49/action:)  * 9:
test:/eid:-1/action:  
21
*wires 21: 
* 0:
test:/eid:-1/action: Undefined * 1:
?(test:Undefined/eid:7/action:Present)  * 2:
?(test:Present/eid:9/action:)  * 3:
?(test:Present/eid:10/action:)  * 4:
?(test:Present/eid:12/action:)  * 5:
?(test:Present/eid:13/action:)  * 6:
?(test:Present/eid:14/action:)  * 7:
?(test:Present/eid:17/action:)  * 8:
?(test:Present/eid:31/action:)  * 9:
?(test:Present/eid:32/action:)  * 10:
?(test:Present/eid:38/action:)  * 11:
?(test:Present/eid:40/action:)  * 12:
?(test:Present/eid:41/action:)  * 13:
?(test:Present/eid:42/action:)  * 14:
?(test:Present/eid:43/action:)  * 15:
?(test:Present/eid:46/action:)  * 16:
test:/eid:-1/action:  
22
*wires 22: 
* 0:
test:/eid:-1/action: Undefined * 1:
?(test:Undefined/eid:7/action:Free)  * 2:
?(test:Free/eid:9/action:Bound(13,4(0)@0))  * 3:
?(test:Bound(13,4(0)@0)/eid:10/action:)  * 4:
?(test:Bound(13,4(0)@0)/eid:12/action:Bound(14,4(0)@1))  * 5:
?(test:Bound(14,4(0)@1)/eid:14/action:)  * 6:
?(test:Bound(14,4(0)@1)/eid:17/action:Free)  * 7:
?(test:Free/eid:31/action:Bound(1,0(0)@0))  * 8:
?(test:Bound(1,0(0)@0)/eid:38/action:)  * 9:
?(test:Bound(1,0(0)@0)/eid:40/action:Bound(2,0(0)@1))  * 10:
?(test:Bound(2,0(0)@1)/eid:41/action:)  * 11:
?(test:Bound(2,0(0)@1)/eid:43/action:Free)  * 12:
?(test:Free/eid:46/action:Bound(4,1(0)@0))  * 13:
test:/eid:-1/action:  
23
*wires 23: 
* 0:
test:/eid:-1/action: Undefined * 1:
?(test:Undefined/eid:7/action:Free)  * 2:
?(test:Free/eid:10/action:Bound(14,4(0)@1))  * 3:
?(test:Bound(14,4(0)@1)/eid:12/action:Bound(13,4(0)@0))  * 4:
?(test:Bound(13,4(0)@0)/eid:13/action:)  * 5:
?(test:Bound(13,4(0)@0)/eid:32/action:Free)  * 6:
?(test:Free/eid:38/action:Bound(2,0(0)@1))  * 7:
?(test:Bound(2,0(0)@1)/eid:40/action:Bound(1,0(0)@0))  * 8:
?(test:Bound(1,0(0)@0)/eid:42/action:)  * 9:
test:/eid:-1/action:  
*stacks*

*selected_events*
*unsolved_events*
 50
*weight of predicate_id*
 0:14
 1:10
 2:9
 3:9
 4:7
 5:5
 6:10
 7:8
 8:6
 9:8
 10:6
 11:5
 12:10
 13:8
 14:6
 15:13
 16:10
 17:8
 18:13
 19:10
 20:8
 21:15
 22:12
 23:8
 24:0
 25:0
 26:0
 27:0
 28:0
 29:0
 30:0
 31:0
*weight of predicate_id_by_level* Level:highest
 0:14
 1:10
 2:9
 3:9
 4:7
 5:5
 6:10
 7:8
 8:6
 9:8
 10:6
 11:5
 12:10
 13:8
 14:6
 15:13
 16:10
 17:8
 18:13
 19:10
 20:8
 21:15
 22:12
 23:8
 24:0
 25:0
 26:0
 27:0
 28:0
 29:0
 30:0
 31:0
 Level:high
 Level:above average
 Level:average
 Level:bellow average
 Level:low
 Level:lowest
**
