Parsing relations.ka...
done
Compiling...
Generating the raw contact map...
Generating the raw influence map...
Refining the influence map...
Reachability analysis...

Reachability analysis result ....

------------------------------------------------------------
* Dead rule :
------------------------------------------------------------

Reachability analysis result ....

------------------------------------------------------------
* Cartesian decomposition:
------------------------------------------------------------
In agent A: 
	when the state of the site z~ is equal to p, then:
		+ the state of the site x~is always p.
		+ the state of the site y~is always p.

------------------------------------------------------------
* Cartesian abstraction:
------------------------------------------------------------
The state of the site x~ in agent A ranges over u and p.
The state of the site y~ in agent A ranges over u and p.
The state of the site z~ in agent A ranges over u and p.
execution finished without any exception
