_____(1)
A(x{b}[.] y[3/*x.A*/]), A(x[1/*y.A*/]), A(x[3/*y.A*/] y[1/*x.A*/])
_____(1)
A(x[./1]), A(y[./1])
_____(1)
A(x[1/*y.A*//.]), A(y[1/*x.A*//.])
_____(1)
A(x{a/b}[1/*y.A*//.]), A(y[1/*x.A*//.])
_____(1)
A(x{#}[1/*y.A*/] y[2/*x.A*/])-, A(x{#}[2/*y.A*/] y[1/*x.A*/])-
_____(1)
A(x[1/*y.A*/] y[#/3]), A(x[2/*y.A*/] y[1/*x.A*/]), A(x{b}[./3] y[2/*x.A*/])
_____(1)
A(y[1/*x.A*/]), A(x{a}[1/*y.A*/])
Environment:
  %agent: A(x{a b}[y.A] y[x.A])
  
  %var:/*0*/ 'tourne' |A(x{b}[.] y[1]), A(x[1] y[2]), A(x[2])|
  %plot: [T]
  %plot: |A(x{a}[1]), A(y[1])|
  
  'colle' A(x[./1]), A(y[./1]) @ 1
  'colle_op' A(x[1/.]), A(y[1/.]) @ 1
  'monte' A(x{a/b}[1/.]), A(y[1/.]) @ 1
  'detruit' A(x{#}[1] y[2])-, A(x{#}[2] y[1])- @ 1
  'boucle' A(x[1] y[#/3]), A(x[2] y[1]), A(x{b}[./3] y[2]) @ 1
  
  Rules:
    0: (ast: 1) 0: /*cc2*/ A/*1*/(x[.]), 1: /*cc3*/ A/*1*/(y[.])
      -- A/*1*//*1*/.y = ⊥, A/*1*//*0*/.x = ⊥
      ++ A/*1*//*1*/.y = A/*1*//*0*/.x @1
    1: (ast: 2) 0: /*cc4*/ A/*1*/(x[1]), A/*2*/(y[1])
      -- A/*2*//*0*/.y = A/*1*//*0*/.x
      ++ A/*2*//*0*/.y = ⊥, A/*1*//*0*/.x = ⊥ @1
    2: (ast: 3) 0: /*cc5*/ A/*1*/(x{a}[1]), A/*2*/(y[1])
      -- A/*2*//*0*/.y = A/*1*//*0*/.x, A/*1*//*0*/.x~ =
      ++ A/*2*//*0*/.y = ⊥, A/*1*//*0*/.x = ⊥, A/*1*//*0*/.x{b} = @1
    3: (ast: 4) 0: /*cc6*/ A/*1*/(x[1] y[2]), A/*2*/(x[2] y[1])
      -- A/*2*//*0*/.y = A/*1*//*0*/.x, A/*2*//*0*/.x = A/*1*//*0*/.y,
         A/*2*//*0*/.x~ =, A/*2*//*0*/, A/*1*//*0*/.x~ =, A/*1*//*0*/
      ++  @1
    4: (ast: 5)
      0: /*cc1*/ A/*1*/(x{b}[.] y[1]), A/*2*/(x[1] y[2]), A/*3*/(x[2])
      -- A/*1*//*0*/.x = ⊥, A/*3*//*0*/.y = ???
      ++ A/*1*//*0*/.x = A/*3*//*0*/.y @1
Polymers:
  A.x-y.
Domain:
  /*cc0*/  -> ()
  /*cc1*/ A/*1*/(x{b}[.] y[1]), A/*2*/(x[1] y[2]), A/*3*/(x[2])
    [algebraic variable [0] rate_of_rule [4]] -> ()
  /*cc2*/ A/*1*/(x[.]) [rate_of_rule [0]]
    -> (-1(y[x.!A-2])->-2(y[x.!A-3])->-1(x{b})->() 1)
  /*cc3*/ A/*1*/(y[.]) [rate_of_rule [0]] -> ()
  /*cc4*/ A/*1*/(x[1]), A/*2*/(y[1]) [rate_of_rule [1]]
    -> (-2(x[y.!A-3])->-3(x[.])->-3(x{b})->(1->3, 3->1) 1
       -1(y[x.!A-3])->-2(x[.])->-2(x{b})->(1->2, 2->1) 1 -2(x[y.1])->() 6
       -1(x{a})->() 5)
  /*cc5*/ A/*1*/(x{a}[1]), A/*2*/(y[1]) [rate_of_rule [2]] -> ()
  /*cc6*/ A/*1*/(x[1] y[2]), A/*2*/(x[2] y[1]) [rate_of_rule [3]] -> ()
  /*cc7*/ A/*1*/(x{a}) -> (-1(x[y.!A-2])->() 5)
  /*cc8*/ A/*1*/(x{b}) -> (-1(y[x.!A-2])->-2(y[x.!A-3])->-1(x[.])->() 1)
  /*cc9*/ A/*1*/(x[1] y[1]) -> ()
Intial graph;
  
  
