+ Command line is: 'KaSim' '-e' '120' '-d' 'output' 'clashing_instances.ka' '-seed' '923639563' '--debug'
Parsing clashing_instances.ka...
done
+ Initialized random number generator with seed 923639563
+ Building initial simulation conditions...
+ Compiling...
	 -simulation parameters
	 -agent signatures
	 -sanity checks
	 -KaSa tools initialization
+ Compute the contact map
	 -variable declarations
	 -rules
	 -perturbations
	 -observables
	 -initial conditions
On roots: 
On roots: 
On roots: 
On roots: 
On roots: 
On roots: 
On roots: 
On roots: 
On roots: 
On roots: 
On roots: 
On roots: 
On roots: 
On roots: 
On roots: 
On roots: 
On roots: 
On roots: 
On roots: 
On roots: 
On roots: 
On roots: 
On roots: 
On roots: 
On roots: 
On roots: 
On roots: 
On roots: 
On roots: 
On roots: 
On roots: 
On roots: 
On roots: 
On roots: 
On roots: 
On roots: 
On roots: 
On roots: 
On roots: 
On roots: 
On roots: 
On roots: 
On roots: 
On roots: 
On roots: 
On roots: 
On roots: 
On roots: 
On roots: 
On roots: 
On roots: 
On roots: 
On roots: 
On roots: 
On roots: 
On roots: 
On roots: 
On roots: 
On roots: 
On roots: 
On roots: 
On roots: 
On roots: 
On roots: 
On roots: 
On roots: 
On roots: 
On roots: 
On roots: 
On roots: 
On roots: 
On roots: 
On roots: 
On roots: 
On roots: 
On roots: 
On roots: 
On roots: 
On roots: 
On roots: 
On roots: 
On roots: 
On roots: 
On roots: 
On roots: 
On roots: 
On roots: 
On roots: 
On roots: 
On roots: 
On roots: 
On roots: 
On roots: 
On roots: 
On roots: 
On roots: 
On roots: 
On roots: 
On roots: 
On roots: 
Rule rule has now 10000 instances.
	 Done
Applied 0:
0: /*cc1*/ A/*1*/(), 1: /*cc2*/ A/*1*/(x) -- A/*1*//*1*/.x = ⊥, A/*1*//*1*/
++  @1
On roots: 50 9
Rule rule has now 9801 instances.
Obtained
%init: 99 A(x)

____________________________________________________________
Applied 0:
0: /*cc1*/ A/*1*/(), 1: /*cc2*/ A/*1*/(x) -- A/*1*//*1*/.x = ⊥, A/*1*//*1*/
++  @1
On roots: 35 34
Rule rule has now 9604 instances.
Obtained
%init: 98 A(x)

#Applied 0:
0: /*cc1*/ A/*1*/(), 1: /*cc2*/ A/*1*/(x) -- A/*1*//*1*/.x = ⊥, A/*1*//*1*/
++  @1
On roots: 81 91
Rule rule has now 9409 instances.
Obtained
%init: 97 A(x)

Applied 0:
0: /*cc1*/ A/*1*/(), 1: /*cc2*/ A/*1*/(x) -- A/*1*//*1*/.x = ⊥, A/*1*//*1*/
++  @1
On roots: 30 5
Rule rule has now 9216 instances.
Obtained
%init: 96 A(x)

#Applied 0:
0: /*cc1*/ A/*1*/(), 1: /*cc2*/ A/*1*/(x) -- A/*1*//*1*/.x = ⊥, A/*1*//*1*/
++  @1
On roots: 20 98
Rule rule has now 9025 instances.
Obtained
%init: 95 A(x)

Applied 0:
0: /*cc1*/ A/*1*/(), 1: /*cc2*/ A/*1*/(x) -- A/*1*//*1*/.x = ⊥, A/*1*//*1*/
++  @1
On roots: 15 4
Rule rule has now 8836 instances.
Obtained
%init: 94 A(x)

#Applied 0:
0: /*cc1*/ A/*1*/(), 1: /*cc2*/ A/*1*/(x) -- A/*1*//*1*/.x = ⊥, A/*1*//*1*/
++  @1
On roots: 20 44
Rule rule has now 8649 instances.
Obtained
%init: 93 A(x)

Applied 0:
0: /*cc1*/ A/*1*/(), 1: /*cc2*/ A/*1*/(x) -- A/*1*//*1*/.x = ⊥, A/*1*//*1*/
++  @1
On roots: 27 57
Rule rule has now 8464 instances.
Obtained
%init: 92 A(x)

#Applied 0:
0: /*cc1*/ A/*1*/(), 1: /*cc2*/ A/*1*/(x) -- A/*1*//*1*/.x = ⊥, A/*1*//*1*/
++  @1
On roots: 32 25
Rule rule has now 8281 instances.
Obtained
%init: 91 A(x)

Applied 0:
0: /*cc1*/ A/*1*/(), 1: /*cc2*/ A/*1*/(x) -- A/*1*//*1*/.x = ⊥, A/*1*//*1*/
++  @1
On roots: 12 27
Rule rule has now 8100 instances.
Obtained
%init: 90 A(x)

#Applied 0:
0: /*cc1*/ A/*1*/(), 1: /*cc2*/ A/*1*/(x) -- A/*1*//*1*/.x = ⊥, A/*1*//*1*/
++  @1
On roots: 7 99
Rule rule has now 7921 instances.
Obtained
%init: 89 A(x)

Applied 0:
0: /*cc1*/ A/*1*/(), 1: /*cc2*/ A/*1*/(x) -- A/*1*//*1*/.x = ⊥, A/*1*//*1*/
++  @1
On roots: 3 3
Applied 0:
0: /*cc1*/ A/*1*/(), 1: /*cc2*/ A/*1*/(x) -- A/*1*//*1*/.x = ⊥, A/*1*//*1*/
++  @1
On roots: 65 86
Rule rule has now 7744 instances.
Obtained
%init: 88 A(x)

#Applied 0:
0: /*cc1*/ A/*1*/(), 1: /*cc2*/ A/*1*/(x) -- A/*1*//*1*/.x = ⊥, A/*1*//*1*/
++  @1
On roots: 19 51
Rule rule has now 7569 instances.
Obtained
%init: 87 A(x)

Applied 0:
0: /*cc1*/ A/*1*/(), 1: /*cc2*/ A/*1*/(x) -- A/*1*//*1*/.x = ⊥, A/*1*//*1*/
++  @1
On roots: 73 54
Rule rule has now 7396 instances.
Obtained
%init: 86 A(x)

#Applied 0:
0: /*cc1*/ A/*1*/(), 1: /*cc2*/ A/*1*/(x) -- A/*1*//*1*/.x = ⊥, A/*1*//*1*/
++  @1
On roots: 31 67
Rule rule has now 7225 instances.
Obtained
%init: 85 A(x)

Applied 0:
0: /*cc1*/ A/*1*/(), 1: /*cc2*/ A/*1*/(x) -- A/*1*//*1*/.x = ⊥, A/*1*//*1*/
++  @1
On roots: 52 56
Rule rule has now 7056 instances.
Obtained
%init: 84 A(x)

#Applied 0:
0: /*cc1*/ A/*1*/(), 1: /*cc2*/ A/*1*/(x) -- A/*1*//*1*/.x = ⊥, A/*1*//*1*/
++  @1
On roots: 97 41
Rule rule has now 6889 instances.
Obtained
%init: 83 A(x)

Applied 0:
0: /*cc1*/ A/*1*/(), 1: /*cc2*/ A/*1*/(x) -- A/*1*//*1*/.x = ⊥, A/*1*//*1*/
++  @1
On roots: 68 42
Rule rule has now 6724 instances.
Obtained
%init: 82 A(x)

#Applied 0:
0: /*cc1*/ A/*1*/(), 1: /*cc2*/ A/*1*/(x) -- A/*1*//*1*/.x = ⊥, A/*1*//*1*/
++  @1
On roots: 20 96
Rule rule has now 6561 instances.
Obtained
%init: 81 A(x)

Applied 0:
0: /*cc1*/ A/*1*/(), 1: /*cc2*/ A/*1*/(x) -- A/*1*//*1*/.x = ⊥, A/*1*//*1*/
++  @1
On roots: 15 36
Rule rule has now 6400 instances.
Obtained
%init: 80 A(x)

#Applied 0:
0: /*cc1*/ A/*1*/(), 1: /*cc2*/ A/*1*/(x) -- A/*1*//*1*/.x = ⊥, A/*1*//*1*/
++  @1
On roots: 94 72
Rule rule has now 6241 instances.
Obtained
%init: 79 A(x)

Applied 0:
0: /*cc1*/ A/*1*/(), 1: /*cc2*/ A/*1*/(x) -- A/*1*//*1*/.x = ⊥, A/*1*//*1*/
++  @1
On roots: 60 26
Rule rule has now 6084 instances.
Obtained
%init: 78 A(x)

#Applied 0:
0: /*cc1*/ A/*1*/(), 1: /*cc2*/ A/*1*/(x) -- A/*1*//*1*/.x = ⊥, A/*1*//*1*/
++  @1
On roots: 90 92
Rule rule has now 5929 instances.
Obtained
%init: 77 A(x)

Applied 0:
0: /*cc1*/ A/*1*/(), 1: /*cc2*/ A/*1*/(x) -- A/*1*//*1*/.x = ⊥, A/*1*//*1*/
++  @1
On roots: 33 82
Rule rule has now 5776 instances.
Obtained
%init: 76 A(x)

#Applied 0:
0: /*cc1*/ A/*1*/(), 1: /*cc2*/ A/*1*/(x) -- A/*1*//*1*/.x = ⊥, A/*1*//*1*/
++  @1
On roots: 3 88
Rule rule has now 5625 instances.
Obtained
%init: 75 A(x)

Applied 0:
0: /*cc1*/ A/*1*/(), 1: /*cc2*/ A/*1*/(x) -- A/*1*//*1*/.x = ⊥, A/*1*//*1*/
++  @1
On roots: 11 59
Rule rule has now 5476 instances.
Obtained
%init: 74 A(x)

#Applied 0:
0: /*cc1*/ A/*1*/(), 1: /*cc2*/ A/*1*/(x) -- A/*1*//*1*/.x = ⊥, A/*1*//*1*/
++  @1
On roots: 30 13
Rule rule has now 5329 instances.
Obtained
%init: 73 A(x)

Applied 0:
0: /*cc1*/ A/*1*/(), 1: /*cc2*/ A/*1*/(x) -- A/*1*//*1*/.x = ⊥, A/*1*//*1*/
++  @1
On roots: 64 31
Rule rule has now 5184 instances.
Obtained
%init: 72 A(x)

#Applied 0:
0: /*cc1*/ A/*1*/(), 1: /*cc2*/ A/*1*/(x) -- A/*1*//*1*/.x = ⊥, A/*1*//*1*/
++  @1
On roots: 47 85
Rule rule has now 5041 instances.
Obtained
%init: 71 A(x)

Applied 0:
0: /*cc1*/ A/*1*/(), 1: /*cc2*/ A/*1*/(x) -- A/*1*//*1*/.x = ⊥, A/*1*//*1*/
++  @1
On roots: 61 76
Rule rule has now 4900 instances.
Obtained
%init: 70 A(x)

#Applied 0:
0: /*cc1*/ A/*1*/(), 1: /*cc2*/ A/*1*/(x) -- A/*1*//*1*/.x = ⊥, A/*1*//*1*/
++  @1
On roots: 68 37
Rule rule has now 4761 instances.
Obtained
%init: 69 A(x)

Applied 0:
0: /*cc1*/ A/*1*/(), 1: /*cc2*/ A/*1*/(x) -- A/*1*//*1*/.x = ⊥, A/*1*//*1*/
++  @1
On roots: 58 60
Rule rule has now 4624 instances.
Obtained
%init: 68 A(x)

#Applied 0:
0: /*cc1*/ A/*1*/(), 1: /*cc2*/ A/*1*/(x) -- A/*1*//*1*/.x = ⊥, A/*1*//*1*/
++  @1
On roots: 33 74
Rule rule has now 4489 instances.
Obtained
%init: 67 A(x)

Applied 0:
0: /*cc1*/ A/*1*/(), 1: /*cc2*/ A/*1*/(x) -- A/*1*//*1*/.x = ⊥, A/*1*//*1*/
++  @1
On roots: 66 61
Rule rule has now 4356 instances.
Obtained
%init: 66 A(x)

#Applied 0:
0: /*cc1*/ A/*1*/(), 1: /*cc2*/ A/*1*/(x) -- A/*1*//*1*/.x = ⊥, A/*1*//*1*/
++  @1
On roots: 73 62
Rule rule has now 4225 instances.
Obtained
%init: 65 A(x)

Applied 0:
0: /*cc1*/ A/*1*/(), 1: /*cc2*/ A/*1*/(x) -- A/*1*//*1*/.x = ⊥, A/*1*//*1*/
++  @1
On roots: 40 7
Rule rule has now 4096 instances.
Obtained
%init: 64 A(x)

#Applied 0:
0: /*cc1*/ A/*1*/(), 1: /*cc2*/ A/*1*/(x) -- A/*1*//*1*/.x = ⊥, A/*1*//*1*/
++  @1
On roots: 80 70
Rule rule has now 3969 instances.
Obtained
%init: 63 A(x)

Applied 0:
0: /*cc1*/ A/*1*/(), 1: /*cc2*/ A/*1*/(x) -- A/*1*//*1*/.x = ⊥, A/*1*//*1*/
++  @1
On roots: 3 87
Rule rule has now 3844 instances.
Obtained
%init: 62 A(x)

#Applied 0:
0: /*cc1*/ A/*1*/(), 1: /*cc2*/ A/*1*/(x) -- A/*1*//*1*/.x = ⊥, A/*1*//*1*/
++  @1
On roots: 46 65
Rule rule has now 3721 instances.
Obtained
%init: 61 A(x)

Applied 0:
0: /*cc1*/ A/*1*/(), 1: /*cc2*/ A/*1*/(x) -- A/*1*//*1*/.x = ⊥, A/*1*//*1*/
++  @1
On roots: 48 29
Rule rule has now 3600 instances.
Obtained
%init: 60 A(x)

#Applied 0:
0: /*cc1*/ A/*1*/(), 1: /*cc2*/ A/*1*/(x) -- A/*1*//*1*/.x = ⊥, A/*1*//*1*/
++  @1
On roots: 18 32
Rule rule has now 3481 instances.
Obtained
%init: 59 A(x)

Applied 0:
0: /*cc1*/ A/*1*/(), 1: /*cc2*/ A/*1*/(x) -- A/*1*//*1*/.x = ⊥, A/*1*//*1*/
++  @1
On roots: 38 3
Rule rule has now 3364 instances.
Obtained
%init: 58 A(x)

#Applied 0:
0: /*cc1*/ A/*1*/(), 1: /*cc2*/ A/*1*/(x) -- A/*1*//*1*/.x = ⊥, A/*1*//*1*/
++  @1
On roots: 39 17
Rule rule has now 3249 instances.
Obtained
%init: 57 A(x)

Applied 0:
0: /*cc1*/ A/*1*/(), 1: /*cc2*/ A/*1*/(x) -- A/*1*//*1*/.x = ⊥, A/*1*//*1*/
++  @1
On roots: 75 49
Rule rule has now 3136 instances.
Obtained
%init: 56 A(x)

#Applied 0:
0: /*cc1*/ A/*1*/(), 1: /*cc2*/ A/*1*/(x) -- A/*1*//*1*/.x = ⊥, A/*1*//*1*/
++  @1
On roots: 66 83
Rule rule has now 3025 instances.
Obtained
%init: 55 A(x)

Applied 0:
0: /*cc1*/ A/*1*/(), 1: /*cc2*/ A/*1*/(x) -- A/*1*//*1*/.x = ⊥, A/*1*//*1*/
++  @1
On roots: 12 66
Rule rule has now 2916 instances.
Obtained
%init: 54 A(x)

#Applied 0:
0: /*cc1*/ A/*1*/(), 1: /*cc2*/ A/*1*/(x) -- A/*1*//*1*/.x = ⊥, A/*1*//*1*/
++  @1
On roots: 58 94
Rule rule has now 2809 instances.
Obtained
%init: 53 A(x)

Applied 0:
0: /*cc1*/ A/*1*/(), 1: /*cc2*/ A/*1*/(x) -- A/*1*//*1*/.x = ⊥, A/*1*//*1*/
++  @1
On roots: 64 33
Rule rule has now 2704 instances.
Obtained
%init: 52 A(x)

#Applied 0:
0: /*cc1*/ A/*1*/(), 1: /*cc2*/ A/*1*/(x) -- A/*1*//*1*/.x = ⊥, A/*1*//*1*/
++  @1
On roots: 52 48
Rule rule has now 2601 instances.
Obtained
%init: 51 A(x)

Applied 0:
0: /*cc1*/ A/*1*/(), 1: /*cc2*/ A/*1*/(x) -- A/*1*//*1*/.x = ⊥, A/*1*//*1*/
++  @1
On roots: 90 90
Applied 0:
0: /*cc1*/ A/*1*/(), 1: /*cc2*/ A/*1*/(x) -- A/*1*//*1*/.x = ⊥, A/*1*//*1*/
++  @1
On roots: 45 2
Rule rule has now 2500 instances.
Obtained
%init: 50 A(x)

#Applied 0:
0: /*cc1*/ A/*1*/(), 1: /*cc2*/ A/*1*/(x) -- A/*1*//*1*/.x = ⊥, A/*1*//*1*/
++  @1
On roots: 81 6
Rule rule has now 2401 instances.
Obtained
%init: 49 A(x)

Applied 0:
0: /*cc1*/ A/*1*/(), 1: /*cc2*/ A/*1*/(x) -- A/*1*//*1*/.x = ⊥, A/*1*//*1*/
++  @1
On roots: 97 80
Rule rule has now 2304 instances.
Obtained
%init: 48 A(x)

#Applied 0:
0: /*cc1*/ A/*1*/(), 1: /*cc2*/ A/*1*/(x) -- A/*1*//*1*/.x = ⊥, A/*1*//*1*/
++  @1
On roots: 63 12
Rule rule has now 2209 instances.
Obtained
%init: 47 A(x)

Applied 0:
0: /*cc1*/ A/*1*/(), 1: /*cc2*/ A/*1*/(x) -- A/*1*//*1*/.x = ⊥, A/*1*//*1*/
++  @1
On roots: 68 75
Rule rule has now 2116 instances.
Obtained
%init: 46 A(x)

#Applied 0:
0: /*cc1*/ A/*1*/(), 1: /*cc2*/ A/*1*/(x) -- A/*1*//*1*/.x = ⊥, A/*1*//*1*/
++  @1
On roots: 95 19
Rule rule has now 2025 instances.
Obtained
%init: 45 A(x)

Applied 0:
0: /*cc1*/ A/*1*/(), 1: /*cc2*/ A/*1*/(x) -- A/*1*//*1*/.x = ⊥, A/*1*//*1*/
++  @1
On roots: 0 81
Rule rule has now 1936 instances.
Obtained
%init: 44 A(x)

#Applied 0:
0: /*cc1*/ A/*1*/(), 1: /*cc2*/ A/*1*/(x) -- A/*1*//*1*/.x = ⊥, A/*1*//*1*/
++  @1
On roots: 18 14
Rule rule has now 1849 instances.
Obtained
%init: 43 A(x)

Applied 0:
0: /*cc1*/ A/*1*/(), 1: /*cc2*/ A/*1*/(x) -- A/*1*//*1*/.x = ⊥, A/*1*//*1*/
++  @1
On roots: 55 45
Rule rule has now 1764 instances.
Obtained
%init: 42 A(x)

#Applied 0:
0: /*cc1*/ A/*1*/(), 1: /*cc2*/ A/*1*/(x) -- A/*1*//*1*/.x = ⊥, A/*1*//*1*/
++  @1
On roots: 50 46
Rule rule has now 1681 instances.
Obtained
%init: 41 A(x)

Applied 0:
0: /*cc1*/ A/*1*/(), 1: /*cc2*/ A/*1*/(x) -- A/*1*//*1*/.x = ⊥, A/*1*//*1*/
++  @1
On roots: 52 71
Rule rule has now 1600 instances.
Obtained
%init: 40 A(x)

#Applied 0:
0: /*cc1*/ A/*1*/(), 1: /*cc2*/ A/*1*/(x) -- A/*1*//*1*/.x = ⊥, A/*1*//*1*/
++  @1
On roots: 28 43
Rule rule has now 1521 instances.
Obtained
%init: 39 A(x)

Applied 0:
0: /*cc1*/ A/*1*/(), 1: /*cc2*/ A/*1*/(x) -- A/*1*//*1*/.x = ⊥, A/*1*//*1*/
++  @1
On roots: 23 79
Rule rule has now 1444 instances.
Obtained
%init: 38 A(x)

#Applied 0:
0: /*cc1*/ A/*1*/(), 1: /*cc2*/ A/*1*/(x) -- A/*1*//*1*/.x = ⊥, A/*1*//*1*/
++  @1
On roots: 50 64
Rule rule has now 1369 instances.
Obtained
%init: 37 A(x)

Applied 0:
0: /*cc1*/ A/*1*/(), 1: /*cc2*/ A/*1*/(x) -- A/*1*//*1*/.x = ⊥, A/*1*//*1*/
++  @1
On roots: 24 24
Applied 0:
0: /*cc1*/ A/*1*/(), 1: /*cc2*/ A/*1*/(x) -- A/*1*//*1*/.x = ⊥, A/*1*//*1*/
++  @1
On roots: 38 53
Rule rule has now 1296 instances.
Obtained
%init: 36 A(x)

#Applied 0:
0: /*cc1*/ A/*1*/(), 1: /*cc2*/ A/*1*/(x) -- A/*1*//*1*/.x = ⊥, A/*1*//*1*/
++  @1
On roots: 40 22
Rule rule has now 1225 instances.
Obtained
%init: 35 A(x)

Applied 0:
0: /*cc1*/ A/*1*/(), 1: /*cc2*/ A/*1*/(x) -- A/*1*//*1*/.x = ⊥, A/*1*//*1*/
++  @1
On roots: 50 21
Rule rule has now 1156 instances.
Obtained
%init: 34 A(x)

#Applied 0:
0: /*cc1*/ A/*1*/(), 1: /*cc2*/ A/*1*/(x) -- A/*1*//*1*/.x = ⊥, A/*1*//*1*/
++  @1
On roots: 55 58
Rule rule has now 1089 instances.
Obtained
%init: 33 A(x)

Applied 0:
0: /*cc1*/ A/*1*/(), 1: /*cc2*/ A/*1*/(x) -- A/*1*//*1*/.x = ⊥, A/*1*//*1*/
++  @1
On roots: 8 39
Rule rule has now 1024 instances.
Obtained
%init: 32 A(x)

#Applied 0:
0: /*cc1*/ A/*1*/(), 1: /*cc2*/ A/*1*/(x) -- A/*1*//*1*/.x = ⊥, A/*1*//*1*/
++  @1
On roots: 68 10
Rule rule has now 961 instances.
Obtained
%init: 31 A(x)

Applied 0:
0: /*cc1*/ A/*1*/(), 1: /*cc2*/ A/*1*/(x) -- A/*1*//*1*/.x = ⊥, A/*1*//*1*/
++  @1
On roots: 78 77
Rule rule has now 900 instances.
Obtained
%init: 30 A(x)

#Applied 0:
0: /*cc1*/ A/*1*/(), 1: /*cc2*/ A/*1*/(x) -- A/*1*//*1*/.x = ⊥, A/*1*//*1*/
++  @1
On roots: 90 24
Rule rule has now 841 instances.
Obtained
%init: 29 A(x)

Applied 0:
0: /*cc1*/ A/*1*/(), 1: /*cc2*/ A/*1*/(x) -- A/*1*//*1*/.x = ⊥, A/*1*//*1*/
++  @1
On roots: 35 0
Rule rule has now 784 instances.
Obtained
%init: 28 A(x)

#Applied 0:
0: /*cc1*/ A/*1*/(), 1: /*cc2*/ A/*1*/(x) -- A/*1*//*1*/.x = ⊥, A/*1*//*1*/
++  @1
On roots: 52 68
Rule rule has now 729 instances.
Obtained
%init: 27 A(x)

Applied 0:
0: /*cc1*/ A/*1*/(), 1: /*cc2*/ A/*1*/(x) -- A/*1*//*1*/.x = ⊥, A/*1*//*1*/
++  @1
On roots: 11 90
Rule rule has now 676 instances.
Obtained
%init: 26 A(x)

#Applied 0:
0: /*cc1*/ A/*1*/(), 1: /*cc2*/ A/*1*/(x) -- A/*1*//*1*/.x = ⊥, A/*1*//*1*/
++  @1
On roots: 16 50
Rule rule has now 625 instances.
Obtained
%init: 25 A(x)

Applied 0:
0: /*cc1*/ A/*1*/(), 1: /*cc2*/ A/*1*/(x) -- A/*1*//*1*/.x = ⊥, A/*1*//*1*/
++  @1
On roots: 73 95
Rule rule has now 576 instances.
Obtained
%init: 24 A(x)

#Applied 0:
0: /*cc1*/ A/*1*/(), 1: /*cc2*/ A/*1*/(x) -- A/*1*//*1*/.x = ⊥, A/*1*//*1*/
++  @1
On roots: 1 55
Rule rule has now 529 instances.
Obtained
%init: 23 A(x)

Applied 0:
0: /*cc1*/ A/*1*/(), 1: /*cc2*/ A/*1*/(x) -- A/*1*//*1*/.x = ⊥, A/*1*//*1*/
++  @1
On roots: 78 89
Rule rule has now 484 instances.
Obtained
%init: 22 A(x)

#Applied 0:
0: /*cc1*/ A/*1*/(), 1: /*cc2*/ A/*1*/(x) -- A/*1*//*1*/.x = ⊥, A/*1*//*1*/
++  @1
On roots: 63 93
Rule rule has now 441 instances.
Obtained
%init: 21 A(x)

Applied 0:
0: /*cc1*/ A/*1*/(), 1: /*cc2*/ A/*1*/(x) -- A/*1*//*1*/.x = ⊥, A/*1*//*1*/
++  @1
On roots: 35 20
Rule rule has now 400 instances.
Obtained
%init: 20 A(x)

#Applied 0:
0: /*cc1*/ A/*1*/(), 1: /*cc2*/ A/*1*/(x) -- A/*1*//*1*/.x = ⊥, A/*1*//*1*/
++  @1
On roots: 63 35
Rule rule has now 361 instances.
Obtained
%init: 19 A(x)

Applied 0:
0: /*cc1*/ A/*1*/(), 1: /*cc2*/ A/*1*/(x) -- A/*1*//*1*/.x = ⊥, A/*1*//*1*/
++  @1
On roots: 30 15
Rule rule has now 324 instances.
Obtained
%init: 18 A(x)

#Applied 0:
0: /*cc1*/ A/*1*/(), 1: /*cc2*/ A/*1*/(x) -- A/*1*//*1*/.x = ⊥, A/*1*//*1*/
++  @1
On roots: 28 84
Rule rule has now 289 instances.
Obtained
%init: 17 A(x)

Applied 0:
0: /*cc1*/ A/*1*/(), 1: /*cc2*/ A/*1*/(x) -- A/*1*//*1*/.x = ⊥, A/*1*//*1*/
++  @1
On roots: 1 63
Rule rule has now 256 instances.
Obtained
%init: 16 A(x)

#Applied 0:
0: /*cc1*/ A/*1*/(), 1: /*cc2*/ A/*1*/(x) -- A/*1*//*1*/.x = ⊥, A/*1*//*1*/
++  @1
On roots: 11 30
Rule rule has now 225 instances.
Obtained
%init: 15 A(x)

Applied 0:
0: /*cc1*/ A/*1*/(), 1: /*cc2*/ A/*1*/(x) -- A/*1*//*1*/.x = ⊥, A/*1*//*1*/
++  @1
On roots: 1 16
Rule rule has now 196 instances.
Obtained
%init: 14 A(x)

#Applied 0:
0: /*cc1*/ A/*1*/(), 1: /*cc2*/ A/*1*/(x) -- A/*1*//*1*/.x = ⊥, A/*1*//*1*/
++  @1
On roots: 8 28
Rule rule has now 169 instances.
Obtained
%init: 13 A(x)

Applied 0:
0: /*cc1*/ A/*1*/(), 1: /*cc2*/ A/*1*/(x) -- A/*1*//*1*/.x = ⊥, A/*1*//*1*/
++  @1
On roots: 52 47
Rule rule has now 144 instances.
Obtained
%init: 12 A(x)

#Applied 0:
0: /*cc1*/ A/*1*/(), 1: /*cc2*/ A/*1*/(x) -- A/*1*//*1*/.x = ⊥, A/*1*//*1*/
++  @1
On roots: 73 23
Rule rule has now 121 instances.
Obtained
%init: 11 A(x)

Applied 0:
0: /*cc1*/ A/*1*/(), 1: /*cc2*/ A/*1*/(x) -- A/*1*//*1*/.x = ⊥, A/*1*//*1*/
++  @1
On roots: 73 18
Rule rule has now 100 instances.
Obtained
%init: 10 A(x)

#Applied 0:
0: /*cc1*/ A/*1*/(), 1: /*cc2*/ A/*1*/(x) -- A/*1*//*1*/.x = ⊥, A/*1*//*1*/
++  @1
On roots: 1 8
Rule rule has now 81 instances.
Obtained
%init: 9 A(x)

Applied 0:
0: /*cc1*/ A/*1*/(), 1: /*cc2*/ A/*1*/(x) -- A/*1*//*1*/.x = ⊥, A/*1*//*1*/
++  @1
On roots: 11 78
Rule rule has now 64 instances.
Obtained
%init: 8 A(x)

#Applied 0:
0: /*cc1*/ A/*1*/(), 1: /*cc2*/ A/*1*/(x) -- A/*1*//*1*/.x = ⊥, A/*1*//*1*/
++  @1
On roots: 40 38
Rule rule has now 49 instances.
Obtained
%init: 7 A(x)

Applied 0:
0: /*cc1*/ A/*1*/(), 1: /*cc2*/ A/*1*/(x) -- A/*1*//*1*/.x = ⊥, A/*1*//*1*/
++  @1
On roots: 97 11
Rule rule has now 36 instances.
Obtained
%init: 6 A(x)

#Applied 0:
0: /*cc1*/ A/*1*/(), 1: /*cc2*/ A/*1*/(x) -- A/*1*//*1*/.x = ⊥, A/*1*//*1*/
++  @1
On roots: 97 97
Applied 0:
0: /*cc1*/ A/*1*/(), 1: /*cc2*/ A/*1*/(x) -- A/*1*//*1*/.x = ⊥, A/*1*//*1*/
++  @1
On roots: 97 97
Applied 0:
0: /*cc1*/ A/*1*/(), 1: /*cc2*/ A/*1*/(x) -- A/*1*//*1*/.x = ⊥, A/*1*//*1*/
++  @1
On roots: 73 97
Rule rule has now 25 instances.
Obtained
%init: 5 A(x)

Applied 0:
0: /*cc1*/ A/*1*/(), 1: /*cc2*/ A/*1*/(x) -- A/*1*//*1*/.x = ⊥, A/*1*//*1*/
++  @1
On roots: 73 69
Rule rule has now 16 instances.
Obtained
%init: 4 A(x)

#Applied 0:
0: /*cc1*/ A/*1*/(), 1: /*cc2*/ A/*1*/(x) -- A/*1*//*1*/.x = ⊥, A/*1*//*1*/
++  @1
On roots: 73 40
Rule rule has now 9 instances.
Obtained
%init: 3 A(x)

Applied 0:
0: /*cc1*/ A/*1*/(), 1: /*cc2*/ A/*1*/(x) -- A/*1*//*1*/.x = ⊥, A/*1*//*1*/
++  @1
On roots: 73 73
Applied 0:
0: /*cc1*/ A/*1*/(), 1: /*cc2*/ A/*1*/(x) -- A/*1*//*1*/.x = ⊥, A/*1*//*1*/
++  @1
On roots: 1 52
Rule rule has now 4 instances.
Obtained
%init: 2 A(x)

#Applied 0:
0: /*cc1*/ A/*1*/(), 1: /*cc2*/ A/*1*/(x) -- A/*1*//*1*/.x = ⊥, A/*1*//*1*/
++  @1
On roots: 73 1
Rule rule has now 1 instances.
Obtained
%init: 1 A(x)

Applied 0:
0: /*cc1*/ A/*1*/(), 1: /*cc2*/ A/*1*/(x) -- A/*1*//*1*/.x = ⊥, A/*1*//*1*/
++  @1
On roots: 73 73
Applied 0:
0: /*cc1*/ A/*1*/(), 1: /*cc2*/ A/*1*/(x) -- A/*1*//*1*/.x = ⊥, A/*1*//*1*/
++  @1
On roots: 73 73
Applied 0:
0: /*cc1*/ A/*1*/(), 1: /*cc2*/ A/*1*/(x) -- A/*1*//*1*/.x = ⊥, A/*1*//*1*/
++  @1
On roots: 73 73
Rule rule has now 0 instances.
?
A deadlock was reached after 99 events and 3.185893E+00s (Activity = 0.00000)###########
Simulation ended (eff.: 0.916667, detail below)
	Valid embedding but no longer unary when required: 0.000000
	Valid embedding but not binary when required: 0.000000
	Clashing instance: 1.000000
	Perturbation interrupting time advance: 0.000000
