+ Command line is: 'KaSim' '-i' 'side-effects.ka' '-seed' '924556145' '-e' '10000' '-d' 'output'
Parsing side-effects.ka...
done
+ Initialized random number generator with seed 924556145
+ Building initial simulation conditions...
+ Compiling...
	 -simulation parameters
	 -agent signatures
	 -sanity checks
	 -KaSa tools initialization
Scan rules!
Signature:
Signature:agents: 
Signature:agents:agent_type:0:C
Signature:agents:agent_type:1:A
Signature:agents:agent_type:2:B
Signature:sites: 
Signature:sites:agent_type:0:
Signature:sites:agent_type:0:site_type:0->a(internal state)
Signature:sites:agent_type:0:site_type:1->a(binding state)
Signature:sites:agent_type:1:
Signature:sites:agent_type:1:site_type:0->a(binding state)
Signature:sites:agent_type:2:
Signature:sites:agent_type:2:site_type:0->a(binding state)
Signature:states: 
Signature:states:0:
Signature:states:0:0:
Signature:states:0:0:state_id:0->u
Signature:states:0:0:state_id:1->p
Signature:states:0:1:
Signature:states:0:1:state_id:0->free
Signature:states:0:1:state_id:1->agent_type:0@site_type:1
Signature:states:1:
Signature:states:1:0:
Signature:states:1:0:state_id:0->free
Signature:states:1:0:state_id:1->agent_type:2@site_type:0
Signature:states:2:
Signature:states:2:0:
Signature:states:2:0:state_id:0->free
Signature:states:2:0:state_id:1->agent_type:1@site_type:0
Signature:duals: 
Signature:duals:0:
Signature:duals:0:1:
Signature:duals:0:1:1:
Signature:duals:0:1:1:agent_type:0,site_type:1,state_id:1
Signature:duals:1:
Signature:duals:1:0:
Signature:duals:1:0:1:
Signature:duals:1:0:1:agent_type:2,site_type:0,state_id:1
Signature:duals:2:
Signature:duals:2:0:
Signature:duals:2:0:1:
Signature:duals:2:0:1:agent_type:1,site_type:0,state_id:1
+ Compute the contact map
	 -variable declarations
	 -rules
	 -observables
	 -perturbations
	 -initial conditions
	 Done
____________________________________________________________
############################################################
	 - removing events occurring after the last observable:
 (-9987 events)
+ Producing causal compressions
	 - splitting initial events (+2 events)
	 - blackboard generation
	 - computing causal past of each observed events (8)
Stats:
 number of step   : 26
 longest story    : 5
 average length   : 3.90909090909
 geometric mean   : 4.05642027588

	 - causal flow compression (8)

____________________________________________________________
############################################################

	 - detecting siphons (no change)
	 - cutting concurrent events (-8 events)
	 - detecting pseudo inverse events (no change)
	 - detecting siphons (no change)
	 - cutting concurrent events (no change)
	 - detecting pseudo inverse events (no change)
	 - blackboard generation
	 - computing causal past of each observed events (8)


	 - weak flow compression (2)

____________________________________________________________
############################################################

+ Pretty printing 2 flows
+ Pretty printing 2 weakly compressed flows
Simulation ended
