+ Command line is: 'KaSim' '-i' 'side-effects.ka' '-seed' '924556145' '-e' '10000' '-d' 'output'
Parsing side-effects.ka...
done
+ Initialized random number generator with seed 924556145
+ Building initial simulation conditions...
+ Compiling...
	 -simulation parameters
	 -agent signatures
	 -variable declarations
	 -rules
	 -observables
	 -perturbations
	 -initial conditions
	 Done
____________________________________________________________
############################################################
+ Producing causal compressions
	 - refining events
	 - detecting siphons
	 - cutting concurrent events
	 - blackboard generation
	 - computing causal past of each observed events (10)
Stats:
 number of step   : 10015
 longest story    : 4
 average length   : 1.01133989854
 geometric mean   : 1.02737812862

	 - causal & weak flow compression (10)

____________________________________________________________
############################################################
	 - detecting pseudo inverse events
	 - blackboard generation
	 - computing causal past of each observed events (10)
Stats:
 number of step   : 23
 longest story    : 4
 average length   : 3.5
 geometric mean   : 3.67423461417

	 - causal & weak flow compression (10)

____________________________________________________________
############################################################



+ Pretty printing 1 flow
+ Pretty printing 1 weakly compressed flow
Simulation ended
