

digraph G{ 
node [shape=box, style=filled, fillcolor=lightskyblue];
"0:A(z!1),A(x!1),0 -> 0" ; 
"1:A(x!) -> A(x)" ; 
"2:A(x?),0 -> 0" ; 
edge [color=green, arrowhead=normal];
"0:A(z!1),A(x!1),0 -> 0"->"0:A(z!1),A(x!1),0 -> 0"[label ="[0->0];[0->1]"] ; 
"0:A(z!1),A(x!1),0 -> 0"->"1:A(x!) -> A(x)"[label ="[0->0]"] ; 
"0:A(z!1),A(x!1),0 -> 0"->"2:A(x?),0 -> 0"[label ="[0->0]"] ; 
"2:A(x?),0 -> 0"->"0:A(z!1),A(x!1),0 -> 0"[label ="[1->0];[1->1]"] ; 
"2:A(x?),0 -> 0"->"1:A(x!) -> A(x)"[label ="[1->0]"] ; 
"2:A(x?),0 -> 0"->"2:A(x?),0 -> 0"[label ="[1->0]"] ; 
edge [color=red, arrowhead=tee];
"0:A(z!1),A(x!1),0 -> 0"->"1:A(x!) -> A(x)"[label ="[-2->0];[0->0];[1->0]"] ; 
"0:A(z!1),A(x!1),0 -> 0"->"2:A(x?),0 -> 0"[label ="[0->0];[1->0]"] ; 
"1:A(x!) -> A(x)"->"0:A(z!1),A(x!1),0 -> 0"[label ="[-1->0];[0->1]"] ; 
"2:A(x?),0 -> 0"->"0:A(z!1),A(x!1),0 -> 0"[label ="[-1->0];[-1->1];[0->0];[0->1]"] ; 
"2:A(x?),0 -> 0"->"1:A(x!) -> A(x)"[label ="[-1->0];[0->0]"] ; 
}
