Parsing verbosity.ka...
done
Compiling...
Generating the raw contact map...
Generating the raw influence map...
Refining the influence map...
Reachability analysis...

	Applying rule 0:
		the precondition is satisfied

------------------------------------------------------------
* Dead rule :
------------------------------------------------------------
rule 1 will never be applied.
rule 2 will never be applied.
rule 3 will never be applied.
rule 4 will never be applied.
rule 5 will never be applied.
rule 6 will never be applied.
rule 7: KO will never be applied.

------------------------------------------------------------
* Relational properties:
------------------------------------------------------------

------------------------------------------------------------
* Non relational properties:
------------------------------------------------------------
execution finished without any exception
