%def: "seed" "924556145"
%def: "dumpIfDeadlocked" "true"
%def: "maxConsecutiveClash" "3"
%def: "progressBarSize" "70"
%def: "progressBarSymbol" "#"
%def: "plotPeriod" "1" "events"
%def: "outputFileName" "data.csv"

%agent: C(x y)
%agent: A(x[x.B y.B] y[x.B y.B])
%agent: B(x[x.A y.A] y[x.A y.A])

%plot: [T]
A(x[.] y[.])-, C(x[.] y[.])+ @ 1
C(x[.] y[.])-, A(x[.] y[.])+ @ 1
A(x[./1]), B(x[./1]) @ 1
A(y[./1]), B(y[./1]) @ 1
A(x[1/1] y[2/2]), B(x[1/2] y[2/1]) @ 1
'GOAL' A(x[1/.]), B(y[1/.]) @ 1
A(y[1/.]), B(x[1/.]) @ 1

/*0*/%mod: [true] do $TRACK A(x[1]), B(y[1]) [true]; repeat [false]

%init: 1 A(x[.] y[.])
%init: 1 B(x[.] y[.])

%mod: [E] = 300 do $STOP;
