#Download sources/binaries at https://github.com/Kappa-Dev/KaSim
#
#Command line is: KaSa relations.ka --compute-local-traces --output-directory output --use-macrotransitions-in-local-traces --add-singular-macrostates
#
#This file contains the description of the influence map in dot.
#Please use graphviz (http://www.graphviz.org) or OmniGraffle to export it to a PDF
#
digraph G{
"x+" [shape="box" color="lightskyblue"];
"y+" [shape="box" color="lightskyblue"];
"z+" [shape="box" color="lightskyblue"];
"w+" [shape="box" color="lightskyblue"];
"t+" [shape="box" color="lightskyblue"];
"x-" [shape="box" color="lightskyblue"];
"y-" [shape="box" color="lightskyblue"];
"z-" [shape="box" color="lightskyblue"];
"w-" [shape="box" color="lightskyblue"];
"t-" [shape="box" color="lightskyblue"];
"x+" -> "z+" [label="[0->0]" color="green"];
"x+" -> "w+" [label="[0->0]" color="green"];
"x+" -> "t+" [label="[0->0]" color="green"];
"x+" -> "x-" [label="[0->0]" color="green"];
"y+" -> "z+" [label="[0->0]" color="green"];
"y+" -> "w+" [label="[0->0]" color="green"];
"y+" -> "t+" [label="[0->0]" color="green"];
"y+" -> "y-" [label="[0->0]" color="green"];
"z+" -> "t+" [label="[0->0]" color="green"];
"z+" -> "z-" [label="[0->0]" color="green"];
"w+" -> "t+" [label="[0->0]" color="green"];
"w+" -> "w-" [label="[0->0]" color="green"];
"t+" -> "t-" [label="[0->0]" color="green"];
"x-" -> "x+" [label="[0->0]" color="green"];
"y-" -> "y+" [label="[0->0]" color="green"];
"z-" -> "z+" [label="[0->0]" color="green"];
"z-" -> "x-" [label="[0->0]" color="green"];
"z-" -> "y-" [label="[0->0]" color="green"];
"w-" -> "w+" [label="[0->0]" color="green"];
"w-" -> "x-" [label="[0->0]" color="green"];
"w-" -> "y-" [label="[0->0]" color="green"];
"t-" -> "t+" [label="[0->0]" color="green"];
"t-" -> "z-" [label="[0->0]" color="green"];
"t-" -> "w-" [label="[0->0]" color="green"];

"x+" -| "z+" [label="[0->0]" color="red"];
"x+" -| "w+" [label="[0->0]" color="red"];
"x+" -| "t+" [label="[0->0]" color="red"];
"x+" -| "x-" [label="[0->0]" color="red"];
"y+" -| "z+" [label="[0->0]" color="red"];
"y+" -| "w+" [label="[0->0]" color="red"];
"y+" -| "t+" [label="[0->0]" color="red"];
"y+" -| "y-" [label="[0->0]" color="red"];
"z+" -| "t+" [label="[0->0]" color="red"];
"z+" -| "z-" [label="[0->0]" color="red"];
"w+" -| "t+" [label="[0->0]" color="red"];
"w+" -| "w-" [label="[0->0]" color="red"];
"t+" -| "t-" [label="[0->0]" color="red"];
"x-" -| "x+" [label="[0->0]" color="red"];
"y-" -| "y+" [label="[0->0]" color="red"];
"z-" -| "z+" [label="[0->0]" color="red"];
"z-" -| "x-" [label="[0->0]" color="red"];
"z-" -| "y-" [label="[0->0]" color="red"];
"w-" -| "w+" [label="[0->0]" color="red"];
"w-" -| "x-" [label="[0->0]" color="red"];
"w-" -| "y-" [label="[0->0]" color="red"];
"t-" -| "t+" [label="[0->0]" color="red"];
"t-" -| "z-" [label="[0->0]" color="red"];
"t-" -| "w-" [label="[0->0]" color="red"];
}
