Parsing relations.ka...
done
Compiling...
Generating the raw contact map...
Generating the raw influence map...
Refining the influence map...
Reachability analysis...
------------------------------------------------------------
every rule may be applied
------------------------------------------------------------
every agent may occur in the model
DISTRIB
1;2;3;4;
0;1;3;4;
1;3;4;
2;
0;

DISTRIB
1;2;3;4;
0;2;3;4;
2;3;4;
1;
0;

DISTRIB
0;2;3;4;
0;1;3;4;
0;3;4;
2;
1;

DISTRIB
0;1;2;4;
0;1;3;4;
0;1;4;
2;
3;

DISTRIB
0;1;2;4;
0;2;3;4;
0;2;4;
1;
3;

DISTRIB
0;2;3;4;
0;1;3;4;
0;3;4;
2;
1;

DISTRIB
1;2;3;4;
0;1;3;4;
1;3;4;
2;
0;

DISTRIB
1;2;3;4;
0;2;3;4;
2;3;4;
1;
0;

DISTRIB
0;1;3;4;
0;2;3;4;
0;3;4;
1;
2;

DISTRIB
0;1;3;4;
0;2;3;4;
0;3;4;
1;
2;

DISTRIB
0;1;2;4;
0;1;3;4;
0;1;4;
2;
3;

DISTRIB
0;1;2;4;
0;2;3;4;
0;2;4;
1;
3;

DISTRIB
1;2;3;4;
0;1;3;4;
1;3;4;
2;
0;

DISTRIB
1;2;3;4;
0;2;3;4;
2;3;4;
1;
0;

DISTRIB
0;1;2;4;
0;1;3;4;
0;1;4;
2;
3;

DISTRIB
0;1;2;4;
0;2;3;4;
0;2;4;
1;
3;

DISTRIB
0;1;2;4;
1;2;3;4;
1;2;4;
0;
3;

DISTRIB
0;1;2;4;
0;2;3;4;
0;2;4;
1;
3;

DISTRIB
0;2;3;4;
1;2;3;4;
2;3;4;
0;
1;

DISTRIB
1;2;3;4;
0;2;3;4;
2;3;4;
1;
0;

DISTRIB
0;1;3;4;
1;2;3;4;
1;3;4;
0;
2;

DISTRIB
0;1;3;4;
0;2;3;4;
0;3;4;
1;
2;

DISTRIB
0;1;3;4;
1;2;3;4;
1;3;4;
0;
2;

DISTRIB
0;1;3;4;
0;2;3;4;
0;3;4;
1;
2;

DISTRIB
0;1;2;4;
1;2;3;4;
1;2;4;
0;
3;

DISTRIB
0;1;2;4;
0;2;3;4;
0;2;4;
1;
3;

DISTRIB
1;2;3;4;
0;2;3;4;
2;3;4;
1;
0;

DISTRIB
0;1;2;4;
1;2;3;4;
1;2;4;
0;
3;

DISTRIB
0;1;2;4;
0;2;3;4;
0;2;4;
1;
3;

DISTRIB
1;2;3;4;
0;1;2;4;
1;2;4;
3;
0;

DISTRIB
1;2;3;4;
0;2;3;4;
2;3;4;
1;
0;

DISTRIB
0;1;3;4;
0;1;2;4;
0;1;4;
3;
2;

DISTRIB
0;1;3;4;
0;2;3;4;
0;3;4;
1;
2;

DISTRIB
0;1;3;4;
0;1;2;4;
0;1;4;
3;
2;

DISTRIB
0;1;3;4;
0;2;3;4;
0;3;4;
1;
2;

DISTRIB
0;1;2;4;
0;2;3;4;
0;2;4;
1;
3;

DISTRIB
1;2;3;4;
0;1;2;4;
1;2;4;
3;
0;

DISTRIB
1;2;3;4;
0;2;3;4;
2;3;4;
1;
0;

DISTRIB
0;1;2;4;
0;2;3;4;
0;2;4;
1;
3;

DISTRIB
0;1;3;4;
1;2;3;4;
1;3;4;
0;
2;

DISTRIB
0;1;2;4;
1;2;3;4;
1;2;4;
0;
3;

DISTRIB
0;1;2;4;
0;1;3;4;
0;1;4;
2;
3;

DISTRIB
1;2;3;4;
0;1;3;4;
1;3;4;
2;
0;

DISTRIB
0;1;2;4;
1;2;3;4;
1;2;4;
0;
3;

DISTRIB
0;1;2;4;
0;1;3;4;
0;1;4;
2;
3;

DISTRIB
1;2;3;4;
0;1;3;4;
1;3;4;
2;
0;

DISTRIB
1;2;3;4;
0;1;2;4;
1;2;4;
3;
0;

DISTRIB
0;1;2;4;
0;1;3;4;
0;1;4;
2;
3;


------------------------------------------------------------
* Non relational properties:
------------------------------------------------------------
A() => [ A(y3{u}[.]) v A(y3{p}[.]) ]
A() => [ A(x3{u}[.]) v A(x3{p}[.]) ]
A() => [ A(z3{u}[.]) v A(z3{p}[.]) ]
A() => [ A(w3{u}[.]) v A(w3{p}[.]) ]
A() => [ A(t3{u}[.]) v A(t3{p}[.]) ]

------------------------------------------------------------
* Relational properties:
------------------------------------------------------------
A() =>
   [
	  A(t3{u}[.],w3{u}[.],x3{p}[.],y3{u}[.],z3{u}[.])
	v A(t3{u}[.],w3{u}[.],x3{p}[.],y3{p}[.],z3{p}[.])
	v A(t3{p}[.],w3{p}[.],x3{p}[.],y3{p}[.],z3{p}[.])
	v A(t3{u}[.],w3{p}[.],x3{p}[.],y3{p}[.],z3{p}[.])
	v A(t3{u}[.],w3{u}[.],x3{p}[.],y3{p}[.],z3{u}[.])
	v A(t3{u}[.],w3{p}[.],x3{p}[.],y3{p}[.],z3{u}[.])
	v A(t3{u}[.],w3{u}[.],x3{u}[.],y3{u}[.],z3{u}[.])
	v A(t3{u}[.],w3{u}[.],x3{u}[.],y3{p}[.],z3{u}[.])
   ]
------------------------------------------------------------
* Properties in connected agents
------------------------------------------------------------
------------------------------------------------------------
* Properties of pairs of bonds
------------------------------------------------------------
execution finished without any exception
Parsing relations.ka...
done
Compiling...
Generating the raw contact map...
Generating the raw influence map...
Refining the influence map...
Reachability analysis...
------------------------------------------------------------
every rule may be applied
------------------------------------------------------------
every agent may occur in the model

------------------------------------------------------------
* Non relational properties:
------------------------------------------------------------
A() => [ A(y3{u}[.]) v A(y3{p}[.]) ]
A() => [ A(x3{u}[.]) v A(x3{p}[.]) ]
A() => [ A(z3{u}[.]) v A(z3{p}[.]) ]
A() => [ A(w3{u}[.]) v A(w3{p}[.]) ]
A() => [ A(t3{u}[.]) v A(t3{p}[.]) ]

------------------------------------------------------------
* Relational properties:
------------------------------------------------------------
A() =>
   [
	  A(t3{u}[.],w3{u}[.],x3{p}[.],y3{u}[.],z3{u}[.])
	v A(t3{u}[.],w3{u}[.],x3{p}[.],y3{p}[.],z3{p}[.])
	v A(t3{p}[.],w3{p}[.],x3{p}[.],y3{p}[.],z3{p}[.])
	v A(t3{u}[.],w3{p}[.],x3{p}[.],y3{p}[.],z3{p}[.])
	v A(t3{u}[.],w3{u}[.],x3{p}[.],y3{p}[.],z3{u}[.])
	v A(t3{u}[.],w3{p}[.],x3{p}[.],y3{p}[.],z3{u}[.])
	v A(t3{u}[.],w3{u}[.],x3{u}[.],y3{u}[.],z3{u}[.])
	v A(t3{u}[.],w3{u}[.],x3{u}[.],y3{p}[.],z3{u}[.])
   ]
------------------------------------------------------------
* Properties in connected agents
------------------------------------------------------------
------------------------------------------------------------
* Properties of pairs of bonds
------------------------------------------------------------
execution finished without any exception
