/* Compression of 4 causal flows obtained in average at 6.960194E+00 t.u */
/* Compressed causal flows were: [9;10;12;14] */
digraph G{
 ranksep=.5 ;
{ rank = same ; "0" [shape=plaintext] ;
node_1 [label="Intro A", shape=house, style=filled, fillcolor=green] ;
node_3 [label="Intro A", shape=house, style=filled, fillcolor=green] ;
node_6 [label="Intro A", shape=house, style=filled, fillcolor=green] ;
}
{ rank = same ; "1" [shape=plaintext] ;
node_2 [label="A(x) -> B(x)", shape=invhouse, style=filled, fillcolor = lightblue] ;
node_4 [label="A(x) -> B(x)", shape=invhouse, style=filled, fillcolor = lightblue] ;
node_7 [label="A(x) -> B(x)", shape=invhouse, style=filled, fillcolor = lightblue] ;
}
{ rank = same ; "2" [shape=plaintext] ;
node_5 [label="B(x) -> C(x)", shape=invhouse, style=filled, fillcolor = lightblue] ;
node_8 [label="B(x) -> C(x)", shape=invhouse, style=filled, fillcolor = lightblue] ;
}
{ rank = same ; "3" [shape=plaintext] ;
node_9 [label="C(x) -> A(x)", shape=invhouse, style=filled, fillcolor = lightblue] ;
}
{ rank = same ; "4" [shape=plaintext] ;
node_10 [label="A(x), B(x) -> A(x!1), B(x!1)", shape=invhouse, style=filled, fillcolor = lightblue] ;
}
{ rank = same ; "5" [shape=plaintext] ;
node_11 [label="A(x!1), B(x!1), C(x) -> A(x), B(x!1), C(x!1)", shape=invhouse, style=filled, fillcolor = lightblue] ;
}
{ rank = same ; "6" [shape=plaintext] ;
node_12 [label="GOAL", style=filled, fillcolor=red] ;
}
"0" -> "1" [style="invis"];
"1" -> "2" [style="invis"];
"2" -> "3" [style="invis"];
"3" -> "4" [style="invis"];
"4" -> "5" [style="invis"];
"5" -> "6" [style="invis"];
node_1 -> node_2
node_3 -> node_4
node_2 -> node_5
node_6 -> node_7
node_7 -> node_8
node_8 -> node_9
node_4 -> node_10
node_9 -> node_10
node_5 -> node_11
node_10 -> node_11
node_11 -> node_12
}
/*
*/
