%def: "seed" "924556145"
%def: "newSyntax" "true"
%def: "dumpIfDeadlocked" "true"
%def: "maxConsecutiveClash" "2"
%def: "plotPeriod" "1" "events"
%def: "outputFileName" "data.csv"

%agent: A(a!a.B, b, c)
%agent: B(a!a.A!a.C, b, c)
%agent: C(a~p~u!a.B!a.C, b, c)

%plot: [T]
B(a!./!1), C(a~u/~p!./!1) @ 1
'D' -B(a!1, b?, c?), -C(a~p!1, b?, c?) @ 2
-A(a?, b!., c?) @ 1
C(a!_/!.) @ 2
+A(a!1, b!., c!.), +B(a!1, b!., c!.) @ 10
+C(a~p!., b!., c!.) @ 10

/*0*/%mod: [true] do $TRACK B(a!1), C(a~p!1) [true] repeat ([false])

%init: 10 A(a!1, b!., c!.), B(a!1, b!., c!.)
%init: 10 C(a~u!1, b!., c!.), C(a~p!1, b!., c!.)

%mod: [E] = 12 do $STOP
