Parsing verbosity.ka...
done
Compiling...
Generating the raw contact map...
Generating the raw influence map...
Refining the influence map...
Reachability analysis...













Reachability analysis result ....

------------------------------------------------------------
* Dead rule :
------------------------------------------------------------
rule 7: KO is dead.

Reachability analysis result ....

------------------------------------------------------------
* Cartesian decomposition:
------------------------------------------------------------
A(x~q,y~u,z~u)
A(x~q,y~q,z~q)
A(x~q,y~q,z~u)
A(x~0,y~p,z~q)
A(x~p,y~u,z~u)
A(x~p,y~p,z~u)
A(x~u,y~u,z~u)

------------------------------------------------------------
* Cartesian abstraction:
------------------------------------------------------------
A(x~q)
A(x~0)
A(x~p)
A(x~u)
A(y~q)
A(y~p)
A(y~u)
A(z~q)
A(z~u)
execution finished without any exception
