+ Command line is: 'KaSim' 'lpc2.ka' '-seed' '924556145' '-e' '2' '-p' '2' '-d' 'output'
Parsing lpc2.ka...
done
+ Initialized random number generator with seed 924556145
+ Building initial simulation conditions...
+ Compiling...
	 -simulation parameters
	 -agent signatures
	 -variable declarations
	 -rules
