Parsing parallel_bonds.ka...
done
Scan rules!
Signature:
Signature:agents:
Signature:agents:agent_type:0:A
Signature:agents:agent_type:1:B
Signature:sites:
Signature:sites:0:
Signature:sites:0:site_type:0->x(internal state)
Signature:sites:0:site_type:1->z(binding state)
Signature:sites:0:site_type:2->t(binding state)
Signature:sites:1:
Signature:sites:1:site_type:0->x(internal state)
Signature:sites:1:site_type:1->z(binding state)
Signature:sites:1:site_type:2->t(binding state)
Signature:states: 
Signature:states:0:
Signature:states:0:0:
Signature:states:0:0:state_id:0->u
Signature:states:0:1:
Signature:states:0:1:state_id:0->free
Signature:states:0:1:state_id:1->agent_type:1@site_type:1
Signature:states:0:2:
Signature:states:0:2:state_id:0->free
Signature:states:0:2:state_id:1->agent_type:1@site_type:2
Signature:states:1:
Signature:states:1:0:
Signature:states:1:0:state_id:0->u
Signature:states:1:1:
Signature:states:1:1:state_id:0->free
Signature:states:1:1:state_id:1->agent_type:0@site_type:1
Signature:states:1:2:
Signature:states:1:2:state_id:0->free
Signature:states:1:2:state_id:1->agent_type:0@site_type:2
Signature:duals: 
Signature:duals:0:
Signature:duals:0:1:
Signature:duals:0:1:1:
Signature:duals:0:1:1:agent_type:1,site_type:1,state_id:1
Signature:duals:0:2:
Signature:duals:0:2:1:
Signature:duals:0:2:1:agent_type:1,site_type:2,state_id:1
Signature:duals:1:
Signature:duals:1:1:
Signature:duals:1:1:1:
Signature:duals:1:1:1:agent_type:0,site_type:1,state_id:1
Signature:duals:1:2:
Signature:duals:1:2:1:
Signature:duals:1:2:1:agent_type:0,site_type:2,state_id:1
Compiling...
Generating the raw contact map...
Compilation:Compilation:agent definition:0:A:
Compilation:agent definition:       File "parallel_bonds.ka", line 1, characters 8-9:
Compilation:agent definition:       File "parallel_bonds.ka", line 4, characters 10-11:
Compilation:agent definition:       File "parallel_bonds.ka", line 7, characters 5-6:
Compilation:agent definition:       File "parallel_bonds.ka", line 7, characters 34-35:
Compilation:agent definition:       File "parallel_bonds.ka", line 8, characters 5-6:
Compilation:agent definition:       File "parallel_bonds.ka", line 8, characters 42-43:
Compilation:agent definition:       File "parallel_bonds.ka", line 9, characters 18-19:
Compilation:agent definition:       File "parallel_bonds.ka", line 9, characters 26-27:
Compilation:agent definition:       File "parallel_bonds.ka", line 9, characters 55-56:
Compilation:agent definition:       File "parallel_bonds.ka", line 9, characters 63-64:
Compilation:agent definition:       File "parallel_bonds.ka", line 10, characters 5-6:
Compilation:agent definition:1:B:
Compilation:agent definition:       File "parallel_bonds.ka", line 2, characters 8-9:
Compilation:agent definition:       File "parallel_bonds.ka", line 5, characters 10-11:
Compilation:agent definition:       File "parallel_bonds.ka", line 7, characters 18-19:
Compilation:agent definition:       File "parallel_bonds.ka", line 7, characters 47-48:
Compilation:agent definition:       File "parallel_bonds.ka", line 8, characters 18-19:
Compilation:agent definition:       File "parallel_bonds.ka", line 8, characters 26-27:
Compilation:agent definition:       File "parallel_bonds.ka", line 8, characters 55-56:
Compilation:agent definition:       File "parallel_bonds.ka", line 8, characters 63-64:
Compilation:agent definition:       File "parallel_bonds.ka", line 9, characters 5-6:
Compilation:agent definition:       File "parallel_bonds.ka", line 9, characters 42-43:
Compilation:agent definition:       File "parallel_bonds.ka", line 10, characters 18-19:
Compilation:rules:0:
Compilation:rules:0:lhs:
Compilation:rules:0:lhs:agent_id_0:
Compilation:rules:0:lhs:agent_id_0:agent_type_0:site_type_1->state:[state_min:0;state_max:0]
Compilation:rules:0:lhs:agent_id_0:agent_type_0:site_type_2->state:[state_min:0;state_max:0]
Compilation:rules:0:lhs:agent_id_1:
Compilation:rules:0:lhs:agent_id_1:agent_type_1:site_type_1->state:[state_min:0;state_max:0]
Compilation:rules:0:lhs:agent_id_1:agent_type_1:site_type_2->state:[state_min:0;state_max:0]
Compilation:rules:0:rhs:
Compilation:rules:0:rhs:agent_id_0:
Compilation:rules:0:rhs:agent_id_0:agent_type_0:site_type_1->state:[state_min:1;state_max:1]
Compilation:rules:0:rhs:agent_id_0:agent_type_0:site_type_2->state:[state_min:0;state_max:0]
Compilation:rules:0:rhs:agent_id_1:
Compilation:rules:0:rhs:agent_id_1:agent_type_1:site_type_1->state:[state_min:1;state_max:1]
Compilation:rules:0:rhs:agent_id_1:agent_type_1:site_type_2->state:[state_min:0;state_max:0]
Compilation:rules:0:rhs:bonds:agent_id_0:
Compilation:rules:0:rhs:bonds:agent_id_0:site_type_1->agent_id_1.site_type_1
Compilation:rules:0:rhs:bonds:agent_id_1:
Compilation:rules:0:rhs:bonds:agent_id_1:site_type_1->agent_id_0.site_type_1
Compilation:rules:0:direct:
Compilation:rules:0:direct:agent_id_0:
Compilation:rules:0:direct:agent_id_0:agent_type_0:site_type_1->state:[state_min:1;state_max:1]
Compilation:rules:0:direct:agent_id_1:
Compilation:rules:0:direct:agent_id_1:agent_type_1:site_type_1->state:[state_min:1;state_max:1]
Compilation:rules:0:reverse:
Compilation:rules:0:reverse:agent_id_0:
Compilation:rules:0:reverse:agent_id_0:agent_type_0:site_type_1->state:[state_min:0;state_max:0]
Compilation:rules:0:reverse:agent_id_1:
Compilation:rules:0:reverse:agent_id_1:agent_type_1:site_type_1->state:[state_min:0;state_max:0]
Compilation:rules:0:actions:binding:(agent_id_0,agent_type_0)@site_type_1----(agent_id_1,agent_type_1)@site_type_1
Compilation:rules:1:
Compilation:rules:1:lhs:
Compilation:rules:1:lhs:agent_id_0:
Compilation:rules:1:lhs:agent_id_0:agent_type_0:site_type_1->state:[state_min:1;state_max:1]
Compilation:rules:1:lhs:agent_id_0:agent_type_0:site_type_2->state:[state_min:0;state_max:0]
Compilation:rules:1:lhs:agent_id_1:
Compilation:rules:1:lhs:agent_id_1:agent_type_1:site_type_1->state:[state_min:1;state_max:1]
Compilation:rules:1:lhs:agent_id_2:
Compilation:rules:1:lhs:agent_id_2:agent_type_1:site_type_1->state:[state_min:0;state_max:0]
Compilation:rules:1:lhs:agent_id_2:agent_type_1:site_type_2->state:[state_min:0;state_max:0]
Compilation:rules:1:lhs:bonds:agent_id_0:
Compilation:rules:1:lhs:bonds:agent_id_0:site_type_1->agent_id_1.site_type_1
Compilation:rules:1:lhs:bonds:agent_id_1:
Compilation:rules:1:lhs:bonds:agent_id_1:site_type_1->agent_id_0.site_type_1
Compilation:rules:1:rhs:
Compilation:rules:1:rhs:agent_id_0:
Compilation:rules:1:rhs:agent_id_0:agent_type_0:site_type_1->state:[state_min:1;state_max:1]
Compilation:rules:1:rhs:agent_id_0:agent_type_0:site_type_2->state:[state_min:1;state_max:1]
Compilation:rules:1:rhs:agent_id_1:
Compilation:rules:1:rhs:agent_id_1:agent_type_1:site_type_1->state:[state_min:1;state_max:1]
Compilation:rules:1:rhs:agent_id_2:
Compilation:rules:1:rhs:agent_id_2:agent_type_1:site_type_1->state:[state_min:0;state_max:0]
Compilation:rules:1:rhs:agent_id_2:agent_type_1:site_type_2->state:[state_min:1;state_max:1]
Compilation:rules:1:rhs:bonds:agent_id_0:
Compilation:rules:1:rhs:bonds:agent_id_0:site_type_1->agent_id_1.site_type_1
Compilation:rules:1:rhs:bonds:agent_id_0:site_type_2->agent_id_2.site_type_2
Compilation:rules:1:rhs:bonds:agent_id_1:
Compilation:rules:1:rhs:bonds:agent_id_1:site_type_1->agent_id_0.site_type_1
Compilation:rules:1:rhs:bonds:agent_id_2:
Compilation:rules:1:rhs:bonds:agent_id_2:site_type_2->agent_id_0.site_type_2
Compilation:rules:1:direct:
Compilation:rules:1:direct:agent_id_0:
Compilation:rules:1:direct:agent_id_0:agent_type_0:site_type_2->state:[state_min:1;state_max:1]
Compilation:rules:1:direct:agent_id_1:
Compilation:rules:1:direct:agent_id_2:
Compilation:rules:1:direct:agent_id_2:agent_type_1:site_type_2->state:[state_min:1;state_max:1]
Compilation:rules:1:reverse:
Compilation:rules:1:reverse:agent_id_0:
Compilation:rules:1:reverse:agent_id_0:agent_type_0:site_type_2->state:[state_min:0;state_max:0]
Compilation:rules:1:reverse:agent_id_1:
Compilation:rules:1:reverse:agent_id_2:
Compilation:rules:1:reverse:agent_id_2:agent_type_1:site_type_2->state:[state_min:0;state_max:0]
Compilation:rules:1:actions:binding:(agent_id_0,agent_type_0)@site_type_2----(agent_id_2,agent_type_1)@site_type_2
Compilation:rules:2:
Compilation:rules:2:lhs:
Compilation:rules:2:lhs:agent_id_0:
Compilation:rules:2:lhs:agent_id_0:agent_type_1:site_type_1->state:[state_min:1;state_max:1]
Compilation:rules:2:lhs:agent_id_0:agent_type_1:site_type_2->state:[state_min:0;state_max:0]
Compilation:rules:2:lhs:agent_id_1:
Compilation:rules:2:lhs:agent_id_1:agent_type_0:site_type_1->state:[state_min:1;state_max:1]
Compilation:rules:2:lhs:agent_id_2:
Compilation:rules:2:lhs:agent_id_2:agent_type_0:site_type_1->state:[state_min:0;state_max:0]
Compilation:rules:2:lhs:agent_id_2:agent_type_0:site_type_2->state:[state_min:0;state_max:0]
Compilation:rules:2:lhs:bonds:agent_id_0:
Compilation:rules:2:lhs:bonds:agent_id_0:site_type_1->agent_id_1.site_type_1
Compilation:rules:2:lhs:bonds:agent_id_1:
Compilation:rules:2:lhs:bonds:agent_id_1:site_type_1->agent_id_0.site_type_1
Compilation:rules:2:rhs:
Compilation:rules:2:rhs:agent_id_0:
Compilation:rules:2:rhs:agent_id_0:agent_type_1:site_type_1->state:[state_min:1;state_max:1]
Compilation:rules:2:rhs:agent_id_0:agent_type_1:site_type_2->state:[state_min:1;state_max:1]
Compilation:rules:2:rhs:agent_id_1:
Compilation:rules:2:rhs:agent_id_1:agent_type_0:site_type_1->state:[state_min:1;state_max:1]
Compilation:rules:2:rhs:agent_id_2:
Compilation:rules:2:rhs:agent_id_2:agent_type_0:site_type_1->state:[state_min:0;state_max:0]
Compilation:rules:2:rhs:agent_id_2:agent_type_0:site_type_2->state:[state_min:1;state_max:1]
Compilation:rules:2:rhs:bonds:agent_id_0:
Compilation:rules:2:rhs:bonds:agent_id_0:site_type_1->agent_id_1.site_type_1
Compilation:rules:2:rhs:bonds:agent_id_0:site_type_2->agent_id_2.site_type_2
Compilation:rules:2:rhs:bonds:agent_id_1:
Compilation:rules:2:rhs:bonds:agent_id_1:site_type_1->agent_id_0.site_type_1
Compilation:rules:2:rhs:bonds:agent_id_2:
Compilation:rules:2:rhs:bonds:agent_id_2:site_type_2->agent_id_0.site_type_2
Compilation:rules:2:direct:
Compilation:rules:2:direct:agent_id_0:
Compilation:rules:2:direct:agent_id_0:agent_type_1:site_type_2->state:[state_min:1;state_max:1]
Compilation:rules:2:direct:agent_id_1:
Compilation:rules:2:direct:agent_id_2:
Compilation:rules:2:direct:agent_id_2:agent_type_0:site_type_2->state:[state_min:1;state_max:1]
Compilation:rules:2:reverse:
Compilation:rules:2:reverse:agent_id_0:
Compilation:rules:2:reverse:agent_id_0:agent_type_1:site_type_2->state:[state_min:0;state_max:0]
Compilation:rules:2:reverse:agent_id_1:
Compilation:rules:2:reverse:agent_id_2:
Compilation:rules:2:reverse:agent_id_2:agent_type_0:site_type_2->state:[state_min:0;state_max:0]
Compilation:rules:2:actions:binding:(agent_id_0,agent_type_1)@site_type_2----(agent_id_2,agent_type_0)@site_type_2
Compilation:rules:3:
Compilation:rules:3:lhs:
Compilation:rules:3:lhs:agent_id_0:
Compilation:rules:3:lhs:agent_id_0:agent_type_0:site_type_1->state:[state_min:1;state_max:1]
Compilation:rules:3:lhs:agent_id_0:agent_type_0:site_type_2->state:[state_min:1;state_max:1]
Compilation:rules:3:lhs:agent_id_1:
Compilation:rules:3:lhs:agent_id_1:agent_type_1:site_type_1->state:[state_min:1;state_max:1]
Compilation:rules:3:lhs:agent_id_1:agent_type_1:site_type_2->state:[state_min:1;state_max:1]
Compilation:rules:3:lhs:bonds:agent_id_0:
Compilation:rules:3:lhs:bonds:agent_id_0:site_type_1->agent_id_1.site_type_1
Compilation:rules:3:lhs:bonds:agent_id_0:site_type_2->agent_id_1.site_type_2
Compilation:rules:3:lhs:bonds:agent_id_1:
Compilation:rules:3:lhs:bonds:agent_id_1:site_type_1->agent_id_0.site_type_1
Compilation:rules:3:lhs:bonds:agent_id_1:site_type_2->agent_id_0.site_type_2
Compilation:rules:3:rhs:
Compilation:rules:3:rhs:agent_id_0:
Compilation:rules:3:rhs:agent_id_0:Ghost
Compilation:rules:3:rhs:agent_id_1:
Compilation:rules:3:rhs:agent_id_1:Ghost
Compilation:rules:3:direct:
Compilation:rules:3:reverse:
Compilation:rules:3:reverse:agent_id_0:
Compilation:rules:3:reverse:agent_id_0:agent_type_0:site_type_1->state:[state_min:1;state_max:1]
Compilation:rules:3:reverse:agent_id_0:agent_type_0:site_type_2->state:[state_min:1;state_max:1]
Compilation:rules:3:reverse:agent_id_1:
Compilation:rules:3:reverse:agent_id_1:agent_type_1:site_type_1->state:[state_min:1;state_max:1]
Compilation:rules:3:reverse:agent_id_1:agent_type_1:site_type_2->state:[state_min:1;state_max:1]
Compilation:rules:3:actions:unbinding:(agent_id_0,agent_type_0)@site_type_1....(agent_id_1,agent_type_1)@site_type_1
Compilation:rules:3:actions:unbinding:(agent_id_0,agent_type_0)@site_type_2....(agent_id_1,agent_type_1)@site_type_2
Compilation:rules:3:actions:deletion:(agent_id_0,agent_type_0)
Compilation:rules:3:actions:deletion:documented_site:(agent_id_0,agent_type_0)@site_type_1
Compilation:rules:3:actions:deletion:documented_site:(agent_id_0,agent_type_0)@site_type_2
Compilation:rules:3:actions:deletion:undocumented_site:(agent_id_0,agent_type_0)@site_type_0
Compilation:rules:3:actions:deletion:(agent_id_1,agent_type_1)
Compilation:rules:3:actions:deletion:documented_site:(agent_id_1,agent_type_1)@site_type_1
Compilation:rules:3:actions:deletion:documented_site:(agent_id_1,agent_type_1)@site_type_2
Compilation:rules:3:actions:deletion:undocumented_site:(agent_id_1,agent_type_1)@site_type_0
Compilation:initial_states:0:
Compilation:initial_states:0:mixture:
Compilation:initial_states:0:mixture:agent_id_0:
Compilation:initial_states:0:mixture:agent_id_0:agent_type_0:site_type_0->state:[state_min:0;state_max:0]
Compilation:initial_states:0:mixture:agent_id_0:agent_type_0:site_type_1->state:[state_min:0;state_max:0]
Compilation:initial_states:0:mixture:agent_id_0:agent_type_0:site_type_2->state:[state_min:0;state_max:0]
Compilation:initial_states:1:
Compilation:initial_states:1:mixture:
Compilation:initial_states:1:mixture:agent_id_0:
Compilation:initial_states:1:mixture:agent_id_0:agent_type_1:site_type_0->state:[state_min:0;state_max:0]
Compilation:initial_states:1:mixture:agent_id_0:agent_type_1:site_type_1->state:[state_min:0;state_max:0]
Compilation:initial_states:1:mixture:agent_id_0:agent_type_1:site_type_2->state:[state_min:0;state_max:0]
Generating the raw influence map...
Quarks:Quarkify
Quarks:Rule 0
Quarks:TEST
Quarks:rule_id:0,agent_type:0
Quarks:rule_id:0,agent_type:0,site_type:1,state:0
Quarks:rule_id:0,agent_type:0,site_type:2,state:0
Quarks:rule_id:0,agent_type:1
Quarks:rule_id:0,agent_type:1,site_type:1,state:0
Quarks:rule_id:0,agent_type:1,site_type:2,state:0
Quarks:CLEANING QUARKS FOR DEAD AGENTS
Quarks:CREATION
Quarks:REMOVAL
Quarks:MODIFICATION+
Quarks:rule_id:0,agent_type:0,site_type:1,state: bound
Quarks:rule_id:0,agent_type:0,site_type:1,state:1
Quarks:rule_id:0,agent_type:1,site_type:1,state: bound
Quarks:rule_id:0,agent_type:1,site_type:1,state:1
Quarks:MODIFICATION-
Quarks:rule_id:0,agent_type:0,site_type:1,state:0
Quarks:rule_id:0,agent_type:1,site_type:1,state:0
Quarks:HALF BOND BREAKING
Quarks:MODIF PLUS rule_id:0,agent_type:0,site_type:1,state: BOUND
Quarks:rule_id:0,agent_type:0,site_type:1,state:1
Quarks:MODIF PLUS rule_id:0,agent_type:1,site_type:1,state: BOUND
Quarks:rule_id:0,agent_type:1,site_type:1,state:1
Quarks:Rule 1
Quarks:TEST
Quarks:rule_id:1,agent_type:0
Quarks:rule_id:1,agent_type:0,site_type:1,state:1
Quarks:rule_id:1,agent_type:0,site_type:2,state:0
Quarks:rule_id:1,agent_type:1
Quarks:rule_id:1,agent_type:1,site_type:1,state:1
Quarks:rule_id:1,agent_type:1
Quarks:rule_id:1,agent_type:1,site_type:1,state:0
Quarks:rule_id:1,agent_type:1,site_type:2,state:0
Quarks:CLEANING QUARKS FOR DEAD AGENTS
Quarks:CREATION
Quarks:REMOVAL
Quarks:MODIFICATION+
Quarks:rule_id:1,agent_type:0,site_type:2,state: bound
Quarks:rule_id:1,agent_type:0,site_type:2,state:1
Quarks:rule_id:1,agent_type:1,site_type:2,state: bound
Quarks:rule_id:1,agent_type:1,site_type:2,state:1
Quarks:MODIFICATION-
Quarks:rule_id:1,agent_type:0,site_type:2,state:0
Quarks:rule_id:1,agent_type:1,site_type:2,state:0
Quarks:HALF BOND BREAKING
Quarks:MODIF PLUS rule_id:1,agent_type:0,site_type:2,state: BOUND
Quarks:rule_id:1,agent_type:0,site_type:2,state:1
Quarks:MODIF PLUS rule_id:1,agent_type:1,site_type:2,state: BOUND
Quarks:rule_id:1,agent_type:1,site_type:2,state:1
Quarks:Rule 2
Quarks:TEST
Quarks:rule_id:2,agent_type:1
Quarks:rule_id:2,agent_type:1,site_type:1,state:1
Quarks:rule_id:2,agent_type:1,site_type:2,state:0
Quarks:rule_id:2,agent_type:0
Quarks:rule_id:2,agent_type:0,site_type:1,state:1
Quarks:rule_id:2,agent_type:0
Quarks:rule_id:2,agent_type:0,site_type:1,state:0
Quarks:rule_id:2,agent_type:0,site_type:2,state:0
Quarks:CLEANING QUARKS FOR DEAD AGENTS
Quarks:CREATION
Quarks:REMOVAL
Quarks:MODIFICATION+
Quarks:rule_id:2,agent_type:1,site_type:2,state: bound
Quarks:rule_id:2,agent_type:1,site_type:2,state:1
Quarks:rule_id:2,agent_type:0,site_type:2,state: bound
Quarks:rule_id:2,agent_type:0,site_type:2,state:1
Quarks:MODIFICATION-
Quarks:rule_id:2,agent_type:1,site_type:2,state:0
Quarks:rule_id:2,agent_type:0,site_type:2,state:0
Quarks:HALF BOND BREAKING
Quarks:MODIF PLUS rule_id:2,agent_type:1,site_type:2,state: BOUND
Quarks:rule_id:2,agent_type:1,site_type:2,state:1
Quarks:MODIF PLUS rule_id:2,agent_type:0,site_type:2,state: BOUND
Quarks:rule_id:2,agent_type:0,site_type:2,state:1
Quarks:Rule 3
Quarks:TEST
Quarks:rule_id:3,agent_type:0
Quarks:rule_id:3,agent_type:0,site_type:1,state:1
Quarks:rule_id:3,agent_type:0,site_type:2,state:1
Quarks:rule_id:3,agent_type:1
Quarks:rule_id:3,agent_type:1,site_type:1,state:1
Quarks:rule_id:3,agent_type:1,site_type:2,state:1
Quarks:CLEANING QUARKS FOR DEAD AGENTS
Quarks:CREATION
Quarks:REMOVAL
Quarks:rule_id:3,agent_type:1
Quarks:rule_id:3,agent_type:0
Quarks:MODIFICATION+
Quarks:MODIFICATION-
Quarks:rule_id:3,agent_type:0,site_type:1,state: bound
Quarks:rule_id:3,agent_type:0,site_type:1,state:1
Quarks:rule_id:3,agent_type:0,site_type:2,state: bound
Quarks:rule_id:3,agent_type:0,site_type:2,state:1
Quarks:rule_id:3,agent_type:1,site_type:1,state: bound
Quarks:rule_id:3,agent_type:1,site_type:1,state:1
Quarks:rule_id:3,agent_type:1,site_type:2,state: bound
Quarks:rule_id:3,agent_type:1,site_type:2,state:1
Quarks:HALF BOND BREAKING
Quarks:MODIF MOINS: rule_id:3,agent_type:0,site_type:1,state: BOUND
Quarks:rule_id:3,agent_type:0,site_type:1,state:1
Quarks:MODIF MOINS: rule_id:3,agent_type:0,site_type:2,state: BOUND
Quarks:rule_id:3,agent_type:0,site_type:2,state:1
Quarks:MODIF MOINS: rule_id:3,agent_type:1,site_type:1,state: BOUND
Quarks:rule_id:3,agent_type:1,site_type:1,state:1
Quarks:MODIF MOINS: rule_id:3,agent_type:1,site_type:2,state: BOUND
Quarks:rule_id:3,agent_type:1,site_type:2,state:1

REMARKS: The notation [i] is a position of an agent in a rule/var. If a position is a negative number [-i], then it refers an agent that is connected to the agent at position (i-1) that is modified by side effects.
Quarks:agent_test**:agent_type:0,rule:0->[0]
Quarks:agent_test**:agent_type:0,rule:1->[0]
Quarks:agent_test**:agent_type:0,rule:2->[1;2]
Quarks:agent_test**:agent_type:0,rule:3->[0]
Quarks:agent_test**:agent_type:1,rule:0->[1]
Quarks:agent_test**:agent_type:1,rule:1->[1;2]
Quarks:agent_test**:agent_type:1,rule:2->[0]
Quarks:agent_test**:agent_type:1,rule:3->[1]
Quarks:agent_modif-:agent_type:1,rule:3->[1]
Quarks:agent_modif-:agent_type:0,rule:3->[0]
Quarks:site_test**:agent_type:0,site_type:1,state:0,rule:0->[0]
Quarks:site_test**:agent_type:0,site_type:1,state:0,rule:2->[2]
Quarks:site_test**:agent_type:0,site_type:1,state:1,rule:1->[0]
Quarks:site_test**:agent_type:0,site_type:1,state:1,rule:2->[1]
Quarks:site_test**:agent_type:0,site_type:1,state:1,rule:3->[0]
Quarks:site_test**:agent_type:0,site_type:2,state:0,rule:0->[0]
Quarks:site_test**:agent_type:0,site_type:2,state:0,rule:1->[0]
Quarks:site_test**:agent_type:0,site_type:2,state:0,rule:2->[2]
Quarks:site_test**:agent_type:0,site_type:2,state:1,rule:3->[0]
Quarks:site_test**:agent_type:1,site_type:1,state:0,rule:0->[1]
Quarks:site_test**:agent_type:1,site_type:1,state:0,rule:1->[2]
Quarks:site_test**:agent_type:1,site_type:1,state:1,rule:1->[1]
Quarks:site_test**:agent_type:1,site_type:1,state:1,rule:2->[0]
Quarks:site_test**:agent_type:1,site_type:1,state:1,rule:3->[1]
Quarks:site_test**:agent_type:1,site_type:2,state:0,rule:0->[1]
Quarks:site_test**:agent_type:1,site_type:2,state:0,rule:1->[2]
Quarks:site_test**:agent_type:1,site_type:2,state:0,rule:2->[0]
Quarks:site_test**:agent_type:1,site_type:2,state:1,rule:3->[1]
Quarks:site_modif+:agent_type:0,site_type:1,state:1,rule:0->[0]
Quarks:site_modif+:agent_type:0,site_type:2,state:1,rule:1->[0]
Quarks:site_modif+:agent_type:0,site_type:2,state:1,rule:2->[2]
Quarks:site_modif+:agent_type:1,site_type:1,state:1,rule:0->[1]
Quarks:site_modif+:agent_type:1,site_type:2,state:1,rule:1->[2]
Quarks:site_modif+:agent_type:1,site_type:2,state:1,rule:2->[0]
Quarks:site_modif-:agent_type:0,site_type:1,state:0,rule:0->[0]
Quarks:site_modif-:agent_type:0,site_type:1,state:1,rule:3->[0]
Quarks:site_modif-:agent_type:0,site_type:2,state:0,rule:1->[0]
Quarks:site_modif-:agent_type:0,site_type:2,state:0,rule:2->[2]
Quarks:site_modif-:agent_type:0,site_type:2,state:1,rule:3->[0]
Quarks:site_modif-:agent_type:1,site_type:1,state:0,rule:0->[1]
Quarks:site_modif-:agent_type:1,site_type:1,state:1,rule:3->[1]
Quarks:site_modif-:agent_type:1,site_type:2,state:0,rule:1->[2]
Quarks:site_modif-:agent_type:1,site_type:2,state:0,rule:2->[0]
Quarks:site_modif-:agent_type:1,site_type:2,state:1,rule:3->[1]
Refining the influence map...
Influence_map: The notation [i -> j] means an agent at position [i] of the first rule/var has an influence to an agent at position [j] of the second rule/var.
Influence_map:Wake_up_map:rule(0):'r1' A(z[.],t[.]),B(z[.],t[.])->A(z[1],t[.]),B(z[1],t[.]) -> rule(1):'r2' A(z[1],t[.]),B(z[1]),B(z[.],t[.])->A(z[1],t[2]),B(z[1]),B(z[.],t[2])[0->0];[1->1]
Influence_map:Wake_up_map:rule(0):'r1' A(z[.],t[.]),B(z[.],t[.])->A(z[1],t[.]),B(z[1],t[.]) -> rule(2):'r3' B(z[1],t[.]),A(z[1]),A(z[.],t[.])->B(z[1],t[2]),A(z[1]),A(z[.],t[2])[0->1];[1->0]
Influence_map:Inhibition_map:rule(0):'r1' A(z[.],t[.]),B(z[.],t[.])->A(z[1],t[.]),B(z[1],t[.]) -> rule(1):'r2' A(z[1],t[.]),B(z[1]),B(z[.],t[.])->A(z[1],t[2]),B(z[1]),B(z[.],t[2])[1->2]
Influence_map:Inhibition_map:rule(0):'r1' A(z[.],t[.]),B(z[.],t[.])->A(z[1],t[.]),B(z[1],t[.]) -> rule(2):'r3' B(z[1],t[.]),A(z[1]),A(z[.],t[.])->B(z[1],t[2]),A(z[1]),A(z[.],t[2])[0->2]
Influence_map:Inhibition_map:rule(1):'r2' A(z[1],t[.]),B(z[1]),B(z[.],t[.])->A(z[1],t[2]),B(z[1]),B(z[.],t[2]) -> rule(0):'r1' A(z[.],t[.]),B(z[.],t[.])->A(z[1],t[.]),B(z[1],t[.])[2->1]
Influence_map:Inhibition_map:rule(2):'r3' B(z[1],t[.]),A(z[1]),A(z[.],t[.])->B(z[1],t[2]),A(z[1]),A(z[.],t[2]) -> rule(0):'r1' A(z[.],t[.]),B(z[.],t[.])->A(z[1],t[.]),B(z[1],t[.])[2->0]
Reachability analysis...
	Views in initial state:

INTENSIONAL DESCRIPTION:
Id=19
 Node(site_type:1<0)
  Id=0
   Leaf False 

  Id=18
   Node(site_type:1<1)
    Id=7
     Node(site_type:2<0)
      Id=0
       Leaf False 

      Id=6
       Node(site_type:2<1)
        Id=5
         Node(site_type:3<0)
          Id=0
           Leaf False 

          Id=4
           Node(site_type:3<1)
            Id=1
             Leaf True 

            Id=0
             Leaf False 

        Id=0
         Leaf False 

    Id=0
     Leaf False 

EXTENSIONAL DESCRIPTION:
		A(x{u},z[.],t[.])

	Views in initial state:

INTENSIONAL DESCRIPTION:
Id=19
 Node(site_type:1<0)
  Id=0
   Leaf False 

  Id=18
   Node(site_type:1<1)
    Id=7
     Node(site_type:2<0)
      Id=0
       Leaf False 

      Id=6
       Node(site_type:2<1)
        Id=5
         Node(site_type:3<0)
          Id=0
           Leaf False 

          Id=4
           Node(site_type:3<1)
            Id=1
             Leaf True 

            Id=0
             Leaf False 

        Id=0
         Leaf False 

    Id=0
     Leaf False 

EXTENSIONAL DESCRIPTION:
		B(x{u},z[.],t[.])


	Applying rule r1 (File "parallel_bonds.ka", line 7, characters 5-63:):
		the precondition is satisfied

		rule r1 (File "parallel_bonds.ka", line 7, characters 5-63:) is applied for the first time

		Updating the views for A(x{},z[],t[])

INTENSIONAL DESCRIPTION:
Id=21
 Node(site_type:1<0)
  Id=0
   Leaf False 

  Id=20
   Node(site_type:1<1)
    Id=11
     Node(site_type:2<1)
      Id=0
       Leaf False 

      Id=10
       Node(site_type:2<2)
        Id=5
         Node(site_type:3<0)
          Id=0
           Leaf False 

          Id=4
           Node(site_type:3<1)
            Id=1
             Leaf True 

            Id=0
             Leaf False 

        Id=0
         Leaf False 

    Id=0
     Leaf False 

EXTENSIONAL DESCRIPTION:
		A(x{u},z[z.B],t[.])


		Updating the views for B(x{},z[],t[])

INTENSIONAL DESCRIPTION:
Id=21
 Node(site_type:1<0)
  Id=0
   Leaf False 

  Id=20
   Node(site_type:1<1)
    Id=11
     Node(site_type:2<1)
      Id=0
       Leaf False 

      Id=10
       Node(site_type:2<2)
        Id=5
         Node(site_type:3<0)
          Id=0
           Leaf False 

          Id=4
           Node(site_type:3<1)
            Id=1
             Leaf True 

            Id=0
             Leaf False 

        Id=0
         Leaf False 

    Id=0
     Leaf False 

EXTENSIONAL DESCRIPTION:
		B(x{u},z[z.A],t[.])


	Applying rule r2 (File "parallel_bonds.ka", line 8, characters 5-79:):
		the precondition is satisfied

		rule r2 (File "parallel_bonds.ka", line 8, characters 5-79:) is applied for the first time

		Updating the views for A(x{},z[],t[])

INTENSIONAL DESCRIPTION:
Id=28
 Node(site_type:1<0)
  Id=0
   Leaf False 

  Id=27
   Node(site_type:1<1)
    Id=15
     Node(site_type:2<1)
      Id=0
       Leaf False 

      Id=14
       Node(site_type:2<2)
        Id=13
         Node(site_type:3<1)
          Id=0
           Leaf False 

          Id=12
           Node(site_type:3<2)
            Id=1
             Leaf True 

            Id=0
             Leaf False 

        Id=0
         Leaf False 

    Id=0
     Leaf False 

EXTENSIONAL DESCRIPTION:
		A(x{u},z[z.B],t[t.B])


		Updating the views for B(x{},z[],t[])

		Updating the views for B(x{},z[],t[])

INTENSIONAL DESCRIPTION:
Id=38
 Node(site_type:1<0)
  Id=0
   Leaf False 

  Id=37
   Node(site_type:1<1)
    Id=36
     Node(site_type:2<0)
      Id=0
       Leaf False 

      Id=35
       Node(site_type:2<1)
        Id=13
         Node(site_type:3<1)
          Id=0
           Leaf False 

          Id=12
           Node(site_type:3<2)
            Id=1
             Leaf True 

            Id=0
             Leaf False 

        Id=0
         Leaf False 

    Id=0
     Leaf False 

EXTENSIONAL DESCRIPTION:
		B(x{u},z[.],t[t.A])


	Applying rule r3 (File "parallel_bonds.ka", line 9, characters 5-79:):
		the precondition is satisfied

		rule r3 (File "parallel_bonds.ka", line 9, characters 5-79:) is applied for the first time

		Updating the views for B(x{},z[],t[])

INTENSIONAL DESCRIPTION:
Id=28
 Node(site_type:1<0)
  Id=0
   Leaf False 

  Id=27
   Node(site_type:1<1)
    Id=15
     Node(site_type:2<1)
      Id=0
       Leaf False 

      Id=14
       Node(site_type:2<2)
        Id=13
         Node(site_type:3<1)
          Id=0
           Leaf False 

          Id=12
           Node(site_type:3<2)
            Id=1
             Leaf True 

            Id=0
             Leaf False 

        Id=0
         Leaf False 

    Id=0
     Leaf False 

EXTENSIONAL DESCRIPTION:
		B(x{u},z[z.A],t[t.A])


		Updating the views for A(x{},z[],t[])

		Updating the views for A(x{},z[],t[])

INTENSIONAL DESCRIPTION:
Id=38
 Node(site_type:1<0)
  Id=0
   Leaf False 

  Id=37
   Node(site_type:1<1)
    Id=36
     Node(site_type:2<0)
      Id=0
       Leaf False 

      Id=35
       Node(site_type:2<1)
        Id=13
         Node(site_type:3<1)
          Id=0
           Leaf False 

          Id=12
           Node(site_type:3<2)
            Id=1
             Leaf True 

            Id=0
             Leaf False 

        Id=0
         Leaf False 

    Id=0
     Leaf False 

EXTENSIONAL DESCRIPTION:
		A(x{u},z[.],t[t.B])


	Applying rule r4 (File "parallel_bonds.ka", line 10, characters 5-41:):
		the precondition is not satisfied yet

	Applying rule r1 (File "parallel_bonds.ka", line 7, characters 5-63:):
		the precondition is satisfied

		Updating the views for A(x{},z[],t[])

		Updating the views for B(x{},z[],t[])

	Applying rule r2 (File "parallel_bonds.ka", line 8, characters 5-79:):
		the precondition is satisfied

		Updating the views for A(x{},z[],t[])

		Updating the views for B(x{},z[],t[])

		Updating the views for B(x{},z[],t[])

	Applying rule r3 (File "parallel_bonds.ka", line 9, characters 5-79:):
		the precondition is satisfied

		Updating the views for B(x{},z[],t[])

		Updating the views for A(x{},z[],t[])

		Updating the views for A(x{},z[],t[])

------------------------------------------------------------
* There are some non applyable rules
------------------------------------------------------------
rule r4 (File "parallel_bonds.ka", line 10, characters 5-41:) will never be applied.
------------------------------------------------------------
every agent may occur in the model

------------------------------------------------------------
* Fixpoint iteration :
------------------------------------------------------------
agent_type:0:A:cv_id:0
Id=58
 Node(site_type:1<0)
  Id=0
   Leaf False 

  Id=57
   Node(site_type:1<1)
    Id=56
     Node(site_type:2<0)
      Id=0
       Leaf False 

      Id=30
       Node(site_type:2<2)
        Id=29
         Node(site_type:3<0)
          Id=0
           Leaf False 

          Id=12
           Node(site_type:3<2)
            Id=1
             Leaf True 

            Id=0
             Leaf False 

        Id=0
         Leaf False 

    Id=0
     Leaf False 

agent_type:1:B:cv_id:0
Id=58
 Node(site_type:1<0)
  Id=0
   Leaf False 

  Id=57
   Node(site_type:1<1)
    Id=56
     Node(site_type:2<0)
      Id=0
       Leaf False 

      Id=30
       Node(site_type:2<2)
        Id=29
         Node(site_type:3<0)
          Id=0
           Leaf False 

          Id=12
           Node(site_type:3<2)
            Id=1
             Leaf True 

            Id=0
             Leaf False 

        Id=0
         Leaf False 

    Id=0
     Leaf False 


------------------------------------------------------------
* Non relational properties:
------------------------------------------------------------
INTENSIONAL DESCRIPTION:
Id=50
 Node(site_type:2<0)
  Id=0
   Leaf False 

  Id=8
   Node(site_type:2<2)
    Id=1
     Leaf True 

    Id=0
     Leaf False 

EXTENSIONAL DESCRIPTION:
INTENSIONAL DESCRIPTION:
Id=69
 Node(site_type:1<0)
  Id=0
   Leaf False 

  Id=43
   Node(site_type:1<2)
    Id=1
     Leaf True 

    Id=0
     Leaf False 

EXTENSIONAL DESCRIPTION:
INTENSIONAL DESCRIPTION:
Id=68
 Node(site_type:0<0)
  Id=0
   Leaf False 

  Id=67
   Node(site_type:0<1)
    Id=1
     Leaf True 

    Id=0
     Leaf False 

EXTENSIONAL DESCRIPTION:
INTENSIONAL DESCRIPTION:
Id=50
 Node(site_type:2<0)
  Id=0
   Leaf False 

  Id=8
   Node(site_type:2<2)
    Id=1
     Leaf True 

    Id=0
     Leaf False 

EXTENSIONAL DESCRIPTION:
INTENSIONAL DESCRIPTION:
Id=69
 Node(site_type:1<0)
  Id=0
   Leaf False 

  Id=43
   Node(site_type:1<2)
    Id=1
     Leaf True 

    Id=0
     Leaf False 

EXTENSIONAL DESCRIPTION:
INTENSIONAL DESCRIPTION:
Id=68
 Node(site_type:0<0)
  Id=0
   Leaf False 

  Id=67
   Node(site_type:0<1)
    Id=1
     Leaf True 

    Id=0
     Leaf False 

EXTENSIONAL DESCRIPTION:
A(t) => [ A(t[.]) v A(t[t.B]) ]
A(x) => A(x{u})
A(z) => [ A(z[.]) v A(z[z.B]) ]
B(t) => [ B(t[.]) v B(t[t.A]) ]
B(x) => B(x{u})
B(z) => [ B(z[.]) v B(z[z.A]) ]

------------------------------------------------------------
* Relational properties:
------------------------------------------------------------
INTENSIONAL DESCRIPTION:
Id=50
 Node(site_type:2<0)
  Id=0
   Leaf False 

  Id=8
   Node(site_type:2<2)
    Id=1
     Leaf True 

    Id=0
     Leaf False 

EXTENSIONAL DESCRIPTION:
INTENSIONAL DESCRIPTION:
Id=69
 Node(site_type:1<0)
  Id=0
   Leaf False 

  Id=43
   Node(site_type:1<2)
    Id=1
     Leaf True 

    Id=0
     Leaf False 

EXTENSIONAL DESCRIPTION:
INTENSIONAL DESCRIPTION:
Id=68
 Node(site_type:0<0)
  Id=0
   Leaf False 

  Id=67
   Node(site_type:0<1)
    Id=1
     Leaf True 

    Id=0
     Leaf False 

EXTENSIONAL DESCRIPTION:
INTENSIONAL DESCRIPTION:
Id=50
 Node(site_type:2<0)
  Id=0
   Leaf False 

  Id=8
   Node(site_type:2<2)
    Id=1
     Leaf True 

    Id=0
     Leaf False 

EXTENSIONAL DESCRIPTION:
INTENSIONAL DESCRIPTION:
Id=69
 Node(site_type:1<0)
  Id=0
   Leaf False 

  Id=43
   Node(site_type:1<2)
    Id=1
     Leaf True 

    Id=0
     Leaf False 

EXTENSIONAL DESCRIPTION:
INTENSIONAL DESCRIPTION:
Id=68
 Node(site_type:0<0)
  Id=0
   Leaf False 

  Id=67
   Node(site_type:0<1)
    Id=1
     Leaf True 

    Id=0
     Leaf False 

EXTENSIONAL DESCRIPTION:
------------------------------------------------------------
* Properties in connected agents
------------------------------------------------------------
A(t[1]),B(t[1]) => 
	[
		  A(t[1],z[z.B]),B(t[1],z[.])
		v A(t[1],z[.]),B(t[1],z[z.A])
	]
------------------------------------------------------------
* Properties of pairs of bonds
------------------------------------------------------------
A(t[t.B],z[z.B]) => A(t[2],z[1]),B(z[1]),B(t[2])
B(t[t.A],z[z.A]) => B(t[2],z[1]),A(z[1]),A(t[2])
------------------------------------------------------------
* Properties of counters
------------------------------------------------------------
INTENSIONAL DESCRIPTION:
Id=50
 Node(site_type:2<0)
  Id=0
   Leaf False 

  Id=8
   Node(site_type:2<2)
    Id=1
     Leaf True 

    Id=0
     Leaf False 

EXTENSIONAL DESCRIPTION:
INTENSIONAL DESCRIPTION:
Id=69
 Node(site_type:1<0)
  Id=0
   Leaf False 

  Id=43
   Node(site_type:1<2)
    Id=1
     Leaf True 

    Id=0
     Leaf False 

EXTENSIONAL DESCRIPTION:
INTENSIONAL DESCRIPTION:
Id=68
 Node(site_type:0<0)
  Id=0
   Leaf False 

  Id=67
   Node(site_type:0<1)
    Id=1
     Leaf True 

    Id=0
     Leaf False 

EXTENSIONAL DESCRIPTION:
INTENSIONAL DESCRIPTION:
Id=50
 Node(site_type:2<0)
  Id=0
   Leaf False 

  Id=8
   Node(site_type:2<2)
    Id=1
     Leaf True 

    Id=0
     Leaf False 

EXTENSIONAL DESCRIPTION:
INTENSIONAL DESCRIPTION:
Id=69
 Node(site_type:1<0)
  Id=0
   Leaf False 

  Id=43
   Node(site_type:1<2)
    Id=1
     Leaf True 

    Id=0
     Leaf False 

EXTENSIONAL DESCRIPTION:
INTENSIONAL DESCRIPTION:
Id=68
 Node(site_type:0<0)
  Id=0
   Leaf False 

  Id=67
   Node(site_type:0<1)
    Id=1
     Leaf True 

    Id=0
     Leaf False 

EXTENSIONAL DESCRIPTION:
INTENSIONAL DESCRIPTION:
Id=50
 Node(site_type:2<0)
  Id=0
   Leaf False 

  Id=8
   Node(site_type:2<2)
    Id=1
     Leaf True 

    Id=0
     Leaf False 

EXTENSIONAL DESCRIPTION:
INTENSIONAL DESCRIPTION:
Id=69
 Node(site_type:1<0)
  Id=0
   Leaf False 

  Id=43
   Node(site_type:1<2)
    Id=1
     Leaf True 

    Id=0
     Leaf False 

EXTENSIONAL DESCRIPTION:
INTENSIONAL DESCRIPTION:
Id=68
 Node(site_type:0<0)
  Id=0
   Leaf False 

  Id=67
   Node(site_type:0<1)
    Id=1
     Leaf True 

    Id=0
     Leaf False 

EXTENSIONAL DESCRIPTION:
INTENSIONAL DESCRIPTION:
Id=50
 Node(site_type:2<0)
  Id=0
   Leaf False 

  Id=8
   Node(site_type:2<2)
    Id=1
     Leaf True 

    Id=0
     Leaf False 

EXTENSIONAL DESCRIPTION:
INTENSIONAL DESCRIPTION:
Id=69
 Node(site_type:1<0)
  Id=0
   Leaf False 

  Id=43
   Node(site_type:1<2)
    Id=1
     Leaf True 

    Id=0
     Leaf False 

EXTENSIONAL DESCRIPTION:
INTENSIONAL DESCRIPTION:
Id=68
 Node(site_type:0<0)
  Id=0
   Leaf False 

  Id=67
   Node(site_type:0<1)
    Id=1
     Leaf True 

    Id=0
     Leaf False 

EXTENSIONAL DESCRIPTION:
------------------------------------------------------------
* Export Views domain - non relational properties to JSon (internal constraints_list):
------------------------------------------------------------
A(t)=> [
		  A(t[.])
		v A(t[t.B])]
A(x)=> [A(x{u})]
A(z)=> [
		  A(z[.])
		v A(z[z.B])]
B(t)=> [
		  B(t[.])
		v B(t[t.A])]
B(x)=> [B(x{u})]
B(z)=> [
		  B(z[.])
		v B(z[z.A])]

------------------------------------------------------------
* Export Views domain - relational properties to JSon (internal constraints_list):
------------------------------------------------------------

------------------------------------------------------------
* Export Connected agents to JSon (internal constraints_list):
------------------------------------------------------------
A(t[1]),B(t[1])=> [
		  A(t[1],z[z.B]),B(t[1],z[.])
		v A(t[1],z[.]),B(t[1],z[z.A])]

------------------------------------------------------------
* Export Parallel bonds to JSon (internal constraints_list):
------------------------------------------------------------
A(t[t.B],z[z.B])=> [A(t[2],z[1]),B(z[1]),B(t[2])]
B(t[t.A],z[z.A])=> [B(t[2],z[1]),A(z[1]),A(t[2])]

------------------------------------------------------------
* Export Counters to JSon (internal constraints_list):
------------------------------------------------------------

execution finished without any exception
