#Download sources/binaries at https://github.com/Kappa-Dev/KaSim
#
#Command line is: KaSa agent_order.ka --debugging-mode --output-directory output
#
#This file contains the description of the influence map in dot.
#Please use graphviz (http://www.graphviz.org) or OmniGraffle to export it to a PDF
#
digraph G{
"bind" [shape="box" fillcolor="#87ceeb" style=filled];
"remove" [shape="box" fillcolor="#87ceeb" style=filled];
"remove" -> "bind" [label="[1->1];[2->0]" color="#00ff00"];
"remove" -> "remove" [label="[2->0];[2->1]" color="#00ff00"];
"remove" -> "bind" [label="[1->1];[2->0]" color="#ff0000" arrowhead="tee"];
"remove" -> "remove" [label="[2->0];[2->1]" color="#ff0000" arrowhead="tee"];
}
