/* Compression of 1 causal flows obtained in average at 8.741410E+00 t.u */
/* Compressed causal flows were: [35] */
digraph G{
 ranksep=.5 ;
{ rank = same ; "0" [shape=plaintext] ;
node_1 [label="Intro A", shape=house, style=filled, fillcolor=green] ;
node_2 [label="Intro A", shape=house, style=filled, fillcolor=green] ;
node_3 [label="Intro A", shape=house, style=filled, fillcolor=green] ;
node_4 [label="Intro A", shape=house, style=filled, fillcolor=green] ;
node_5 [label="Intro A", shape=house, style=filled, fillcolor=green] ;
node_6 [label="Intro A", shape=house, style=filled, fillcolor=green] ;
node_7 [label="Intro A", shape=house, style=filled, fillcolor=green] ;
node_8 [label="Intro A", shape=house, style=filled, fillcolor=green] ;
node_9 [label="Intro A", shape=house, style=filled, fillcolor=green] ;
node_10 [label="Intro A", shape=house, style=filled, fillcolor=green] ;
node_11 [label="Intro K", shape=house, style=filled, fillcolor=green] ;
node_12 [label="Intro K", shape=house, style=filled, fillcolor=green] ;
node_13 [label="Intro K", shape=house, style=filled, fillcolor=green] ;
node_14 [label="Intro K", shape=house, style=filled, fillcolor=green] ;
node_15 [label="Intro K", shape=house, style=filled, fillcolor=green] ;
node_16 [label="Intro K", shape=house, style=filled, fillcolor=green] ;
node_17 [label="Intro K", shape=house, style=filled, fillcolor=green] ;
node_18 [label="Intro K", shape=house, style=filled, fillcolor=green] ;
node_19 [label="Intro K", shape=house, style=filled, fillcolor=green] ;
node_20 [label="Intro K", shape=house, style=filled, fillcolor=green] ;
}
{ rank = same ; "1" [shape=plaintext] ;
node_21 [label="A(y),K(x)->A(y!0),K(x!0)", shape=invhouse, style=filled, fillcolor = lightblue] ;
node_22 [label="A(z),K(x)->A(z!0),K(x!0)", shape=invhouse, style=filled, fillcolor = lightblue] ;
node_23 [label="A(z),K(x)->A(z!0),K(x!0)", shape=invhouse, style=filled, fillcolor = lightblue] ;
node_24 [label="A(z),K(x)->A(z!0),K(x!0)", shape=invhouse, style=filled, fillcolor = lightblue] ;
node_25 [label="A(y),K(x)->A(y!0),K(x!0)", shape=invhouse, style=filled, fillcolor = lightblue] ;
node_26 [label="A(z),K(x)->A(z!0),K(x!0)", shape=invhouse, style=filled, fillcolor = lightblue] ;
node_27 [label="A(y),K(x)->A(y!0),K(x!0)", shape=invhouse, style=filled, fillcolor = lightblue] ;
node_28 [label="A(y),K(x)->A(y!0),K(x!0)", shape=invhouse, style=filled, fillcolor = lightblue] ;
node_29 [label="A(z),K(x)->A(z!0),K(x!0)", shape=invhouse, style=filled, fillcolor = lightblue] ;
node_30 [label="A(y),K(x)->A(y!0),K(x!0)", shape=invhouse, style=filled, fillcolor = lightblue] ;
}
{ rank = same ; "2" [shape=plaintext] ;
node_31 [label="K(x!_)->K(x)", shape=invhouse, style=filled, fillcolor = lightblue] ;
node_35 [label="K(x!_)->K(x)", shape=invhouse, style=filled, fillcolor = lightblue] ;
node_37 [label="K(x!_)->K(x)", shape=invhouse, style=filled, fillcolor = lightblue] ;
node_39 [label="K(x!_)->K(x)", shape=invhouse, style=filled, fillcolor = lightblue] ;
node_40 [label="K(x!_)->K(x)", shape=invhouse, style=filled, fillcolor = lightblue] ;
node_43 [label="K(x!_)->K(x)", shape=invhouse, style=filled, fillcolor = lightblue] ;
node_47 [label="A(y~u!0),K(x!0)->A(y~p!0),K(x!0)", shape=invhouse, style=filled, fillcolor = lightblue] ;
node_49 [label="K(x!_)->K(x)", shape=invhouse, style=filled, fillcolor = lightblue] ;
node_59 [label="K(x!_)->K(x)", shape=invhouse, style=filled, fillcolor = lightblue] ;
node_60 [label="K(x!_)->K(x)", shape=invhouse, style=filled, fillcolor = lightblue] ;
node_81 [label="K(x!_)->K(x)", shape=invhouse, style=filled, fillcolor = lightblue] ;
}
{ rank = same ; "3" [shape=plaintext] ;
node_32 [label="A(z),K(x)->A(z!0),K(x!0)", shape=invhouse, style=filled, fillcolor = lightblue] ;
node_36 [label="A(z),K(x)->A(z!0),K(x!0)", shape=invhouse, style=filled, fillcolor = lightblue] ;
node_38 [label="A(z),K(x)->A(z!0),K(x!0)", shape=invhouse, style=filled, fillcolor = lightblue] ;
node_41 [label="A(y),K(x)->A(y!0),K(x!0)", shape=invhouse, style=filled, fillcolor = lightblue] ;
node_42 [label="A(z),K(x)->A(z!0),K(x!0)", shape=invhouse, style=filled, fillcolor = lightblue] ;
node_44 [label="A(y),K(x)->A(y!0),K(x!0)", shape=invhouse, style=filled, fillcolor = lightblue] ;
node_50 [label="A(z),K(x)->A(z!0),K(x!0)", shape=invhouse, style=filled, fillcolor = lightblue] ;
}
{ rank = same ; "4" [shape=plaintext] ;
node_33 [label="K(x!_)->K(x)", shape=invhouse, style=filled, fillcolor = lightblue] ;
node_45 [label="K(x!_)->K(x)", shape=invhouse, style=filled, fillcolor = lightblue] ;
node_46 [label="K(x!_)->K(x)", shape=invhouse, style=filled, fillcolor = lightblue] ;
node_51 [label="K(x!_)->K(x)", shape=invhouse, style=filled, fillcolor = lightblue] ;
node_53 [label="K(x!_)->K(x)", shape=invhouse, style=filled, fillcolor = lightblue] ;
node_57 [label="K(x!_)->K(x)", shape=invhouse, style=filled, fillcolor = lightblue] ;
node_64 [label="K(x!_)->K(x)", shape=invhouse, style=filled, fillcolor = lightblue] ;
}
{ rank = same ; "5" [shape=plaintext] ;
node_34 [label="A(z),K(x)->A(z!0),K(x!0)", shape=invhouse, style=filled, fillcolor = lightblue] ;
node_48 [label="A(z),K(x)->A(z!0),K(x!0)", shape=invhouse, style=filled, fillcolor = lightblue] ;
node_52 [label="A(y),K(x)->A(y!0),K(x!0)", shape=invhouse, style=filled, fillcolor = lightblue] ;
node_54 [label="A(z),K(x)->A(z!0),K(x!0)", shape=invhouse, style=filled, fillcolor = lightblue] ;
node_58 [label="A(y),K(x)->A(y!0),K(x!0)", shape=invhouse, style=filled, fillcolor = lightblue] ;
node_61 [label="A(z),K(x)->A(z!0),K(x!0)", shape=invhouse, style=filled, fillcolor = lightblue] ;
node_65 [label="A(z),K(x)->A(z!0),K(x!0)", shape=invhouse, style=filled, fillcolor = lightblue] ;
}
{ rank = same ; "6" [shape=plaintext] ;
node_55 [label="K(x!_)->K(x)", shape=invhouse, style=filled, fillcolor = lightblue] ;
node_62 [label="K(x!_)->K(x)", shape=invhouse, style=filled, fillcolor = lightblue] ;
node_66 [label="K(x!_)->K(x)", shape=invhouse, style=filled, fillcolor = lightblue] ;
node_70 [label="K(x!_)->K(x)", shape=invhouse, style=filled, fillcolor = lightblue] ;
node_74 [label="K(x!_)->K(x)", shape=invhouse, style=filled, fillcolor = lightblue] ;
node_79 [label="K(x!_)->K(x)", shape=invhouse, style=filled, fillcolor = lightblue] ;
node_92 [label="K(x!_)->K(x)", shape=invhouse, style=filled, fillcolor = lightblue] ;
}
{ rank = same ; "7" [shape=plaintext] ;
node_56 [label="A(y),K(x)->A(y!0),K(x!0)", shape=invhouse, style=filled, fillcolor = lightblue] ;
node_63 [label="A(z),K(x)->A(z!0),K(x!0)", shape=invhouse, style=filled, fillcolor = lightblue] ;
node_67 [label="A(y),K(x)->A(y!0),K(x!0)", shape=invhouse, style=filled, fillcolor = lightblue] ;
node_71 [label="A(z),K(x)->A(z!0),K(x!0)", shape=invhouse, style=filled, fillcolor = lightblue] ;
node_75 [label="A(z),K(x)->A(z!0),K(x!0)", shape=invhouse, style=filled, fillcolor = lightblue] ;
node_80 [label="A(z),K(x)->A(z!0),K(x!0)", shape=invhouse, style=filled, fillcolor = lightblue] ;
}
{ rank = same ; "8" [shape=plaintext] ;
node_68 [label="K(x!_)->K(x)", shape=invhouse, style=filled, fillcolor = lightblue] ;
node_77 [label="K(x!_)->K(x)", shape=invhouse, style=filled, fillcolor = lightblue] ;
node_82 [label="K(x!_)->K(x)", shape=invhouse, style=filled, fillcolor = lightblue] ;
node_83 [label="K(x!_)->K(x)", shape=invhouse, style=filled, fillcolor = lightblue] ;
node_90 [label="K(x!_)->K(x)", shape=invhouse, style=filled, fillcolor = lightblue] ;
node_100 [label="K(x!_)->K(x)", shape=invhouse, style=filled, fillcolor = lightblue] ;
}
{ rank = same ; "9" [shape=plaintext] ;
node_69 [label="A(y),K(x)->A(y!0),K(x!0)", shape=invhouse, style=filled, fillcolor = lightblue] ;
node_84 [label="A(y),K(x)->A(y!0),K(x!0)", shape=invhouse, style=filled, fillcolor = lightblue] ;
node_88 [label="A(y),K(x)->A(y!0),K(x!0)", shape=invhouse, style=filled, fillcolor = lightblue] ;
node_91 [label="A(y),K(x)->A(y!0),K(x!0)", shape=invhouse, style=filled, fillcolor = lightblue] ;
node_93 [label="A(y),K(x)->A(y!0),K(x!0)", shape=invhouse, style=filled, fillcolor = lightblue] ;
}
{ rank = same ; "10" [shape=plaintext] ;
node_72 [label="K(x!_)->K(x)", shape=invhouse, style=filled, fillcolor = lightblue] ;
node_86 [label="K(x!_)->K(x)", shape=invhouse, style=filled, fillcolor = lightblue] ;
node_94 [label="K(x!_)->K(x)", shape=invhouse, style=filled, fillcolor = lightblue] ;
node_96 [label="K(x!_)->K(x)", shape=invhouse, style=filled, fillcolor = lightblue] ;
node_103 [label="K(x!_)->K(x)", shape=invhouse, style=filled, fillcolor = lightblue] ;
}
{ rank = same ; "11" [shape=plaintext] ;
node_73 [label="A(z),K(x)->A(z!0),K(x!0)", shape=invhouse, style=filled, fillcolor = lightblue] ;
node_87 [label="A(y),K(x)->A(y!0),K(x!0)", shape=invhouse, style=filled, fillcolor = lightblue] ;
node_95 [label="A(z),K(x)->A(z!0),K(x!0)", shape=invhouse, style=filled, fillcolor = lightblue] ;
node_97 [label="A(y),K(x)->A(y!0),K(x!0)", shape=invhouse, style=filled, fillcolor = lightblue] ;
node_104 [label="A(z),K(x)->A(z!0),K(x!0)", shape=invhouse, style=filled, fillcolor = lightblue] ;
}
{ rank = same ; "12" [shape=plaintext] ;
node_76 [label="K(x!_)->K(x)", shape=invhouse, style=filled, fillcolor = lightblue] ;
node_98 [label="K(x!_)->K(x)", shape=invhouse, style=filled, fillcolor = lightblue] ;
node_101 [label="K(x!_)->K(x)", shape=invhouse, style=filled, fillcolor = lightblue] ;
node_106 [label="K(x!_)->K(x)", shape=invhouse, style=filled, fillcolor = lightblue] ;
node_112 [label="K(x!_)->K(x)", shape=invhouse, style=filled, fillcolor = lightblue] ;
}
{ rank = same ; "13" [shape=plaintext] ;
node_78 [label="A(z),K(x)->A(z!0),K(x!0)", shape=invhouse, style=filled, fillcolor = lightblue] ;
node_99 [label="A(y),K(x)->A(y!0),K(x!0)", shape=invhouse, style=filled, fillcolor = lightblue] ;
node_102 [label="A(y),K(x)->A(y!0),K(x!0)", shape=invhouse, style=filled, fillcolor = lightblue] ;
node_107 [label="A(z),K(x)->A(z!0),K(x!0)", shape=invhouse, style=filled, fillcolor = lightblue] ;
}
{ rank = same ; "14" [shape=plaintext] ;
node_85 [label="A(z~u!0),K(x!0)->A(z~p!0),K(x!0)", shape=invhouse, style=filled, fillcolor = lightblue] ;
node_89 [label="K(x!_)->K(x)", shape=invhouse, style=filled, fillcolor = lightblue] ;
node_105 [label="K(x!_)->K(x)", shape=invhouse, style=filled, fillcolor = lightblue] ;
node_108 [label="K(x!_)->K(x)", shape=invhouse, style=filled, fillcolor = lightblue] ;
node_110 [label="K(x!_)->K(x)", shape=invhouse, style=filled, fillcolor = lightblue] ;
}
{ rank = same ; "15" [shape=plaintext] ;
node_109 [label="A(y),K(x)->A(y!0),K(x!0)", shape=invhouse, style=filled, fillcolor = lightblue] ;
node_111 [label="A(z),K(x)->A(z!0),K(x!0)", shape=invhouse, style=filled, fillcolor = lightblue] ;
node_113 [label="A(y),K(x)->A(y!0),K(x!0)", shape=invhouse, style=filled, fillcolor = lightblue] ;
}
{ rank = same ; "16" [shape=plaintext] ;
node_114 [label="K(x!_)->K(x)", shape=invhouse, style=filled, fillcolor = lightblue] ;
node_115 [label="K(x!_)->K(x)", shape=invhouse, style=filled, fillcolor = lightblue] ;
node_117 [label="K(x!_)->K(x)", shape=invhouse, style=filled, fillcolor = lightblue] ;
}
{ rank = same ; "17" [shape=plaintext] ;
node_116 [label="A(y),K(x)->A(y!0),K(x!0)", shape=invhouse, style=filled, fillcolor = lightblue] ;
node_118 [label="A(z),K(x)->A(z!0),K(x!0)", shape=invhouse, style=filled, fillcolor = lightblue] ;
}
{ rank = same ; "18" [shape=plaintext] ;
node_119 [label="K(x!_)->K(x)", shape=invhouse, style=filled, fillcolor = lightblue] ;
node_120 [label="K(x!_)->K(x)", shape=invhouse, style=filled, fillcolor = lightblue] ;
}
{ rank = same ; "19" [shape=plaintext] ;
node_121 [label="GOAL", style=filled, fillcolor=red] ;
}
"0" -> "1" [style="invis"];
"1" -> "2" [style="invis"];
"2" -> "3" [style="invis"];
"3" -> "4" [style="invis"];
"4" -> "5" [style="invis"];
"5" -> "6" [style="invis"];
"6" -> "7" [style="invis"];
"7" -> "8" [style="invis"];
"8" -> "9" [style="invis"];
"9" -> "10" [style="invis"];
"10" -> "11" [style="invis"];
"11" -> "12" [style="invis"];
"12" -> "13" [style="invis"];
"13" -> "14" [style="invis"];
"14" -> "15" [style="invis"];
"15" -> "16" [style="invis"];
"16" -> "17" [style="invis"];
"17" -> "18" [style="invis"];
"18" -> "19" [style="invis"];
node_4 -> node_21
node_17 -> node_21
node_4 -> node_22
node_18 -> node_22
node_2 -> node_23
node_14 -> node_23
node_9 -> node_24
node_16 -> node_24
node_5 -> node_25
node_19 -> node_25
node_6 -> node_26
node_12 -> node_26
node_1 -> node_27
node_11 -> node_27
node_7 -> node_28
node_15 -> node_28
node_1 -> node_29
node_20 -> node_29
node_10 -> node_30
node_13 -> node_30
node_22 -> node_31
node_10 -> node_32
node_31 -> node_32
node_32 -> node_33
node_3 -> node_34
node_33 -> node_34
node_29 -> node_35
node_31 -> node_36
node_35 -> node_36
node_23 -> node_37
node_8 -> node_38
node_37 -> node_38
node_24 -> node_39
node_28 -> node_40
node_9 -> node_41
node_40 -> node_41
node_5 -> node_42
node_39 -> node_42
node_21 -> node_43
node_6 -> node_44
node_43 -> node_44
node_36 -> node_45
node_41 -> node_46
node_1 -> node_47
node_27 -> node_47
node_33 -> node_48
node_46 -> node_48
node_25 -> node_49
node_39 -> node_50
node_49 -> node_50
node_50 -> node_51
node_8 -> node_52
node_51 -> node_52
node_38 -> node_53
node_45 -> node_54
node_53 -> node_54
node_48 -> node_55
node_49 -> node_56
node_55 -> node_56
node_42 -> node_57
node_43 -> node_58
node_57 -> node_58
node_30 -> node_59
node_26 -> node_60
node_57 -> node_61
node_60 -> node_61
node_34 -> node_62
node_53 -> node_63
node_62 -> node_63
node_44 -> node_64
node_35 -> node_65
node_64 -> node_65
node_54 -> node_66
node_2 -> node_67
node_66 -> node_67
node_56 -> node_68
node_68 -> node_69
node_52 -> node_70
node_62 -> node_71
node_70 -> node_71
node_69 -> node_72
node_51 -> node_73
node_72 -> node_73
node_65 -> node_74
node_66 -> node_75
node_74 -> node_75
node_73 -> node_76
node_67 -> node_77
node_74 -> node_78
node_76 -> node_78
node_58 -> node_79
node_60 -> node_80
node_79 -> node_80
node_27 -> node_81
node_80 -> node_82
node_71 -> node_83
node_40 -> node_84
node_83 -> node_84
node_1 -> node_85
node_78 -> node_85
node_84 -> node_86
node_59 -> node_87
node_86 -> node_87
node_79 -> node_88
node_82 -> node_88
node_78 -> node_89
node_75 -> node_90
node_70 -> node_91
node_90 -> node_91
node_61 -> node_92
node_77 -> node_93
node_92 -> node_93
node_88 -> node_94
node_92 -> node_95
node_94 -> node_95
node_93 -> node_96
node_81 -> node_97
node_96 -> node_97
node_95 -> node_98
node_86 -> node_99
node_98 -> node_99
node_63 -> node_100
node_87 -> node_101
node_94 -> node_102
node_101 -> node_102
node_91 -> node_103
node_100 -> node_104
node_103 -> node_104
node_102 -> node_105
node_97 -> node_106
node_90 -> node_107
node_106 -> node_107
node_99 -> node_108
node_108 -> node_109
node_107 -> node_110
node_89 -> node_111
node_110 -> node_111
node_104 -> node_112
node_105 -> node_113
node_112 -> node_113
node_111 -> node_114
node_113 -> node_115
node_106 -> node_116
node_115 -> node_116
node_109 -> node_117
node_114 -> node_118
node_117 -> node_118
node_116 -> node_119
node_118 -> node_120
node_47 -> node_121
node_85 -> node_121
node_119 -> node_121
node_120 -> node_121
node_81 -> node_47 [style=dotted, arrowhead = tee]
node_89 -> node_85 [style=dotted, arrowhead = tee]
}
/*
*/
