Parsing scc3.ka...
done
Compiling...
Generating the raw contact map...
Reachability analysis...
------------------------------------------------------------
every rule may be applied
------------------------------------------------------------
every agent may occur in the model

------------------------------------------------------------
* Non relational properties:
------------------------------------------------------------
A() => [ A(x3[.]) v A(x3[x.B]) ]
A() => [ A(y3[.]) v A(y3[y.B]) ]
B() => [ B(x3[.]) v B(x3[x.A]) ]
B() => [ B(y3[.]) v B(y3[y.A]) ]

------------------------------------------------------------
* Relational properties:
------------------------------------------------------------
A(y3[y.B]) => A(x3[.],y3[y.B])
------------------------------------------------------------
* Properties in connected agents
------------------------------------------------------------
------------------------------------------------------------
* Properties of pairs of bonds
------------------------------------------------------------
Potential polymerization:
Generating the raw influence map...
Refining the influence map...
execution finished without any exception
