#Download sources/binaries at https://github.com/Kappa-Dev/KaSim
#
#Command line is: KaSa side_effects.ka --debugging-mode --output-directory output
#
#This file contains the description of the influence map in dot.
#Please use graphviz (http://www.graphviz.org) or OmniGraffle to export it to a PDF
#
digraph G{ 
node [shape=box, style=filled, fillcolor=lightskyblue];
"r0" ; 
"r1" ; 
"r2" ; 
"r3" ; 
"r4" ; 
"r5" ; 
"r6" ; 
"r7" ; 
"r8" ; 
"r9" ; 
"r10" ; 
"r11" ; 
edge [color=green, arrowhead=normal];
"r0" -> "r6"[label ="[0->0]"] ;
"r0" -> "r7"[label ="[0->0]"] ;
"r1" -> "r6"[label ="[0->1]"] ;
"r2" -> "r7"[label ="[0->2]"] ;
"r2" -> "r9"[label ="[0->0]"] ;
"r3" -> "r10"[label ="[0->0]"] ;
"r4" -> "r10"[label ="[0->1]"] ;
"r5" -> "r6"[label ="[0*->1]"] ;
"r5" -> "r7"[label ="[0*->1]"] ;
"r6" -> "r5"[label ="[0->0]"] ;
"r7" -> "r8"[label ="[0->1];[2->0]"] ;
"r9" -> "r6"[label ="[0*->0]"] ;
"r9" -> "r7"[label ="[0*->0]"] ;
"r10" -> "r11"[label ="[0->0]"] ;
"r11" -> "r10"[label ="[0*->1];[0->0]"] ;

edge [color=red, arrowhead=tee];
"r6" -> "r7"[label ="[0->0]"] ; 
"r7" -> "r6"[label ="[0->0]"] ; 
"r9" -> "r7"[label ="[0->2]"] ; 
"r9" -> "r8"[label ="[0*->1];[0->0]"] ; 

}
