Parsing model.ka...
done
+ simulation parameters
+ Sanity checks
+ Compiling...
+ Building initial simulation conditions...
	 -variable declarations
	 -rules
	 -interventions
	 -observables
	 -update_domain construction
	 3 (sub)observables 0 navigation steps
	 -initial conditions
+ Building initial state (200 agents)
Done
+ Command line to rerun is: 'KaSim' '--compile' '-make-sim' './tmp__KaSim-test-blob-marshal' '-seed' '496408597' '-d' 'output' 'model.ka' '-syntax' '4'
+ Loading simulation package ./tmp__KaSim-test-blob-marshal...
+ Building initial state (200 agents)
Done
+ Command line to rerun is: 'KaSim' '--compile' '-load-sim' './tmp__KaSim-test-blob-marshal' '-seed' '958076642' '-d' 'output' '-syntax' '4'
+ Loading simulation package ./tmp__KaSim-test-blob-marshal...
+ Building initial state (600 agents)
Done
+ Command line to rerun is: 'KaSim' '--compile' '-load-sim' './tmp__KaSim-test-blob-marshal' '-seed' '458154606' '-d' 'output' '-var' 'init' '300' '-syntax' '4'
