Parsing bet.ka...
done
+ Sanity checks
+ KaSa tools initialization
+ Compute the contact map
+ Compiling...
+ Building initial simulation conditions...
	 -simulation parameters
	 -variable declarations
	 -rules
	 -perturbations
	 -observables
	 -update_domain construction
	 -initial conditions
+ generate the network... 
	 -initial states 
	 -saturating the set of molecular species 
	 -tokens 
	 -variables 
	 -observables 
+ exporting the network... 
	 -main function 
	 -ode system 
	 -initial state 
	 -observables 
