Parsing dimmer.ka...
done
Compiling...
Generating the raw contact map...
Generating the raw influence map...
Refining the influence map...
Reachability analysis...

------------------------------------------------------------
* Dead rules :
------------------------------------------------------------
rule 6: obs will never be applied.

------------------------------------------------------------
* Dead agents :
------------------------------------------------------------

------------------------------------------------------------
* Relational properties:
------------------------------------------------------------
R() =>
   [
	  R(c,cr,n,x!E.x)
	v R(c!R.c,cr!R.n,n,x!E.x)
	v R(c!R.c,cr,n,x!E.x)
	v R(c!R.c,cr,n!R.cr,x!E.x)
	v R(c,cr,n,x)

	]

------------------------------------------------------------
* Non relational properties:
------------------------------------------------------------
E() => [ E(x) v E(x!R.x) ]
R() => [ R(n) v R(n!R.cr) ]
R() => [ R(cr) v R(cr!R.n) ]
R() => [ R(c) v R(c!R.c) ]
R() => [ R(x) v R(x!E.x) ]
------------------------------------------------------------
* Parallel bonds domain
------------------------------------------------------------
When the agent R has its site c bound to the site c of a R, and its site cr bound to the site n of a R, then both instances of R are necessarily the same.
When the agent R has its site c bound to the site c of a R, and its site n bound to the site cr of a R, then both instances of R are necessarily the same.
execution finished without any exception
