+ Command line is: 'KaSim' '-i' 'link_passing.ka' '-seed' '924556145' '-e' '10000' '-d' 'output'
Parsing link_passing.ka...
done
+ Initialized random number generator with seed 924556145
+ Building initial simulation conditions...
+ Compiling...
	 -simulation parameters
	 -agent signatures
	 -sanity checks
	 -KaSa tools initialization
+ Compute the contact map
	 -variable declarations
	 -rules
	 -observables
	 -perturbations
	 -initial conditions
	 Done
____________________________________________________________
############################################################
	 - removing events occurring after the last observable:
 (-2 events)
+ Producing causal compressions
	 - splitting initial events (no change)
	 - detecting siphons (+986 events)
	 - cutting concurrent events (-4190 events)
	 - detecting pseudo inverse events (-5266 events)
	 - detecting siphons (no change)
	 - cutting concurrent events (no change)
	 - detecting pseudo inverse events (no change)
	 - blackboard generation
	 - computing causal past of each observed events (2277)

____________________________________________________________
############################################################

Stats:
 number of step   : 3808
 longest story    : 6
 average length   : 6.
 geometric mean   : 6.

	 - causal flow compression (2277)

____________________________________________________________
############################################################



	 - weak flow compression (1)

____________________________________________________________
############################################################

+ Pretty printing 1 weakly compressed flow
Simulation ended
