Parsing binding_type.ka...
done
+ simulation parameters
+ Sanity checks
+ Compiling...
+ Building initial simulation conditions...
	 -variable declarations
	 -rules
	 -perturbations
	 -observables
	 -update_domain construction
	 7 (sub)observables 2 navigation steps
	 -initial conditions
+ Building initial state (256 agents)
Done
+ Command line to rerun is: 'KaSim' 'binding_type.ka' '-seed' '924556145' '-l' '10000' '-u' 'event' '-d' 'output' '--time-independent' '-syntax' '3'
____________________________________________________________
############################################################
+ Loading trace
	- removing events occurring after the last observable: -8216 events 
+ Producing causal compressions
	- splitting initial events: nothing has changed 
	- simplify the trace, 2084 events 
		- start iteration 1, 2084 events remaining 
				- alpha-conversion
				- detecting siphons: +550 events 
				- alpha-conversion
				- cutting concurrent events: -1843 events 
				- detecting pseudo inverse events: -194 events 
		- start iteration 2, 597 events remaining 
				- alpha-conversion
				- detecting siphons: nothing has changed 
				- alpha-conversion
				- cutting concurrent events: -97 events 
				- detecting pseudo inverse events: nothing has changed 
		- start iteration 3, 500 events remaining 
				- alpha-conversion
				- detecting siphons: nothing has changed 
				- alpha-conversion
				- cutting concurrent events: nothing has changed 
				- detecting pseudo inverse events: nothing has changed 
	- a fixpoint has been reached, 500 events remaining 
	- blackboard generation 
	- computing causal past of each observed events (100)

____________________________________________________________
############################################################



	 - weak flow compression (1)

____________________________________________________________
############################################################

+ Pretty printing 1 weakly compressed flow
Simulation ended
