/* Compression of 158 causal flows obtained in average at 4.411341E+00 t.u */
/* Compressed causal flows were: [35;36;37;45;49;53;57;60;66;67;77;80;82;85;
87;89;97;99;100;101;102;104;108;109;116;117;123;127;133;138;139;142;150;151;
154;156;158;161;162;166;167;173;182;184;185;197;203;209;210;211;213;219;222;
236;237;238;242;247;249;252;268;270;271;273;274;280;281;285;286;287;289;290;
292;294;307;312;313;314;318;329;336;339;341;346;347;349;350;351;352;360;368;
369;375;377;378;379;382;383;396;398;400;404;408;412;415;416;417;420;421;423;
425;426;431;434;435;448;449;460;462;471;473;475;476;485;487;489;490;495;496;
498;499;507;512;515;517;535;536;538;544;545;546;548;557;572;573;576;584;585;
586;591;593;594;596;597;602;603;604;623] */
digraph G{
 ranksep=.5 ;
{ rank = same ; "0" [shape=plaintext] ;
node_1 [label="Intro B", shape=house, style=filled, fillcolor=green] ;
node_2 [label="Intro A", shape=house, style=filled, fillcolor=green] ;
node_3 [label="Intro C", shape=house, style=filled, fillcolor=green] ;
node_4 [label="Intro C", shape=house, style=filled, fillcolor=green] ;
}
{ rank = same ; "1" [shape=plaintext] ;
node_5 [label="a.b", shape=invhouse, style=filled, fillcolor = lightblue] ;
}
{ rank = same ; "2" [shape=plaintext] ;
node_6 [label="ab.c", shape=invhouse, style=filled, fillcolor = lightblue] ;
}
{ rank = same ; "3" [shape=plaintext] ;
node_7 [label="mod x1", shape=invhouse, style=filled, fillcolor = lightblue] ;
}
{ rank = same ; "4" [shape=plaintext] ;
node_8 [label="ab.c", shape=invhouse, style=filled, fillcolor = lightblue] ;
}
{ rank = same ; "5" [shape=plaintext] ;
node_9 [label="mod x1", shape=invhouse, style=filled, fillcolor = lightblue] ;
}
{ rank = same ; "6" [shape=plaintext] ;
node_10 [label="Cpu", style=filled, fillcolor=red] ;
}
"0" -> "1" [style="invis"];
"1" -> "2" [style="invis"];
"2" -> "3" [style="invis"];
"3" -> "4" [style="invis"];
"4" -> "5" [style="invis"];
"5" -> "6" [style="invis"];
node_1 -> node_5
node_2 -> node_5
node_4 -> node_6
node_5 -> node_6
node_6 -> node_7
node_3 -> node_8
node_7 -> node_8
node_8 -> node_9
node_9 -> node_10
}
/*
*/
