/* Compression of 1 causal flows obtained in average at 2.064200E+01 t.u */
/* Compressed causal flows were: [3847] */
digraph G{
 ranksep=.5 ;
{ rank = same ; "0" [shape=plaintext] ;
node_1 [label="Intro A", shape=house, style=filled, fillcolor=green] ;
node_2 [label="Intro B", shape=house, style=filled, fillcolor=green] ;
node_3 [label="Intro A", shape=house, style=filled, fillcolor=green] ;
node_4 [label="Intro A", shape=house, style=filled, fillcolor=green] ;
node_5 [label="Intro B", shape=house, style=filled, fillcolor=green] ;
node_6 [label="Intro A", shape=house, style=filled, fillcolor=green] ;
node_7 [label="Intro B", shape=house, style=filled, fillcolor=green] ;
node_8 [label="Intro B", shape=house, style=filled, fillcolor=green] ;
node_9 [label="Intro C", shape=house, style=filled, fillcolor=green] ;
node_10 [label="Intro C", shape=house, style=filled, fillcolor=green] ;
node_11 [label="Intro C", shape=house, style=filled, fillcolor=green] ;
node_12 [label="Intro C", shape=house, style=filled, fillcolor=green] ;
node_13 [label="Intro C", shape=house, style=filled, fillcolor=green] ;
node_14 [label="Intro C", shape=house, style=filled, fillcolor=green] ;
node_15 [label="Intro C", shape=house, style=filled, fillcolor=green] ;
node_16 [label="Intro C", shape=house, style=filled, fillcolor=green] ;
node_17 [label="Intro C", shape=house, style=filled, fillcolor=green] ;
node_18 [label="Intro C", shape=house, style=filled, fillcolor=green] ;
node_19 [label="Intro C", shape=house, style=filled, fillcolor=green] ;
node_20 [label="Intro C", shape=house, style=filled, fillcolor=green] ;
node_21 [label="Intro C", shape=house, style=filled, fillcolor=green] ;
node_22 [label="Intro C", shape=house, style=filled, fillcolor=green] ;
node_23 [label="Intro C", shape=house, style=filled, fillcolor=green] ;
}
{ rank = same ; "1" [shape=plaintext] ;
node_24 [label="a.b", shape=invhouse, style=filled, fillcolor = lightblue] ;
node_28 [label="a.b", shape=invhouse, style=filled, fillcolor = lightblue] ;
node_32 [label="a.b", shape=invhouse, style=filled, fillcolor = lightblue] ;
node_38 [label="a.b", shape=invhouse, style=filled, fillcolor = lightblue] ;
}
{ rank = same ; "2" [shape=plaintext] ;
node_25 [label="ab.c", shape=invhouse, style=filled, fillcolor = lightblue] ;
node_29 [label="ab.c", shape=invhouse, style=filled, fillcolor = lightblue] ;
node_34 [label="ab.c", shape=invhouse, style=filled, fillcolor = lightblue] ;
node_40 [label="ab.c", shape=invhouse, style=filled, fillcolor = lightblue] ;
node_46 [label="a.b_op", shape=invhouse, style=filled, fillcolor = lightblue] ;
}
{ rank = same ; "3" [shape=plaintext] ;
node_26 [label="mod x1", shape=invhouse, style=filled, fillcolor = lightblue] ;
node_30 [label="mod x1", shape=invhouse, style=filled, fillcolor = lightblue] ;
node_36 [label="mod x1", shape=invhouse, style=filled, fillcolor = lightblue] ;
node_42 [label="mod x1", shape=invhouse, style=filled, fillcolor = lightblue] ;
}
{ rank = same ; "4" [shape=plaintext] ;
node_27 [label="ab.c", shape=invhouse, style=filled, fillcolor = lightblue] ;
node_33 [label="ab.c", shape=invhouse, style=filled, fillcolor = lightblue] ;
node_45 [label="ab.c", shape=invhouse, style=filled, fillcolor = lightblue] ;
}
{ rank = same ; "5" [shape=plaintext] ;
node_31 [label="mod x1", shape=invhouse, style=filled, fillcolor = lightblue] ;
node_37 [label="mod x1", shape=invhouse, style=filled, fillcolor = lightblue] ;
node_47 [label="mod x1", shape=invhouse, style=filled, fillcolor = lightblue] ;
}
{ rank = same ; "6" [shape=plaintext] ;
node_35 [label="ab.c", shape=invhouse, style=filled, fillcolor = lightblue] ;
node_39 [label="ab.c", shape=invhouse, style=filled, fillcolor = lightblue] ;
}
{ rank = same ; "7" [shape=plaintext] ;
node_41 [label="mod x1", shape=invhouse, style=filled, fillcolor = lightblue] ;
node_49 [label="mod x1", shape=invhouse, style=filled, fillcolor = lightblue] ;
}
{ rank = same ; "8" [shape=plaintext] ;
node_43 [label="ab.c", shape=invhouse, style=filled, fillcolor = lightblue] ;
node_51 [label="a.c", shape=invhouse, style=filled, fillcolor = lightblue] ;
}
{ rank = same ; "9" [shape=plaintext] ;
node_44 [label="mod x1", shape=invhouse, style=filled, fillcolor = lightblue] ;
node_52 [label="mod x2", shape=invhouse, style=filled, fillcolor = lightblue] ;
}
{ rank = same ; "10" [shape=plaintext] ;
node_48 [label="ab.c", shape=invhouse, style=filled, fillcolor = lightblue] ;
node_61 [label="a.c", shape=invhouse, style=filled, fillcolor = lightblue] ;
}
{ rank = same ; "11" [shape=plaintext] ;
node_50 [label="mod x1", shape=invhouse, style=filled, fillcolor = lightblue] ;
node_62 [label="mod x2", shape=invhouse, style=filled, fillcolor = lightblue] ;
}
{ rank = same ; "12" [shape=plaintext] ;
node_53 [label="ab.c", shape=invhouse, style=filled, fillcolor = lightblue] ;
}
{ rank = same ; "13" [shape=plaintext] ;
node_54 [label="mod x1", shape=invhouse, style=filled, fillcolor = lightblue] ;
}
{ rank = same ; "14" [shape=plaintext] ;
node_55 [label="ab.c", shape=invhouse, style=filled, fillcolor = lightblue] ;
}
{ rank = same ; "15" [shape=plaintext] ;
node_56 [label="mod x1", shape=invhouse, style=filled, fillcolor = lightblue] ;
}
{ rank = same ; "16" [shape=plaintext] ;
node_57 [label="ab.c", shape=invhouse, style=filled, fillcolor = lightblue] ;
}
{ rank = same ; "17" [shape=plaintext] ;
node_58 [label="mod x1", shape=invhouse, style=filled, fillcolor = lightblue] ;
}
{ rank = same ; "18" [shape=plaintext] ;
node_59 [label="ab.c", shape=invhouse, style=filled, fillcolor = lightblue] ;
}
{ rank = same ; "19" [shape=plaintext] ;
node_60 [label="mod x1", shape=invhouse, style=filled, fillcolor = lightblue] ;
}
{ rank = same ; "20" [shape=plaintext] ;
node_63 [label="a.c", shape=invhouse, style=filled, fillcolor = lightblue] ;
}
{ rank = same ; "21" [shape=plaintext] ;
node_64 [label="mod x2", shape=invhouse, style=filled, fillcolor = lightblue] ;
}
{ rank = same ; "22" [shape=plaintext] ;
node_65 [label="Cpp", style=filled, fillcolor=red] ;
}
"0" -> "1" [style="invis"];
"1" -> "2" [style="invis"];
"2" -> "3" [style="invis"];
"3" -> "4" [style="invis"];
"4" -> "5" [style="invis"];
"5" -> "6" [style="invis"];
"6" -> "7" [style="invis"];
"7" -> "8" [style="invis"];
"8" -> "9" [style="invis"];
"9" -> "10" [style="invis"];
"10" -> "11" [style="invis"];
"11" -> "12" [style="invis"];
"12" -> "13" [style="invis"];
"13" -> "14" [style="invis"];
"14" -> "15" [style="invis"];
"15" -> "16" [style="invis"];
"16" -> "17" [style="invis"];
"17" -> "18" [style="invis"];
"18" -> "19" [style="invis"];
"19" -> "20" [style="invis"];
"20" -> "21" [style="invis"];
"21" -> "22" [style="invis"];
node_1 -> node_24
node_2 -> node_24
node_1 -> node_25
node_22 -> node_25
node_24 -> node_25
node_22 -> node_26
node_25 -> node_26
node_11 -> node_27
node_24 -> node_27
node_26 -> node_27
node_3 -> node_28
node_8 -> node_28
node_3 -> node_29
node_15 -> node_29
node_28 -> node_29
node_15 -> node_30
node_29 -> node_30
node_11 -> node_31
node_27 -> node_31
node_5 -> node_32
node_6 -> node_32
node_18 -> node_33
node_28 -> node_33
node_30 -> node_33
node_6 -> node_34
node_16 -> node_34
node_32 -> node_34
node_14 -> node_35
node_24 -> node_35
node_31 -> node_35
node_16 -> node_36
node_34 -> node_36
node_18 -> node_37
node_33 -> node_37
node_4 -> node_38
node_7 -> node_38
node_20 -> node_39
node_28 -> node_39
node_37 -> node_39
node_4 -> node_40
node_23 -> node_40
node_38 -> node_40
node_20 -> node_41
node_39 -> node_41
node_23 -> node_42
node_40 -> node_42
node_13 -> node_43
node_28 -> node_43
node_41 -> node_43
node_13 -> node_44
node_43 -> node_44
node_19 -> node_45
node_38 -> node_45
node_42 -> node_45
node_38 -> node_46
node_19 -> node_47
node_45 -> node_47
node_17 -> node_48
node_28 -> node_48
node_44 -> node_48
node_14 -> node_49
node_35 -> node_49
node_17 -> node_50
node_48 -> node_50
node_14 -> node_51
node_46 -> node_51
node_47 -> node_51
node_49 -> node_51
node_14 -> node_52
node_46 -> node_52
node_49 -> node_52
node_51 -> node_52
node_12 -> node_53
node_28 -> node_53
node_50 -> node_53
node_12 -> node_54
node_53 -> node_54
node_9 -> node_55
node_28 -> node_55
node_54 -> node_55
node_9 -> node_56
node_55 -> node_56
node_21 -> node_57
node_28 -> node_57
node_56 -> node_57
node_21 -> node_58
node_57 -> node_58
node_10 -> node_59
node_28 -> node_59
node_58 -> node_59
node_10 -> node_60
node_59 -> node_60
node_16 -> node_61
node_36 -> node_61
node_46 -> node_61
node_52 -> node_61
node_16 -> node_62
node_36 -> node_62
node_46 -> node_62
node_61 -> node_62
node_10 -> node_63
node_46 -> node_63
node_60 -> node_63
node_62 -> node_63
node_10 -> node_64
node_46 -> node_64
node_60 -> node_64
node_63 -> node_64
node_60 -> node_65
node_64 -> node_65
node_46 -> node_45 [style=dotted, arrowhead = tee]
node_46 -> node_40 [style=dotted, arrowhead = tee]
}
/*
*/
