_____(1)
A(x!1(*x.B*)), B(x!1(*x.A*))
_____(1)
C(x1~u?, x2~u?)
_____(1)
C(x1~p?, x2~u?)
_____(1)
C(x1~p?, x2~p?)
_____(1)
A(x>>1), B(x>>1)
_____(1)
A(x!1(*x.B*)>>⊥), B(x!1(*x.A*)>>⊥)
_____(1)
A(x!3(*x.B*), c>>2), C(x1~u>>2), B(x!3(*x.A*))
_____(1)
C(x1~u>>p!1(*c.A*)>>⊥), A(c!1(*x1.C*)>>⊥)
_____(1)
A(x, c>>1), C(x1~p, x2~u>>1)
_____(1)
A(x, c!1(*x2.C*)>>⊥), C(x1~p, x2~u>>p!1(*c.A*)>>⊥)
_____(1)
C(x1~u?, x2~u?)
_____(1)
C(x1~p?, x2~u?)
_____(1)
C(x1~p?, x2~p?)
_____(1)
 (+ν) B(x), A(x, c)
_____(1)
 (+ν) C(x1~u, x2~u)
Environment:
  Signatures:
    A(x,c)
    B(x)
    C(x1~u~p,x2~u~p)
  Tokens: 
  Alg_expr:
    0:on_rate: 1.000000E-03
    1:off_rate: 1.000000E-01
    2:mod_rate: 1
    3:AB: |A(x!1), B(x!1)|
    4:Cuu: |C(x1~u?, x2~u?)|
    5:Cpu: |C(x1~p?, x2~u?)|
    6:Cpp: |C(x1~p?, x2~p?)|
    7:n_ab: 1000
    8:n_c: 10000
  Plot: 'AB' 'Cuu' 'Cpu' 'Cpp'
  Rules:
    0: 0: /*cc9*/ A/*1*/(x), 1: /*cc10*/ B/*2*/(x)
      -- B/*2*//*1*/.x = ⊥, A/*1*//*0*/.x = ⊥
      ++ B/*2*//*1*/.x = A/*1*//*0*/.x @'on_rate'
    1: 0: /*cc1*/ A/*1*/(x!1), B/*2*/(x!1) -- B/*2*//*0*/.x = A/*1*//*0*/.x
      ++ B/*2*//*0*/.x = ⊥, A/*1*//*0*/.x = ⊥ @'off_rate'
    2: 0: /*cc11*/ A/*1*/(x!1, c), B/*2*/(x!1), 1: /*cc13*/ C/*3*/(x1~u)
      -- C/*3*//*1*/.x1 = ⊥, A/*1*//*0*/.c = ⊥
      ++ C/*3*//*1*/.x1 = A/*1*//*0*/.c @'on_rate'
    3: 0: /*cc15*/ A/*1*/(c!1), C/*3*/(x1~u!1)
      -- A/*1*//*0*/.c = C/*3*//*0*/.x1, C/*3*//*0*/.x1~ =
      ++ A/*1*//*0*/.c = ⊥, C/*3*//*0*/.x1 = ⊥, C/*3*//*0*/.x1~p =
      @'mod_rate'
    4: 0: /*cc17*/ A/*1*/(x, c), 1: /*cc18*/ C/*3*/(x1~p, x2~u)
      -- C/*3*//*1*/.x2 = ⊥, A/*1*//*0*/.c = ⊥
      ++ C/*3*//*1*/.x2 = A/*1*//*0*/.c @'on_rate'
    5: 0: /*cc29*/ A/*1*/(x, c!1), C/*3*/(x1~p, x2~u!1)
      -- C/*3*//*0*/.x2 = A/*1*//*0*/.c, C/*3*//*0*/.x2~ =
      ++ C/*3*//*0*/.x2 = ⊥, C/*3*//*0*/.x2~p =, A/*1*//*0*/.c = ⊥
      @'mod_rate'
  Perturbations:
    /*0*/%mod: [true] do $TRACK C(x1~u?, x2~u?) [true]
    /*1*/%mod: [true] do $TRACK C(x1~p?, x2~u?) [true]
    /*2*/%mod: [true] do $TRACK C(x1~p?, x2~p?) [true]
    /*3*/%mod: [true] do $FLUX "flux_map.dot" [true]
    /*4*/%mod: ([E] = INF) do $FLUX "flux_map.dot" [false]
Domain:
  () -> /*cc0*/ 
    -> (-!B-2_x-!A-1_x->() 1[1 11] -!A-1_x-!B-2_x->() 1[1 11]
       -!C-3_x2~u->() 3[2 5 18 29] -!C-3_x1~u->() 4[2 13 15]
       -!C-3_x1~p->() 6[5 7 18 29] -!C-3_x2~p->() 8[7]
       -!A-1_x-⊥->() 9[9 17 29] -!B-2_x-⊥->() 10[10]
       -!A-1_c-⊥->() 12[11 17] -!C-3_x1-⊥->() 14[13 18 29]
       -!C-3_x1-!A-1_c->() 16[15] -!A-1_c-!C-3_x1->() 16[15]
       -!C-3_x2-⊥->() 21[18] -!C-3_x2-!A-1_c->() 33[29]
       -!A-1_c-!C-3_x2->() 33[29])
  (0 0) -> /*cc1*/ A/*1*/(x!1), B/*2*/(x!1)
    [algebraic variable [3] rate_of_rule [1]] -> (-1_c-⊥->() 11[11])
  (4 3) -> /*cc2*/ C/*3*/(x1~u?, x2~u?)
    [algebraic variable [4] perturbation [-1]] -> ()
  (0) -> /*cc3*/ C/*3*/(x2~u?)
    -> (-3_x1~u->() 2[2] -3_x1~p->() 5[5 18 29] -3_x2-⊥->() 22[18]
       -3_x1-⊥->() 23[18 29] -3_x2-!A-1_c->() 34[29])
  (0) -> /*cc4*/ C/*3*/(x1~u?)
    -> (-3_x2~u->() 2[2] -3_x1-⊥->() 13[13] -3_x1-!A-1_c->() 15[15])
  (6 3) -> /*cc5*/ C/*3*/(x1~p?, x2~u?)
    [algebraic variable [5] perturbation [-1]]
    -> (-3_x2-⊥->() 27[18] -3_x1-⊥->() 28[18 29] -3_x2-!A-1_c->() 37[29])
  (0) -> /*cc6*/ C/*3*/(x1~p?)
    -> (-3_x2~u->() 5[5 18 29] -3_x2~p->() 7[7] -3_x2-⊥->() 25[18]
       -3_x1-⊥->() 26[18 29] -3_x2-!A-1_c->() 36[29])
  (6 8) -> /*cc7*/ C/*3*/(x1~p?, x2~p?)
    [algebraic variable [6] perturbation [-1]] -> ()
  (0) -> /*cc8*/ C/*3*/(x2~p?) -> (-3_x1~p->() 7[7])
  (0) -> /*cc9*/ A/*1*/(x) [rate_of_rule [0]]
    -> (-1_c-⊥->() 17[17] -1_c-!C-3_x2->() 40[29])
  (0) -> /*cc10*/ B/*2*/(x) [rate_of_rule [0]] -> ()
  (12 1) -> /*cc11*/ A/*1*/(x!1, c), B/*2*/(x!1) [rate_of_rule [2]] -> ()
  (0) -> /*cc12*/ A/*1*/(c) -> (-1_x-!B-2_x->() 11[11] -1_x-⊥->() 17[17])
  (4 14) -> /*cc13*/ C/*3*/(x1~u) [rate_of_rule [2]] -> ()
  (0) -> /*cc14*/ C/*3*/(x1)
    -> (-3_x1~u->() 13[13] -3_x2-⊥->() 20[18] -3_x2~u->() 23[18 29]
       -3_x1~p->() 26[18 29] -3_x2-!A-1_c->() 32[29])
  (16 4) -> /*cc15*/ A/*1*/(c!1), C/*3*/(x1~u!1) [rate_of_rule [3]] -> ()
  (0 0) -> /*cc16*/ A/*1*/(c!1), C/*3*/(x1!1) -> (-3_x1~u->() 15[15])
  (9 12) -> /*cc17*/ A/*1*/(x, c) [rate_of_rule [4]] -> ()
  (28 27 24 19) -> /*cc18*/ C/*3*/(x1~p, x2~u) [rate_of_rule [4]] -> ()
  (23 22 20) -> /*cc19*/ C/*3*/(x1, x2~u) -> (-3_x1~p->() 18[18])
  (14 21) -> /*cc20*/ C/*3*/(x1, x2)
    -> (-3_x2~u->() 19[18] -3_x1~p->() 24[18])
  (0) -> /*cc21*/ C/*3*/(x2)
    -> (-3_x1-⊥->() 20[18] -3_x2~u->() 22[18] -3_x1~p->() 25[18])
  (3 21) -> /*cc22*/ C/*3*/(x2~u)
    -> (-3_x1-⊥->() 19[18] -3_x1~p->() 27[18])
  (3 14) -> /*cc23*/ C/*3*/(x1, x2~u?)
    -> (-3_x2-⊥->() 19[18] -3_x1~p->() 28[18 29] -3_x2-!A-1_c->() 31[29])
  (26 25 20) -> /*cc24*/ C/*3*/(x1~p, x2) -> (-3_x2~u->() 18[18])
  (6 21) -> /*cc25*/ C/*3*/(x1~p?, x2)
    -> (-3_x1-⊥->() 24[18] -3_x2~u->() 27[18])
  (6 14) -> /*cc26*/ C/*3*/(x1~p)
    -> (-3_x2-⊥->() 24[18] -3_x2~u->() 28[18 29] -3_x2-!A-1_c->() 35[29])
  (5 25 22) -> /*cc27*/ C/*3*/(x1~p?, x2~u) -> (-3_x1-⊥->() 18[18])
  (5 26 23) -> /*cc28*/ C/*3*/(x1~p, x2~u?)
    -> (-3_x2-⊥->() 18[18] -3_x2-!A-1_c->() 30[29])
  (44 42 38 30) -> /*cc29*/ A/*1*/(x, c!1), C/*3*/(x1~p, x2~u!1)
    [rate_of_rule [5]] -> ()
  (37 35 31 28) -> /*cc30*/ A/*1*/(c!1), C/*3*/(x1~p, x2~u!1)
    -> (-1_x-⊥->() 29[29])
  (34 32 23) -> /*cc31*/ A/*1*/(c!1), C/*3*/(x1, x2~u!1)
    -> (-3_x1~p->() 30[29] -1_x-⊥->() 38[29])
  (33 14) -> /*cc32*/ A/*1*/(c!1), C/*3*/(x1, x2!1)
    -> (-3_x2~u->() 31[29] -3_x1~p->() 35[29] -1_x-⊥->() 39[29])
  (0 0) -> /*cc33*/ A/*1*/(c!1), C/*3*/(x2!1)
    -> (-3_x1-⊥->() 32[29] -3_x2~u->() 34[29] -3_x1~p->() 36[29]
       -1_x-⊥->() 40[29])
  (33 3) -> /*cc34*/ A/*1*/(c!1), C/*3*/(x2~u!1)
    -> (-3_x1-⊥->() 31[29] -3_x1~p->() 37[29] -1_x-⊥->() 41[29])
  (36 32 26) -> /*cc35*/ A/*1*/(c!1), C/*3*/(x1~p, x2!1)
    -> (-3_x2~u->() 30[29] -1_x-⊥->() 42[29])
  (33 6) -> /*cc36*/ A/*1*/(c!1), C/*3*/(x1~p?, x2!1)
    -> (-3_x1-⊥->() 35[29] -3_x2~u->() 37[29] -1_x-⊥->() 43[29])
  (36 34 5) -> /*cc37*/ A/*1*/(c!1), C/*3*/(x1~p?, x2~u!1)
    -> (-3_x1-⊥->() 30[29] -1_x-⊥->() 44[29])
  (41 39 31) -> /*cc38*/ A/*1*/(x, c!1), C/*3*/(x1, x2~u!1)
    -> (-3_x1~p->() 29[29])
  (40 32) -> /*cc39*/ A/*1*/(x, c!1), C/*3*/(x1, x2!1)
    -> (-3_x2~u->() 38[29] -3_x1~p->() 42[29])
  (9 33) -> /*cc40*/ A/*1*/(x, c!1), C/*3*/(x2!1)
    -> (-3_x1-⊥->() 39[29] -3_x2~u->() 41[29] -3_x1~p->() 43[29])
  (40 34) -> /*cc41*/ A/*1*/(x, c!1), C/*3*/(x2~u!1)
    -> (-3_x1-⊥->() 38[29] -3_x1~p->() 44[29])
  (43 39 35) -> /*cc42*/ A/*1*/(x, c!1), C/*3*/(x1~p, x2!1)
    -> (-3_x2~u->() 29[29])
  (40 36) -> /*cc43*/ A/*1*/(x, c!1), C/*3*/(x1~p?, x2!1)
    -> (-3_x1-⊥->() 42[29] -3_x2~u->() 44[29])
  (43 41 37) -> /*cc44*/ A/*1*/(x, c!1), C/*3*/(x1~p?, x2~u!1)
    -> (-3_x1-⊥->() 29[29])
Intial graph;
  %init: 1000 A(x, c)
  %init: 1000 B(x)
  %init: 10000 C(x1~u, x2~u)
  
File "abc.ka", line 40, characters 12-18:
Warning: [Emax] constant is evaluated to infinity
