Parsing counters.ka...
done
+ simulation parameters
+ Sanity checks
+ Compiling...
+ Building initial simulation conditions...
	 -variable declarations
	 -rules
	 -perturbations
	 -observables
	 -update_domain construction
	 48 (sub)observables 478 navigation steps
	 -initial conditions
+ Building initial state (64 agents)
Done
+ Command line to rerun is: 'KaSim' '-l' '1' '-seed' '442310228' '-d' 'output' 'counters.ka' '-syntax' '4'
____________________________________________________________
#######
Counter c of agent A reached maximum

#####################################################
Simulation ended
