Parsing ode2.ka...
done
Scan rules!
Signature:
Signature:agents: 
Signature:agents:agent_type:0:A
Signature:agents:agent_type:1:B
Signature:agents:agent_type:2:C
Signature:sites: 
Signature:sites:agent_type:0:
Signature:sites:agent_type:0:site_type:0->x(internal state)
Signature:sites:agent_type:0:site_type:1->y(binding state)
Signature:sites:agent_type:1:
Signature:sites:agent_type:1:site_type:0->x(binding state)
Signature:sites:agent_type:1:site_type:1->y(binding state)
Signature:sites:agent_type:2:
Signature:sites:agent_type:2:site_type:0->x(binding state)
Signature:states: 
Signature:states:0:
Signature:states:0:0:
Signature:states:0:0:state_id:0->u
Signature:states:0:0:state_id:1->p
Signature:states:0:1:
Signature:states:0:1:state_id:0->free
Signature:states:0:1:state_id:1->agent_type:1@site_type:0
Signature:states:1:
Signature:states:1:0:
Signature:states:1:0:state_id:0->free
Signature:states:1:0:state_id:1->agent_type:0@site_type:1
Signature:states:1:1:
Signature:states:1:1:state_id:0->free
Signature:states:1:1:state_id:1->agent_type:2@site_type:0
Signature:states:2:
Signature:states:2:0:
Signature:states:2:0:state_id:0->free
Signature:states:2:0:state_id:1->agent_type:1@site_type:1
Signature:duals: 
Signature:duals:0:
Signature:duals:0:1:
Signature:duals:0:1:1:
Signature:duals:0:1:1:agent_type:1,site_type:0,state_id:1
Signature:duals:1:
Signature:duals:1:0:
Signature:duals:1:0:1:
Signature:duals:1:0:1:agent_type:0,site_type:1,state_id:1
Signature:duals:1:1:
Signature:duals:1:1:1:
Signature:duals:1:1:1:agent_type:2,site_type:0,state_id:1
Signature:duals:2:
Signature:duals:2:0:
Signature:duals:2:0:1:
Signature:duals:2:0:1:agent_type:1,site_type:1,state_id:1
Compiling...
Generating the raw contact map...
Compilation:
Compilation:rules:0:lhs:
Compilation:rules:0:lhs:agent_id_0:
Compilation:rules:0:lhs:agent_id_0:agent_type_0:site_type_0->state:[state_min:0;state_max:0]
Compilation:rules:0:lhs:agent_id_0:agent_type_0:site_type_1->state:[state_min:0;state_max:0]
Compilation:rules:0:lhs:agent_id_1:
Compilation:rules:0:lhs:agent_id_1:agent_type_1:site_type_0->state:[state_min:0;state_max:0]
Compilation:rules:0:rhs:
Compilation:rules:0:rhs:agent_id_0:
Compilation:rules:0:rhs:agent_id_0:agent_type_0:site_type_0->state:[state_min:1;state_max:1]
Compilation:rules:0:rhs:agent_id_0:agent_type_0:site_type_1->state:[state_min:1;state_max:1]
Compilation:rules:0:rhs:agent_id_1:
Compilation:rules:0:rhs:agent_id_1:agent_type_1:site_type_0->state:[state_min:1;state_max:1]
Compilation:rules:0:rhs:bonds:agent_id_0:
Compilation:rules:0:rhs:bonds:agent_id_0:site_type_1->agent_id_1.site_type_0
Compilation:rules:0:rhs:bonds:agent_id_1:
Compilation:rules:0:rhs:bonds:agent_id_1:site_type_0->agent_id_0.site_type_1
Compilation:rules:0:direct:
Compilation:rules:0:direct:agent_id_0:
Compilation:rules:0:direct:agent_id_0:agent_type_0:site_type_0->state:[state_min:1;state_max:1]
Compilation:rules:0:direct:agent_id_0:agent_type_0:site_type_1->state:[state_min:1;state_max:1]
Compilation:rules:0:direct:agent_id_1:
Compilation:rules:0:direct:agent_id_1:agent_type_1:site_type_0->state:[state_min:1;state_max:1]
Compilation:rules:0:reverse:
Compilation:rules:0:reverse:agent_id_0:
Compilation:rules:0:reverse:agent_id_0:agent_type_0:site_type_0->state:[state_min:0;state_max:0]
Compilation:rules:0:reverse:agent_id_0:agent_type_0:site_type_1->state:[state_min:0;state_max:0]
Compilation:rules:0:reverse:agent_id_1:
Compilation:rules:0:reverse:agent_id_1:agent_type_1:site_type_0->state:[state_min:0;state_max:0]
Compilation:rules:0:actions:binding:(agent_id_0,agent_type_0)@site_type_1----(agent_id_1,agent_type_1)@site_type_0

Compilation:rules:1:lhs:
Compilation:rules:1:lhs:agent_id_0:
Compilation:rules:1:lhs:agent_id_0:agent_type_1:site_type_1->state:[state_min:0;state_max:0]
Compilation:rules:1:lhs:agent_id_1:
Compilation:rules:1:lhs:agent_id_1:agent_type_2:site_type_0->state:[state_min:0;state_max:0]
Compilation:rules:1:rhs:
Compilation:rules:1:rhs:agent_id_0:
Compilation:rules:1:rhs:agent_id_0:agent_type_1:site_type_1->state:[state_min:1;state_max:1]
Compilation:rules:1:rhs:agent_id_1:
Compilation:rules:1:rhs:agent_id_1:agent_type_2:site_type_0->state:[state_min:1;state_max:1]
Compilation:rules:1:rhs:bonds:agent_id_0:
Compilation:rules:1:rhs:bonds:agent_id_0:site_type_1->agent_id_1.site_type_0
Compilation:rules:1:rhs:bonds:agent_id_1:
Compilation:rules:1:rhs:bonds:agent_id_1:site_type_0->agent_id_0.site_type_1
Compilation:rules:1:direct:
Compilation:rules:1:direct:agent_id_0:
Compilation:rules:1:direct:agent_id_0:agent_type_1:site_type_1->state:[state_min:1;state_max:1]
Compilation:rules:1:direct:agent_id_1:
Compilation:rules:1:direct:agent_id_1:agent_type_2:site_type_0->state:[state_min:1;state_max:1]
Compilation:rules:1:reverse:
Compilation:rules:1:reverse:agent_id_0:
Compilation:rules:1:reverse:agent_id_0:agent_type_1:site_type_1->state:[state_min:0;state_max:0]
Compilation:rules:1:reverse:agent_id_1:
Compilation:rules:1:reverse:agent_id_1:agent_type_2:site_type_0->state:[state_min:0;state_max:0]
Compilation:rules:1:actions:binding:(agent_id_0,agent_type_1)@site_type_1----(agent_id_1,agent_type_2)@site_type_0
Generating the raw influence map...
Quarks:Quarkify
Quarks:Rule 0
Quarks:TEST
Quarks:rule_id:0,agent_type:0
Quarks:rule_id:0,agent_type:0,site_type:0,state:0
Quarks:rule_id:0,agent_type:0,site_type:1,state:0
Quarks:rule_id:0,agent_type:1
Quarks:rule_id:0,agent_type:1,site_type:0,state:0
Quarks:CREATION
Quarks:REMOVAL
Quarks:MODIFICATION+
Quarks:rule_id:0,agent_type:0,site_type:0,state:1
Quarks:rule_id:0,agent_type:0,site_type:1,state:1
Quarks:rule_id:0,agent_type:1,site_type:0,state:1
Quarks:MODIFICATION-
Quarks:rule_id:0,agent_type:0,site_type:0,state:0
Quarks:rule_id:0,agent_type:0,site_type:1,state:0
Quarks:rule_id:0,agent_type:1,site_type:0,state:0
Quarks:Rule 1
Quarks:TEST
Quarks:rule_id:1,agent_type:1
Quarks:rule_id:1,agent_type:1,site_type:1,state:0
Quarks:rule_id:1,agent_type:2
Quarks:rule_id:1,agent_type:2,site_type:0,state:0
Quarks:CREATION
Quarks:REMOVAL
Quarks:MODIFICATION+
Quarks:rule_id:1,agent_type:1,site_type:1,state:1
Quarks:rule_id:1,agent_type:2,site_type:0,state:1
Quarks:MODIFICATION-
Quarks:rule_id:1,agent_type:1,site_type:1,state:0
Quarks:rule_id:1,agent_type:2,site_type:0,state:0

REMARKS: The notation [i] is a position of an agent in a rule/var. If a position is a negative number [-i], then it refers an agent that is connected to the agent at position (i-1) that is modified by side effects.
Quarks:agent_test**:agent_type:0,rule:0->[0]
Quarks:agent_test**:agent_type:1,rule:0->[1]
Quarks:agent_test**:agent_type:1,rule:1->[0]
Quarks:agent_test**:agent_type:2,rule:1->[1]
Quarks:site_test**:agent_type:0,site_type:0,state:0,rule:0->[0]
Quarks:site_test**:agent_type:0,site_type:1,state:0,rule:0->[0]
Quarks:site_test**:agent_type:1,site_type:0,state:0,rule:0->[1]
Quarks:site_test**:agent_type:1,site_type:1,state:0,rule:1->[0]
Quarks:site_test**:agent_type:2,site_type:0,state:0,rule:1->[1]
Quarks:site_modif+:agent_type:0,site_type:0,state:1,rule:0->[0]
Quarks:site_modif+:agent_type:0,site_type:1,state:1,rule:0->[0]
Quarks:site_modif+:agent_type:1,site_type:0,state:1,rule:0->[1]
Quarks:site_modif+:agent_type:1,site_type:1,state:1,rule:1->[0]
Quarks:site_modif+:agent_type:2,site_type:0,state:1,rule:1->[1]
Quarks:site_modif-:agent_type:0,site_type:0,state:0,rule:0->[0]
Quarks:site_modif-:agent_type:0,site_type:1,state:0,rule:0->[0]
Quarks:site_modif-:agent_type:1,site_type:0,state:0,rule:0->[1]
Quarks:site_modif-:agent_type:1,site_type:1,state:0,rule:1->[0]
Quarks:site_modif-:agent_type:2,site_type:0,state:0,rule:1->[1]
Influence_map: The notation [i -> j] means an agent at position [i] of the first rule/var has an influence to an agent at position [j] of the second rule/var.
Refining the influence map...
Reachability analysis...

agent_type:0:
Potential dependencies between sites:Number of covering classes:1
Potential dependencies between sites:Covering_class_id:0:
site_type:0
site_type:1
Potential dependencies between sites:New-index:Covering_class_id:0:class_id:0:
site_type:1
site_type:2
agent_type:1:
Potential dependencies between sites:Number of covering classes:2
Potential dependencies between sites:Covering_class_id:0:
site_type:1
Potential dependencies between sites:New-index:Covering_class_id:0:class_id:0:
site_type:1
Potential dependencies between sites:Covering_class_id:1:
site_type:0
Potential dependencies between sites:New-index:Covering_class_id:1:class_id:0:
site_type:1
agent_type:2:
Potential dependencies between sites:Number of covering classes:1
Potential dependencies between sites:Covering_class_id:0:
site_type:0
Potential dependencies between sites:New-index:Covering_class_id:0:class_id:0:
site_type:1
------------------------------------------------------
Covering classes with type set:
agent_type:0:
Potential dependencies between sites:Covering_class_id:0
site_type:0
site_type:1
Mapping between global identifier of sites (per agent) and local identifier of sites (per covering classes):
Covering_class_id:0
Global:site_type:0  => Local:site_type':1
Global:site_type:1  => Local:site_type':2
Local:site_type':1  => Global:site_type:0
Local:site_type':2  => Global:site_type:1
agent_type:1:
Potential dependencies between sites:Covering_class_id:1
site_type:0
Potential dependencies between sites:Covering_class_id:0
site_type:1
Mapping between global identifier of sites (per agent) and local identifier of sites (per covering classes):
Covering_class_id:1
Global:site_type:0  => Local:site_type':1
Local:site_type':1  => Global:site_type:0
Mapping between global identifier of sites (per agent) and local identifier of sites (per covering classes):
Covering_class_id:0
Global:site_type:1  => Local:site_type':1
Local:site_type':1  => Global:site_type:1
agent_type:2:
Potential dependencies between sites:Covering_class_id:0
site_type:0
Mapping between global identifier of sites (per agent) and local identifier of sites (per covering classes):
Covering_class_id:0
Global:site_type:0  => Local:site_type':1
Local:site_type':1  => Global:site_type:0
============================================================
* BDU Analysis:
============================================================

** Static information:

------------------------------------------------------------
Mapping between sites and the covering classes they belong to:
------------------------------------------------------------
agent_type:0:site_type:0@list of covering_class_id:
covering_class_id:0
agent_type:0:site_type:1@list of covering_class_id:
covering_class_id:0
agent_type:1:site_type:0@list of covering_class_id:
covering_class_id:1
agent_type:1:site_type:1@list of covering_class_id:
covering_class_id:0
agent_type:2:site_type:0@list of covering_class_id:
covering_class_id:0
------------------------------------------------------------
Sites that may/must occurs side-effects:
------------------------------------------------------------
------------------------------------------------------------
Set of rules that may modify a given site (excluding created agents):
------------------------------------------------------------
agent_id:0:agent_type:0:site_type:0@set of rule_id:
rule_id:0
agent_id:0:agent_type:0:site_type:1@set of rule_id:
rule_id:0
agent_id:0:agent_type:1:site_type:1@set of rule_id:
rule_id:1
agent_id:1:agent_type:1:site_type:0@set of rule_id:
rule_id:0
agent_id:1:agent_type:2:site_type:0@set of rule_id:
rule_id:1
------------------------------------------------------------
Set of rules that may test a given site:
------------------------------------------------------------
agent_id:0:agent_type:0:site_type:0@set of rule_id:
rule_id:0
agent_id:0:agent_type:0:site_type:1@set of rule_id:
rule_id:0
agent_id:0:agent_type:1:site_type:1@set of rule_id:
rule_id:1
agent_id:1:agent_type:1:site_type:0@set of rule_id:
rule_id:0
agent_id:1:agent_type:2:site_type:0@set of rule_id:
rule_id:1
------------------------------------------------------------
Set of rules that may test and modify a given site (excluding created agents):
------------------------------------------------------------
agent_id:0:agent_type:0:site_type:0@set of rule_id:
rule_id:0
agent_id:0:agent_type:0:site_type:1@set of rule_id:
rule_id:0
agent_id:0:agent_type:1:site_type:1@set of rule_id:
rule_id:1
agent_id:1:agent_type:1:site_type:0@set of rule_id:
rule_id:0
agent_id:1:agent_type:2:site_type:0@set of rule_id:
rule_id:1
------------------------------------------------------------
Set of rules that may modify a given site (excluding created agents, without agent_id):
------------------------------------------------------------
agent_type:0:site_type:0@set of rule_id:
rule_id:0
agent_type:0:site_type:1@set of rule_id:
rule_id:0
agent_type:1:site_type:0@set of rule_id:
rule_id:0
agent_type:1:site_type:1@set of rule_id:
rule_id:1
agent_type:2:site_type:0@set of rule_id:
rule_id:1
------------------------------------------------------------
Set of rules that may test a given site (without agent_id):
------------------------------------------------------------
agent_type:0:site_type:0@set of rule_id:
rule_id:0
agent_type:0:site_type:1@set of rule_id:
rule_id:0
agent_type:1:site_type:0@set of rule_id:
rule_id:0
agent_type:1:site_type:1@set of rule_id:
rule_id:1
agent_type:2:site_type:0@set of rule_id:
rule_id:1
------------------------------------------------------------
Set of rules that may test and modify a given site (excluding created agents, without agent_id):
------------------------------------------------------------
agent_type:0:site_type:0@set of rule_id:
rule_id:0
agent_type:0:site_type:1@set of rule_id:
rule_id:0
agent_type:1:site_type:0@set of rule_id:
rule_id:0
agent_type:1:site_type:1@set of rule_id:
rule_id:1
agent_type:2:site_type:0@set of rule_id:
rule_id:1

** Dynamic information:

------------------------------------------------------------
(Syntactic) Contact map (only considering rhs) and initital state:
------------------------------------------------------------
Sites are annotated with the id of binding type:
agent_type:0@site_type:1:state:1--agent_type':1@site_type':0:state':1
agent_type:1@site_type:0:state:1--agent_type':0@site_type':1:state':1
agent_type:1@site_type:1:state:1--agent_type':2@site_type':0:state':1
agent_type:2@site_type:0:state:1--agent_type':1@site_type':1:state':1

------------------------------------------------------------
List of rules to awake when the state of a site is modified and tested:
------------------------------------------------------------
agent_type:0:covering_class_id:0:@set of rule_id:
rule_id:0
agent_type:1:covering_class_id:0:@set of rule_id:
rule_id:1
agent_type:1:covering_class_id:1:@set of rule_id:
rule_id:0
agent_type:2:covering_class_id:0:@set of rule_id:
rule_id:1

------------------------------------------------------------
* Rules in the working list:
------------------------------------------------------------

------------------------------------------------------------
* Covering classes with new indexes:
------------------------------------------------------------
- Working list creation:


------------------------------------------------------------
- Bdu for the valuations of the views that are tested (per rule, agent and covering class):

agent_id:0:agent_type:0:rule_id:0:covering_class_id:0
Id=7
 Node(site_type:1<0)
  Id=1
   Leaf False 

  Id=6
   Node(site_type:1<1)
    Id=5
     Node(site_type:2<0)
      Id=1
       Leaf False 

      Id=4
       Node(site_type:2<1)
        Id=0
         Leaf True 

        Id=1
         Leaf False 

    Id=1
     Leaf False 

agent_id:0:agent_type:1:rule_id:1:covering_class_id:0
Id=5
 Node(site_type:2<0)
  Id=1
   Leaf False 

  Id=4
   Node(site_type:2<1)
    Id=0
     Leaf True 

    Id=1
     Leaf False 

agent_id:1:agent_type:1:rule_id:0:covering_class_id:0
Id=3
 Node(site_type:1<0)
  Id=1
   Leaf False 

  Id=2
   Node(site_type:1<1)
    Id=0
     Leaf True 

    Id=1
     Leaf False 

agent_id:1:agent_type:2:rule_id:1:covering_class_id:0
Id=3
 Node(site_type:1<0)
  Id=1
   Leaf False 

  Id=2
   Node(site_type:1<1)
    Id=0
     Leaf True 

    Id=1
     Leaf False 


------------------------------------------------------------
- Bdu for the valuations of the views that are tested (projection per rule):

rule_id:0
agent_id:0
Id=7
 Node(site_type:1<0)
  Id=1
   Leaf False 

  Id=6
   Node(site_type:1<1)
    Id=5
     Node(site_type:2<0)
      Id=1
       Leaf False 

      Id=4
       Node(site_type:2<1)
        Id=0
         Leaf True 

        Id=1
         Leaf False 

    Id=1
     Leaf False 

agent_id:1
Id=3
 Node(site_type:1<0)
  Id=1
   Leaf False 

  Id=2
   Node(site_type:1<1)
    Id=0
     Leaf True 

    Id=1
     Leaf False 

rule_id:1
agent_id:0
Id=5
 Node(site_type:2<0)
  Id=1
   Leaf False 

  Id=4
   Node(site_type:2<1)
    Id=0
     Leaf True 

    Id=1
     Leaf False 

agent_id:1
Id=3
 Node(site_type:1<0)
  Id=1
   Leaf False 

  Id=2
   Node(site_type:1<1)
    Id=0
     Leaf True 

    Id=1
     Leaf False 


------------------------------------------------------------
- Bdu for the valuations of the views that are created (per rule, agent and covering class):


------------------------------------------------------------
- Bdu for the valuations of the views that are created (per rule_id; projection function):


------------------------------------------------------------
- Bdu for the valuations of the views that are created in the initial state (per rule, agent and covering class):


------------------------------------------------------------
- List for update of the views due to modification (per rule, agent and covering class):
agent_id:0:agent_type:0:rule_id:0:covering_class_id:0
site_type:2:state:1
site_type:1:state:1
agent_id:0:agent_type:1:rule_id:1:covering_class_id:0
site_type:2:state:1
agent_id:1:agent_type:1:rule_id:0:covering_class_id:0
site_type:1:state:1
agent_id:1:agent_type:2:rule_id:1:covering_class_id:0
site_type:1:state:1

------------------------------------------------------------
- List for update of the views due to modification (projection per rule):
rule_id:0
agent_id:0:
site_type:2:state:1
site_type:1:state:1
agent_id:1:
site_type:1:state:1
rule_id:1
agent_id:0:
site_type:2:state:1
agent_id:1:
site_type:1:state:1

------------------------------------------------------------
* Fixpoint iteration :
------------------------------------------------------------
** New update function when discovered sites that are bond on the rhs for the first time:
agent_type:0:covering_class_id:0:@set of rule_id:
rule_id:0
agent_type:1:covering_class_id:0:@set of rule_id:
rule_id:1
agent_type:1:covering_class_id:1:@set of rule_id:
rule_id:0
agent_type:2:covering_class_id:0:@set of rule_id:
rule_id:1
** Discovered sites that are bond on the rhs for the first time:
true
rule_id:0{agent_id:0; agent_type:0; site_type:1} -- {agent_id:1; agent_type:1; site_type:0} 
rule_id:1{agent_id:0; agent_type:1; site_type:1} -- {agent_id:1; agent_type:2; site_type:0} 
** Fixpoint iteration function:
execution finished without any exception
